Archive member included to satisfy reference by file (symbol)

.\CortexM3\ARM_GCC_541\Debug\CamaraClimatica.a(CyDmac.o)
                              .\CortexM3\ARM_GCC_541\Debug\Cm3Start.o (CyDmacConfigure)
.\CortexM3\ARM_GCC_541\Debug\CamaraClimatica.a(CyLib.o)
                              .\CortexM3\ARM_GCC_541\Debug\Cm3Start.o (CyHalt)
.\CortexM3\ARM_GCC_541\Debug\CamaraClimatica.a(cyPm.o)
                              .\CortexM3\ARM_GCC_541\Debug\CamaraClimatica.a(CyLib.o) (CyPmReadStatus)
.\CortexM3\ARM_GCC_541\Debug\CamaraClimatica.a(ADC.o)
                              .\CortexM3\ARM_GCC_541\Debug\main.o (ADC_Start)
.\CortexM3\ARM_GCC_541\Debug\CamaraClimatica.a(ADC_INT.o)
                              .\CortexM3\ARM_GCC_541\Debug\CamaraClimatica.a(ADC.o) (ADC_ISR1)
.\CortexM3\ARM_GCC_541\Debug\CamaraClimatica.a(ADC_Ext_CP_Clk.o)
                              .\CortexM3\ARM_GCC_541\Debug\CamaraClimatica.a(ADC.o) (ADC_Ext_CP_Clk_SetModeRegister)
.\CortexM3\ARM_GCC_541\Debug\CamaraClimatica.a(ADC_theACLK.o)
                              .\CortexM3\ARM_GCC_541\Debug\CamaraClimatica.a(ADC.o) (ADC_theACLK_SetModeRegister)
.\CortexM3\ARM_GCC_541\Debug\CamaraClimatica.a(Reloj.o)
                              .\CortexM3\ARM_GCC_541\Debug\main.o (Reloj_StartEx)
.\CortexM3\ARM_GCC_541\Debug\CamaraClimatica.a(USBUART.o)
                              .\CortexM3\ARM_GCC_541\Debug\main.o (USBUART_Start)
.\CortexM3\ARM_GCC_541\Debug\CamaraClimatica.a(USBUART_cdc.o)
                              .\CortexM3\ARM_GCC_541\Debug\funciones.o (USBUART_CDC_Init)
.\CortexM3\ARM_GCC_541\Debug\CamaraClimatica.a(USBUART_drv.o)
                              .\CortexM3\ARM_GCC_541\Debug\CamaraClimatica.a(USBUART.o) (USBUART_lastPacketSize)
.\CortexM3\ARM_GCC_541\Debug\CamaraClimatica.a(USBUART_episr.o)
                              .\CortexM3\ARM_GCC_541\Debug\CamaraClimatica.a(USBUART.o) (USBUART_EP_1_ISR)
.\CortexM3\ARM_GCC_541\Debug\CamaraClimatica.a(USBUART_pm.o)
                              .\CortexM3\ARM_GCC_541\Debug\CamaraClimatica.a(USBUART.o) (USBUART_DP_ISR)
.\CortexM3\ARM_GCC_541\Debug\CamaraClimatica.a(USBUART_std.o)
                              .\CortexM3\ARM_GCC_541\Debug\CamaraClimatica.a(USBUART_pm.o) (USBUART_ConfigReg)
.\CortexM3\ARM_GCC_541\Debug\CamaraClimatica.a(USBUART_vnd.o)
                              .\CortexM3\ARM_GCC_541\Debug\CamaraClimatica.a(USBUART_drv.o) (USBUART_HandleVendorRqst)
.\CortexM3\ARM_GCC_541\Debug\CamaraClimatica.a(USBUART_Dp.o)
                              .\CortexM3\ARM_GCC_541\Debug\CamaraClimatica.a(USBUART.o) (USBUART_Dp_ClearInterrupt)
.\CortexM3\ARM_GCC_541\Debug\CamaraClimatica.a(PWM.o)
                              .\CortexM3\ARM_GCC_541\Debug\main.o (PWM_WriteCompare1)
.\CortexM3\ARM_GCC_541\Debug\CamaraClimatica.a(UART_1.o)
                              .\CortexM3\ARM_GCC_541\Debug\main.o (UART_1_Start)
.\CortexM3\ARM_GCC_541\Debug\CamaraClimatica.a(UART_1_IntClock.o)
                              .\CortexM3\ARM_GCC_541\Debug\CamaraClimatica.a(UART_1.o) (UART_1_IntClock_Start)
.\CortexM3\ARM_GCC_541\Debug\CamaraClimatica.a(Timer.o)
                              .\CortexM3\ARM_GCC_541\Debug\main.o (Timer_Start)
.\CortexM3\ARM_GCC_541\Debug\CamaraClimatica.a(ADCMux.o)
                              .\CortexM3\ARM_GCC_541\Debug\main.o (ADCMux_Start)
.\CortexM3\ARM_GCC_541\Debug\CamaraClimatica.a(UART_2.o)
                              .\CortexM3\ARM_GCC_541\Debug\main.o (UART_2_Start)
.\CortexM3\ARM_GCC_541\Debug\CamaraClimatica.a(RX2.o)
                              .\CortexM3\ARM_GCC_541\Debug\main.o (RX2_StartEx)
.\CortexM3\ARM_GCC_541\Debug\CamaraClimatica.a(UART_2_IntClock.o)
                              .\CortexM3\ARM_GCC_541\Debug\CamaraClimatica.a(UART_2.o) (UART_2_IntClock_Start)
.\CortexM3\ARM_GCC_541\Debug\CamaraClimatica.a(EEPROM.o)
                              .\CortexM3\ARM_GCC_541\Debug\main.o (EEPROM_Start)
.\CortexM3\ARM_GCC_541\Debug\CamaraClimatica.a(RX1.o)
                              .\CortexM3\ARM_GCC_541\Debug\main.o (RX1_StartEx)
.\CortexM3\ARM_GCC_541\Debug\CamaraClimatica.a(DOOR.o)
                              .\CortexM3\ARM_GCC_541\Debug\main.o (DOOR_Read)
.\CortexM3\ARM_GCC_541\Debug\CamaraClimatica.a(LCD1.o)
                              .\CortexM3\ARM_GCC_541\Debug\main.o (LCD1_Write)
.\CortexM3\ARM_GCC_541\Debug\CamaraClimatica.a(LCD2.o)
                              .\CortexM3\ARM_GCC_541\Debug\main.o (LCD2_Write)
.\CortexM3\ARM_GCC_541\Debug\CamaraClimatica.a(ADC_SAR.o)
                              .\CortexM3\ARM_GCC_541\Debug\main.o (ADC_SAR_Start)
.\CortexM3\ARM_GCC_541\Debug\CamaraClimatica.a(ADC_SAR_INT.o)
                              .\CortexM3\ARM_GCC_541\Debug\CamaraClimatica.a(ADC_SAR.o) (ADC_SAR_ISR)
.\CortexM3\ARM_GCC_541\Debug\CamaraClimatica.a(ADC_SAR_IRQ.o)
                              .\CortexM3\ARM_GCC_541\Debug\CamaraClimatica.a(ADC_SAR.o) (ADC_SAR_IRQ_SetVector)
.\CortexM3\ARM_GCC_541\Debug\CamaraClimatica.a(I2C.o)
[...]
Memory Configuration

Name             Origin             Length             Attributes
rom              0x00000000         0x00040000         xr
ram              0x1fff8000         0x00010000         xrw
*default*        0x00000000         0xffffffff

Linker script and memory map

LOAD c:/program files (x86)/cypress/psoc creator/4.4/psoc creator/import/gnu/arm/5.4.1/bin/../lib/gcc/arm-none-eabi/5.4.1/armv7-m/crti.o
LOAD c:/program files (x86)/cypress/psoc creator/4.4/psoc creator/import/gnu/arm/5.4.1/bin/../lib/gcc/arm-none-eabi/5.4.1/armv7-m/crtbegin.o
LOAD c:/program files (x86)/cypress/psoc creator/4.4/psoc creator/import/gnu/arm/5.4.1/bin/../lib/gcc/arm-none-eabi/5.4.1/../../../../arm-none-eabi/lib/armv7-m/crt0.o
START GROUP
LOAD .\CortexM3\ARM_GCC_541\Debug\main.o
LOAD .\CortexM3\ARM_GCC_541\Debug\getResistance.o
LOAD .\CortexM3\ARM_GCC_541\Debug\removeOffsetNoise.o
LOAD .\CortexM3\ARM_GCC_541\Debug\DS1302.o
LOAD .\CortexM3\ARM_GCC_541\Debug\BMP180.o
LOAD .\CortexM3\ARM_GCC_541\Debug\MyServer.o
LOAD .\CortexM3\ARM_GCC_541\Debug\funciones.o
LOAD .\CortexM3\ARM_GCC_541\Debug\24512.o
LOAD .\CortexM3\ARM_GCC_541\Debug\cyfitter_cfg.o
LOAD .\CortexM3\ARM_GCC_541\Debug\cymetadata.o
LOAD .\CortexM3\ARM_GCC_541\Debug\Cm3Start.o
LOAD .\CortexM3\ARM_GCC_541\Debug\CamaraClimatica.a
LOAD C:\Program Files (x86)\Cypress\PSoC Creator\4.4\PSoC Creator\psoc\content\cycomponentlibrary\CyComponentLibrary.cylib\CortexM3\ARM_GCC_541\Debug\CyComponentLibrary.a
LOAD c:/program files (x86)/cypress/psoc creator/4.4/psoc creator/import/gnu/arm/5.4.1/bin/../lib/gcc/arm-none-eabi/5.4.1/../../../../arm-none-eabi/lib/armv7-m\libm.a
END GROUP
START GROUP
LOAD c:/program files (x86)/cypress/psoc creator/4.4/psoc creator/import/gnu/arm/5.4.1/bin/../lib/gcc/arm-none-eabi/5.4.1/armv7-m\libgcc.a
LOAD c:/program files (x86)/cypress/psoc creator/4.4/psoc creator/import/gnu/arm/5.4.1/bin/../lib/gcc/arm-none-eabi/5.4.1/../../../../arm-none-eabi/lib/armv7-m\libg_nano.a
LOAD c:/program files (x86)/cypress/psoc creator/4.4/psoc creator/import/gnu/arm/5.4.1/bin/../lib/gcc/arm-none-eabi/5.4.1/../../../../arm-none-eabi/lib/armv7-m\libc_nano.a
END GROUP
START GROUP
LOAD c:/program files (x86)/cypress/psoc creator/4.4/psoc creator/import/gnu/arm/5.4.1/bin/../lib/gcc/arm-none-eabi/5.4.1/armv7-m\libgcc.a
LOAD c:/program files (x86)/cypress/psoc creator/4.4/psoc creator/import/gnu/arm/5.4.1/bin/../lib/gcc/arm-none-eabi/5.4.1/../../../../arm-none-eabi/lib/armv7-m\libc_nano.a
END GROUP
LOAD c:/program files (x86)/cypress/psoc creator/4.4/psoc creator/import/gnu/arm/5.4.1/bin/../lib/gcc/arm-none-eabi/5.4.1/armv7-m/crtend.o
LOAD c:/program files (x86)/cypress/psoc creator/4.4/psoc creator/import/gnu/arm/5.4.1/bin/../lib/gcc/arm-none-eabi/5.4.1/armv7-m/crtn.o
START GROUP
LOAD c:/program files (x86)/cypress/psoc creator/4.4/psoc creator/import/gnu/arm/5.4.1/bin/../lib/gcc/arm-none-eabi/5.4.1/armv7-m\libgcc.a
LOAD c:/program files (x86)/cypress/psoc creator/4.4/psoc creator/import/gnu/arm/5.4.1/bin/../lib/gcc/arm-none-eabi/5.4.1/../../../../arm-none-eabi/lib/armv7-m\libc.a
LOAD c:/program files (x86)/cypress/psoc creator/4.4/psoc creator/import/gnu/arm/5.4.1/bin/../lib/gcc/arm-none-eabi/5.4.1/../../../../arm-none-eabi/lib/armv7-m\libnosys.a
END GROUP
                0x00000000                CY_APPL_ORIGIN = 0x0
                0x00000100                CY_FLASH_ROW_SIZE = 0x100
                0x00000020                CY_ECC_ROW_SIZE = 0x20
                0x00000000                CY_EE_IN_BTLDR = 0x0
                0x00000000                CY_APPL_LOADABLE = 0x0
                0x00000800                CY_EE_SIZE = 0x800
                0x00000001                CY_APPL_NUM = 0x1
                0x00000001                CY_APPL_MAX = 0x1
                0x00000040                CY_METADATA_SIZE = 0x40
                0x00000000                CY_APPL_LOADABLE = 0x0
                0x00000000                CY_CHECKSUM_EXCLUDE_SIZE = ALIGN (0x0, CY_FLASH_ROW_SIZE)
                [!provide]                PROVIDE (__cy_heap_start, _end)
                0x00000001                PROVIDE (__cy_region_num, ((__cy_regions_end - __cy_regions) / 0x10))
                0x20008000                PROVIDE (__cy_stack, (ORIGIN (ram) + LENGTH (ram)))
                [!provide]                PROVIDE (__cy_heap_end, (__cy_stack - 0x800))

.cybootloader   0x00000000        0x0
 *(.cybootloader)
                0x00000000                appl1_start = CY_APPL_ORIGIN?CY_APPL_ORIGIN:ALIGN (CY_FLASH_ROW_SIZE)
                0x0001ff00                appl2_start = (appl1_start + ALIGN ((((LENGTH (rom) - appl1_start) - (0x2 * CY_FLASH_ROW_SIZE)) / 0x2), CY_FLASH_ROW_SIZE))
                0x00000000                appl_start = (CY_APPL_NUM == 0x1)?appl1_start:appl2_start
                0x00000000                ecc_offset = ((appl_start / CY_FLASH_ROW_SIZE) * CY_ECC_ROW_SIZE)
                0x00000000                ee_offset = (CY_APPL_LOADABLE && ! (CY_EE_IN_BTLDR))?((CY_EE_SIZE / CY_APPL_MAX) * (CY_APPL_NUM - 0x1)):0x0
                0x00000800                ee_size = (CY_APPL_LOADABLE && ! (CY_EE_IN_BTLDR))?(CY_EE_SIZE / CY_APPL_MAX):CY_EE_SIZE
                [!provide]                PROVIDE (CY_ECC_OFFSET, ecc_offset)

.text           0x00000000    0x12a0e
 CREATE_OBJECT_SYMBOLS
                0x00000000                PROVIDE (__cy_interrupt_vector, RomVectors)
 *(.romvectors)
 .romvectors    0x00000000       0x10 .\CortexM3\ARM_GCC_541\Debug\Cm3Start.o
                0x00000000                RomVectors
                0x00000001                ASSERT ((. != __cy_interrupt_vector), No interrupt vector)
                0x00000001                ASSERT (CY_APPL_ORIGIN?(SIZEOF (.cybootloader) <= CY_APPL_ORIGIN):0x1, Wrong image location)
                0x00000010                PROVIDE (__cy_reset, Reset)
 *(.text.Reset)
 .text.Reset    0x00000010       0x18 .\CortexM3\ARM_GCC_541\Debug\Cm3Start.o
                0x00000010                Reset
                0x00000001                ASSERT ((. != __cy_reset), No reset code)
 *(.dma_init)
                0x00000001                ASSERT ((((appl_start + .) <= 0x10000) || 0x1), DMA Init must be within the first 64k of flash)
 *(.text .text.* .gnu.linkonce.t.*)
 .text          0x00000028       0x5c c:/program files (x86)/cypress/psoc creator/4.4/psoc creator/import/gnu/arm/5.4.1/bin/../lib/gcc/arm-none-eabi/5.4.1/armv7-m/crtbegin.o
 .text.Reloj2   0x00000084      0x1b0 .\CortexM3\ARM_GCC_541\Debug\main.o
                0x00000084                Reloj2
 .text.inteRX   0x00000234       0x94 .\CortexM3\ARM_GCC_541\Debug\main.o
                0x00000234                inteRX
 .text.inteRX2  0x000002c8       0x94 .\CortexM3\ARM_GCC_541\Debug\main.o
                0x000002c8                inteRX2
 *fill*         0x0000035c        0x4 
 .text.main     0x00000360     0x58ac .\CortexM3\ARM_GCC_541\Debug\main.o
                0x00000360                main
 .text.MeasureRefResVoltage
                0x00005c0c       0x34 .\CortexM3\ARM_GCC_541\Debug\getResistance.o
                0x00005c0c                MeasureRefResVoltage
 .text.GetRTDRes
                0x00005c40       0x80 .\CortexM3\ARM_GCC_541\Debug\getResistance.o
                0x00005c40                GetRTDRes
 .text.FilterSignal
                0x00005cc0       0x3c .\CortexM3\ARM_GCC_541\Debug\removeOffsetNoise.o
                0x00005cc0                FilterSignal
 .text.GetOffset
                0x00005cfc       0x18 .\CortexM3\ARM_GCC_541\Debug\removeOffsetNoise.o
                0x00005cfc                GetOffset
 .text._DS1302_start
                0x00005d14       0x1c .\CortexM3\ARM_GCC_541\Debug\DS1302.o
                0x00005d14                _DS1302_start
 .text._DS1302_stop
                0x00005d30       0x10 .\CortexM3\ARM_GCC_541\Debug\DS1302.o
                0x00005d30                _DS1302_stop
 .text._DS1302_togglewrite
                0x00005d40       0x44 .\CortexM3\ARM_GCC_541\Debug\DS1302.o
                0x00005d40                _DS1302_togglewrite
 .text._DS1302_toggleread
                0x00005d84       0x44 .\CortexM3\ARM_GCC_541\Debug\DS1302.o
                0x00005d84                _DS1302_toggleread
 .text.DS1302_clock_burst_write
                0x00005dc8       0x2c .\CortexM3\ARM_GCC_541\Debug\DS1302.o
                0x00005dc8                DS1302_clock_burst_write
 .text.DS1302_write
                0x00005df4       0x24 .\CortexM3\ARM_GCC_541\Debug\DS1302.o
                0x00005df4                DS1302_write
 .text.DS1302_clock_burst_read
                0x00005e18       0x2c .\CortexM3\ARM_GCC_541\Debug\DS1302.o
                0x00005e18                DS1302_clock_burst_read
 .text.rtc_set_datetime
                0x00005e44       0xac .\CortexM3\ARM_GCC_541\Debug\DS1302.o
                0x00005e44                rtc_set_datetime
 .text.rtc_get_date
                0x00005ef0       0x64 .\CortexM3\ARM_GCC_541\Debug\DS1302.o
                0x00005ef0                rtc_get_date
 .text.rtc_get_time
                0x00005f54       0x54 .\CortexM3\ARM_GCC_541\Debug\DS1302.o
                0x00005f54                rtc_get_time
 .text.ReadSensorCalibrationData
                0x00005fa8       0xec .\CortexM3\ARM_GCC_541\Debug\BMP180.o
                0x00005fa8                ReadSensorCalibrationData
 .text.ReadUncompensatedTemperature
                0x00006094       0x7c .\CortexM3\ARM_GCC_541\Debug\BMP180.o
                0x00006094                ReadUncompensatedTemperature
 .text.ReadUncompensatedPressure
                0x00006110       0x84 .\CortexM3\ARM_GCC_541\Debug\BMP180.o
                0x00006110                ReadUncompensatedPressure
 .text.ReadAndCalculateSensorData
                0x00006194      0x2a0 .\CortexM3\ARM_GCC_541\Debug\BMP180.o
                0x00006194                ReadAndCalculateSensorData
 .text.set_param
                0x00006434       0x70 .\CortexM3\ARM_GCC_541\Debug\MyServer.o
                0x00006434                set_param
 .text.display_param
                0x000064a4      0x134 .\CortexM3\ARM_GCC_541\Debug\MyServer.o
                0x000064a4                display_param
 .text.web_form
                0x000065d8      0x12c .\CortexM3\ARM_GCC_541\Debug\MyServer.o
                0x000065d8                web_form
 .text.webif_data
                0x00006704       0xc0 .\CortexM3\ARM_GCC_541\Debug\MyServer.o
                0x00006704                webif_data
 .text.extraeDecimal
                0x000067c4       0x28 .\CortexM3\ARM_GCC_541\Debug\funciones.o
                0x000067c4                extraeDecimal
 .text.extraeDecimal2
                0x000067ec       0x18 .\CortexM3\ARM_GCC_541\Debug\funciones.o
                0x000067ec                extraeDecimal2
 .text.inttofloat
                0x00006804       0x14 .\CortexM3\ARM_GCC_541\Debug\funciones.o
                0x00006804                inttofloat
 .text.convert8
                0x00006818       0x14 .\CortexM3\ARM_GCC_541\Debug\funciones.o
                0x00006818                convert8
 .text.convert16
                0x0000682c        0x8 .\CortexM3\ARM_GCC_541\Debug\funciones.o
                0x0000682c                convert16
 *fill*         0x00006834        0x4 
 .text.LeeEEPROM
                0x00006838      0x6ac .\CortexM3\ARM_GCC_541\Debug\funciones.o
                0x00006838                LeeEEPROM
 .text.LimitaValores
                0x00006ee4      0x940 .\CortexM3\ARM_GCC_541\Debug\funciones.o
                0x00006ee4                LimitaValores
 .text.ActualizaRecta
                0x00007824       0xdc .\CortexM3\ARM_GCC_541\Debug\funciones.o
                0x00007824                ActualizaRecta
 .text.Controla
                0x00007900      0xb68 .\CortexM3\ARM_GCC_541\Debug\funciones.o
                0x00007900                Controla
 .text.CuentaTiempo
                0x00008468       0x5c .\CortexM3\ARM_GCC_541\Debug\funciones.o
                0x00008468                CuentaTiempo
 .text.iniciaConteo
                0x000084c4       0xe4 .\CortexM3\ARM_GCC_541\Debug\funciones.o
                0x000084c4                iniciaConteo
 .text.escribeDisplay1
                0x000085a8       0x34 .\CortexM3\ARM_GCC_541\Debug\funciones.o
                0x000085a8                escribeDisplay1
 .text.escribeDisplay2
                0x000085dc       0x34 .\CortexM3\ARM_GCC_541\Debug\funciones.o
                0x000085dc                escribeDisplay2
 .text.LeeDisplay
                0x00008610      0x420 .\CortexM3\ARM_GCC_541\Debug\funciones.o
                0x00008610                LeeDisplay
 .text.controlaRampa
                0x00008a30      0x2c4 .\CortexM3\ARM_GCC_541\Debug\funciones.o
                0x00008a30                controlaRampa
 .text.leePt100
                0x00008cf4      0x178 .\CortexM3\ARM_GCC_541\Debug\funciones.o
                0x00008cf4                leePt100
 .text.leePt1002
                0x00008e6c      0x178 .\CortexM3\ARM_GCC_541\Debug\funciones.o
                0x00008e6c                leePt1002
 .text.LowPassFilter
                0x00008fe4       0x24 .\CortexM3\ARM_GCC_541\Debug\funciones.o
                0x00008fe4                LowPassFilter
 .text.leeLM35  0x00009008       0x90 .\CortexM3\ARM_GCC_541\Debug\funciones.o
                0x00009008                leeLM35
 .text.leeHumedad
                0x00009098      0x2d8 .\CortexM3\ARM_GCC_541\Debug\funciones.o
                0x00009098                leeHumedad
 .text.esBisiesto
                0x00009370       0x2c .\CortexM3\ARM_GCC_541\Debug\funciones.o
                0x00009370                esBisiesto
 .text.LimitaDia
                0x0000939c       0xb0 .\CortexM3\ARM_GCC_541\Debug\funciones.o
                0x0000939c                LimitaDia
 .text.ApagaSalidas
                0x0000944c       0x48 .\CortexM3\ARM_GCC_541\Debug\funciones.o
                0x0000944c                ApagaSalidas
 *fill*         0x00009494        0x4 
 .text.controlaHumedad2
                0x00009498      0x50c .\CortexM3\ARM_GCC_541\Debug\funciones.o
                0x00009498                controlaHumedad2
 *fill*         0x000099a4        0x4 
 .text.controlaTemperatura
                0x000099a8      0x2e0 .\CortexM3\ARM_GCC_541\Debug\funciones.o
                0x000099a8                controlaTemperatura
 .text.actualizaEjeX
                0x00009c88      0x108 .\CortexM3\ARM_GCC_541\Debug\funciones.o
                0x00009c88                actualizaEjeX
 .text.borraVector
                0x00009d90       0x5c .\CortexM3\ARM_GCC_541\Debug\funciones.o
                0x00009d90                borraVector
 .text.dataUSB  0x00009dec      0x338 .\CortexM3\ARM_GCC_541\Debug\funciones.o
                0x00009dec                dataUSB
 .text.dataEthernet
                0x0000a124       0x90 .\CortexM3\ARM_GCC_541\Debug\funciones.o
                0x0000a124                dataEthernet
 .text.CyClockStartupError
                0x0000a1b4        0x4 .\CortexM3\ARM_GCC_541\Debug\cyfitter_cfg.o
 .text.cfg_write_bytes32
                0x0000a1b8       0x34 .\CortexM3\ARM_GCC_541\Debug\cyfitter_cfg.o
 .text.CYMEMZERO
                0x0000a1ec        0xc .\CortexM3\ARM_GCC_541\Debug\cyfitter_cfg.o
 .text.AnalogSetDefault
                0x0000a1f8       0xbc .\CortexM3\ARM_GCC_541\Debug\cyfitter_cfg.o
 .text.CYCONFIGCPY
                0x0000a2b4        0x8 .\CortexM3\ARM_GCC_541\Debug\cyfitter_cfg.o
 .text.ClockSetup
                0x0000a2bc      0x11c .\CortexM3\ARM_GCC_541\Debug\cyfitter_cfg.o
 .text.ADCMux_CYAMUXSIDE_A_Set
                0x0000a3d8       0x34 .\CortexM3\ARM_GCC_541\Debug\cyfitter_cfg.o
                0x0000a3d8                ADCMux_CYAMUXSIDE_A_Set
 .text.ADCMux_CYAMUXSIDE_A_Unset
                0x0000a40c       0x38 .\CortexM3\ARM_GCC_541\Debug\cyfitter_cfg.o
                0x0000a40c                ADCMux_CYAMUXSIDE_A_Unset
 .text.ADCMux_CYAMUXSIDE_B_Set
                0x0000a444       0x3c .\CortexM3\ARM_GCC_541\Debug\cyfitter_cfg.o
                0x0000a444                ADCMux_CYAMUXSIDE_B_Set
 .text.ADCMux_CYAMUXSIDE_B_Unset
                0x0000a480       0x40 .\CortexM3\ARM_GCC_541\Debug\cyfitter_cfg.o
                0x0000a480                ADCMux_CYAMUXSIDE_B_Unset
 .text.CurrentMux_Set
                0x0000a4c0       0x3c .\CortexM3\ARM_GCC_541\Debug\cyfitter_cfg.o
                0x0000a4c0                CurrentMux_Set
 .text.CurrentMux_Unset
                0x0000a4fc       0x40 .\CortexM3\ARM_GCC_541\Debug\cyfitter_cfg.o
                0x0000a4fc                CurrentMux_Unset
 .text.cyfitter_cfg
                0x0000a53c      0x19c .\CortexM3\ARM_GCC_541\Debug\cyfitter_cfg.o
                0x0000a53c                cyfitter_cfg
 .text.IntDefaultHandler
                0x0000a6d8       0x10 .\CortexM3\ARM_GCC_541\Debug\Cm3Start.o
                0x0000a6d8                IntDefaultHandler
 .text._sbrk    0x0000a6e8       0x30 .\CortexM3\ARM_GCC_541\Debug\Cm3Start.o
                0x0000a6e8                _sbrk
 .text.Start_c  0x0000a718       0x4c .\CortexM3\ARM_GCC_541\Debug\Cm3Start.o
                0x0000a718                Start_c
 .text.initialize_psoc
                0x0000a764       0x6c .\CortexM3\ARM_GCC_541\Debug\Cm3Start.o
                0x0000a764                initialize_psoc
 .text.CyDmacConfigure
                0x0000a7d0       0x34 .\CortexM3\ARM_GCC_541\Debug\CamaraClimatica.a(CyDmac.o)
                0x0000a7d0                CyDmacConfigure
 .text.CyDmaChEnable
                0x0000a804       0x38 .\CortexM3\ARM_GCC_541\Debug\CamaraClimatica.a(CyDmac.o)
                0x0000a804                CyDmaChEnable
 .text.CyDmaClearPendingDrq
                0x0000a83c       0x28 .\CortexM3\ARM_GCC_541\Debug\CamaraClimatica.a(CyDmac.o)
                0x0000a83c                CyDmaClearPendingDrq
 .text.CyDmaChPriority
                0x0000a864       0x24 .\CortexM3\ARM_GCC_541\Debug\CamaraClimatica.a(CyDmac.o)
                0x0000a864                CyDmaChPriority
 .text.CyDmaChSetExtendedAddress
                0x0000a888       0x34 .\CortexM3\ARM_GCC_541\Debug\CamaraClimatica.a(CyDmac.o)
                0x0000a888                CyDmaChSetExtendedAddress
 .text.CyDmaChSetInitialTd
                0x0000a8bc       0x18 .\CortexM3\ARM_GCC_541\Debug\CamaraClimatica.a(CyDmac.o)
                0x0000a8bc                CyDmaChSetInitialTd
 .text.CyDmaChSetConfiguration
                0x0000a8d4       0x44 .\CortexM3\ARM_GCC_541\Debug\CamaraClimatica.a(CyDmac.o)
                0x0000a8d4                CyDmaChSetConfiguration
 .text.CyDmaTdAllocate
                0x0000a918       0x34 .\CortexM3\ARM_GCC_541\Debug\CamaraClimatica.a(CyDmac.o)
                0x0000a918                CyDmaTdAllocate
 .text.CyDmaTdSetConfiguration
                0x0000a94c       0x28 .\CortexM3\ARM_GCC_541\Debug\CamaraClimatica.a(CyDmac.o)
                0x0000a94c                CyDmaTdSetConfiguration
 .text.CyDmaTdSetAddress
                0x0000a974       0x1c .\CortexM3\ARM_GCC_541\Debug\CamaraClimatica.a(CyDmac.o)
                0x0000a974                CyDmaTdSetAddress
 .text.CyHalt   0x0000a990        0x4 .\CortexM3\ARM_GCC_541\Debug\CamaraClimatica.a(CyLib.o)
                0x0000a990                CyHalt
 .text.CySoftwareReset
                0x0000a994       0x10 .\CortexM3\ARM_GCC_541\Debug\CamaraClimatica.a(CyLib.o)
                0x0000a994                CySoftwareReset
 .text.CyDelay  0x0000a9a4       0x2c .\CortexM3\ARM_GCC_541\Debug\CamaraClimatica.a(CyLib.o)
                0x0000a9a4                CyDelay
 .text.CyDelayUs
                0x0000a9d0       0x14 .\CortexM3\ARM_GCC_541\Debug\CamaraClimatica.a(CyLib.o)
                0x0000a9d0                CyDelayUs
 .text.CyIntSetVector
                0x0000a9e4       0x28 .\CortexM3\ARM_GCC_541\Debug\CamaraClimatica.a(CyLib.o)
                0x0000a9e4                CyIntSetVector
 .text.CyIntSetPriority
                0x0000aa0c       0x30 .\CortexM3\ARM_GCC_541\Debug\CamaraClimatica.a(CyLib.o)
                0x0000aa0c                CyIntSetPriority
 .text.CyGetUniqueId
                0x0000aa3c       0x70 .\CortexM3\ARM_GCC_541\Debug\CamaraClimatica.a(CyLib.o)
                0x0000aa3c                CyGetUniqueId
 .text.ADC_GainCompensation
                0x0000aaac       0xdc .\CortexM3\ARM_GCC_541\Debug\CamaraClimatica.a(ADC.o)
 .text.ADC_SetDSMRef0Reg
                0x0000ab88       0x4c .\CortexM3\ARM_GCC_541\Debug\CamaraClimatica.a(ADC.o)
 .text.ADC_InitConfig
                0x0000abd4       0xe4 .\CortexM3\ARM_GCC_541\Debug\CamaraClimatica.a(ADC.o)
 .text.ADC_Init
                0x0000acb8       0xc4 .\CortexM3\ARM_GCC_541\Debug\CamaraClimatica.a(ADC.o)
                0x0000acb8                ADC_Init
 .text.ADC_Enable
                0x0000ad7c       0xd8 .\CortexM3\ARM_GCC_541\Debug\CamaraClimatica.a(ADC.o)
                0x0000ad7c                ADC_Enable
 .text.ADC_Start
                0x0000ae54       0x28 .\CortexM3\ARM_GCC_541\Debug\CamaraClimatica.a(ADC.o)
                0x0000ae54                ADC_Start
 .text.ADC_StartConvert
                0x0000ae7c       0x10 .\CortexM3\ARM_GCC_541\Debug\CamaraClimatica.a(ADC.o)
                0x0000ae7c                ADC_StartConvert
 .text.ADC_StopConvert
                0x0000ae8c       0x10 .\CortexM3\ARM_GCC_541\Debug\CamaraClimatica.a(ADC.o)
                0x0000ae8c                ADC_StopConvert
 .text.ADC_IsEndConversion
                0x0000ae9c       0x30 .\CortexM3\ARM_GCC_541\Debug\CamaraClimatica.a(ADC.o)
                0x0000ae9c                ADC_IsEndConversion
 .text.ADC_GetResult32
                0x0000aecc       0x6c .\CortexM3\ARM_GCC_541\Debug\CamaraClimatica.a(ADC.o)
                0x0000aecc                ADC_GetResult32
 .text.ADC_ISR1
                0x0000af38       0x14 .\CortexM3\ARM_GCC_541\Debug\CamaraClimatica.a(ADC_INT.o)
                0x0000af38                ADC_ISR1
 .text.ADC_Ext_CP_Clk_GetDividerRegister
                0x0000af4c        0xc .\CortexM3\ARM_GCC_541\Debug\CamaraClimatica.a(ADC_Ext_CP_Clk.o)
                0x0000af4c                ADC_Ext_CP_Clk_GetDividerRegister
 .text.ADC_Ext_CP_Clk_SetModeRegister
                0x0000af58       0x14 .\CortexM3\ARM_GCC_541\Debug\CamaraClimatica.a(ADC_Ext_CP_Clk.o)
                0x0000af58                ADC_Ext_CP_Clk_SetModeRegister
 .text.ADC_Ext_CP_Clk_GetSourceRegister
                0x0000af6c       0x10 .\CortexM3\ARM_GCC_541\Debug\CamaraClimatica.a(ADC_Ext_CP_Clk.o)
                0x0000af6c                ADC_Ext_CP_Clk_GetSourceRegister
 .text.ADC_Ext_CP_Clk_SetDividerRegister
                0x0000af7c       0xd8 .\CortexM3\ARM_GCC_541\Debug\CamaraClimatica.a(ADC_Ext_CP_Clk.o)
                0x0000af7c                ADC_Ext_CP_Clk_SetDividerRegister
 .text.ADC_theACLK_GetDividerRegister
                0x0000b054        0xc .\CortexM3\ARM_GCC_541\Debug\CamaraClimatica.a(ADC_theACLK.o)
                0x0000b054                ADC_theACLK_GetDividerRegister
 .text.ADC_theACLK_SetModeRegister
                0x0000b060       0x14 .\CortexM3\ARM_GCC_541\Debug\CamaraClimatica.a(ADC_theACLK.o)
                0x0000b060                ADC_theACLK_SetModeRegister
 .text.ADC_theACLK_GetSourceRegister
                0x0000b074       0x10 .\CortexM3\ARM_GCC_541\Debug\CamaraClimatica.a(ADC_theACLK.o)
                0x0000b074                ADC_theACLK_GetSourceRegister
 .text.ADC_theACLK_SetDividerRegister
                0x0000b084       0xd8 .\CortexM3\ARM_GCC_541\Debug\CamaraClimatica.a(ADC_theACLK.o)
                0x0000b084                ADC_theACLK_SetDividerRegister
 .text.Reloj_SetVector
                0x0000b15c        0xc .\CortexM3\ARM_GCC_541\Debug\CamaraClimatica.a(Reloj.o)
                0x0000b15c                Reloj_SetVector
 .text.Reloj_SetPriority
                0x0000b168       0x10 .\CortexM3\ARM_GCC_541\Debug\CamaraClimatica.a(Reloj.o)
                0x0000b168                Reloj_SetPriority
 .text.Reloj_Enable
                0x0000b178        0xc .\CortexM3\ARM_GCC_541\Debug\CamaraClimatica.a(Reloj.o)
                0x0000b178                Reloj_Enable
 .text.Reloj_Disable
                0x0000b184        0xc .\CortexM3\ARM_GCC_541\Debug\CamaraClimatica.a(Reloj.o)
                0x0000b184                Reloj_Disable
 .text.Reloj_StartEx
                0x0000b190       0x1c .\CortexM3\ARM_GCC_541\Debug\CamaraClimatica.a(Reloj.o)
                0x0000b190                Reloj_StartEx
 .text.USBUART_Init
                0x0000b1ac      0x140 .\CortexM3\ARM_GCC_541\Debug\CamaraClimatica.a(USBUART.o)
                0x0000b1ac                USBUART_Init
 .text.USBUART_InitComponent
                0x0000b2ec       0xb8 .\CortexM3\ARM_GCC_541\Debug\CamaraClimatica.a(USBUART.o)
                0x0000b2ec                USBUART_InitComponent
 .text.USBUART_Start
                0x0000b3a4       0x24 .\CortexM3\ARM_GCC_541\Debug\CamaraClimatica.a(USBUART.o)
                0x0000b3a4                USBUART_Start
 .text.USBUART_ReInitComponent
                0x0000b3c8       0x4c .\CortexM3\ARM_GCC_541\Debug\CamaraClimatica.a(USBUART.o)
                0x0000b3c8                USBUART_ReInitComponent
 .text.USBUART_GetConfiguration
                0x0000b414        0xc .\CortexM3\ARM_GCC_541\Debug\CamaraClimatica.a(USBUART.o)
                0x0000b414                USBUART_GetConfiguration
 .text.USBUART_LoadInEP
                0x0000b420       0x94 .\CortexM3\ARM_GCC_541\Debug\CamaraClimatica.a(USBUART.o)
                0x0000b420                USBUART_LoadInEP
 .text.USBUART_EnableOutEP
                0x0000b4b4       0x2c .\CortexM3\ARM_GCC_541\Debug\CamaraClimatica.a(USBUART.o)
                0x0000b4b4                USBUART_EnableOutEP
 .text.USBUART_StrLen
                0x0000b4e0       0x14 .\CortexM3\ARM_GCC_541\Debug\CamaraClimatica.a(USBUART_cdc.o)
 .text.USBUART_GetInterfaceComPort
                0x0000b4f4       0x38 .\CortexM3\ARM_GCC_541\Debug\CamaraClimatica.a(USBUART_cdc.o)
                0x0000b4f4                USBUART_GetInterfaceComPort
 .text.USBUART_DispatchCDCClassRqst
                0x0000b52c       0x98 .\CortexM3\ARM_GCC_541\Debug\CamaraClimatica.a(USBUART_cdc.o)
                0x0000b52c                USBUART_DispatchCDCClassRqst
 .text.USBUART_CDC_Init
                0x0000b5c4       0x98 .\CortexM3\ARM_GCC_541\Debug\CamaraClimatica.a(USBUART_cdc.o)
                0x0000b5c4                USBUART_CDC_Init
 .text.USBUART_PutString
                0x0000b65c       0xa0 .\CortexM3\ARM_GCC_541\Debug\CamaraClimatica.a(USBUART_cdc.o)
                0x0000b65c                USBUART_PutString
 .text.USBUART_Cdc_EpInit
                0x0000b6fc       0x50 .\CortexM3\ARM_GCC_541\Debug\CamaraClimatica.a(USBUART_cdc.o)
                0x0000b6fc                USBUART_Cdc_EpInit
 .text.USBUART_LoadEP0
                0x0000b74c       0x98 .\CortexM3\ARM_GCC_541\Debug\CamaraClimatica.a(USBUART_drv.o)
                0x0000b74c                USBUART_LoadEP0
 .text.USBUART_InitZeroLengthControlTransfer
                0x0000b7e4       0x34 .\CortexM3\ARM_GCC_541\Debug\CamaraClimatica.a(USBUART_drv.o)
                0x0000b7e4                USBUART_InitZeroLengthControlTransfer
 .text.USBUART_ControlReadDataStage
                0x0000b818        0x8 .\CortexM3\ARM_GCC_541\Debug\CamaraClimatica.a(USBUART_drv.o)
                0x0000b818                USBUART_ControlReadDataStage
 .text.USBUART_ControlWriteDataStage
                0x0000b820       0x84 .\CortexM3\ARM_GCC_541\Debug\CamaraClimatica.a(USBUART_drv.o)
                0x0000b820                USBUART_ControlWriteDataStage
 .text.USBUART_InitNoDataControlTransfer
                0x0000b8a4       0x2c .\CortexM3\ARM_GCC_541\Debug\CamaraClimatica.a(USBUART_drv.o)
                0x0000b8a4                USBUART_InitNoDataControlTransfer
 .text.USBUART_UpdateStatusBlock
                0x0000b8d0       0x24 .\CortexM3\ARM_GCC_541\Debug\CamaraClimatica.a(USBUART_drv.o)
                0x0000b8d0                USBUART_UpdateStatusBlock
 .text.USBUART_HandleSetup
                0x0000b8f4       0x5c .\CortexM3\ARM_GCC_541\Debug\CamaraClimatica.a(USBUART_drv.o)
                0x0000b8f4                USBUART_HandleSetup
 .text.USBUART_ControlReadStatusStage
                0x0000b950       0x38 .\CortexM3\ARM_GCC_541\Debug\CamaraClimatica.a(USBUART_drv.o)
                0x0000b950                USBUART_ControlReadStatusStage
 .text.USBUART_HandleOUT
                0x0000b988       0x38 .\CortexM3\ARM_GCC_541\Debug\CamaraClimatica.a(USBUART_drv.o)
                0x0000b988                USBUART_HandleOUT
 .text.USBUART_ControlWriteStatusStage
                0x0000b9c0       0x20 .\CortexM3\ARM_GCC_541\Debug\CamaraClimatica.a(USBUART_drv.o)
                0x0000b9c0                USBUART_ControlWriteStatusStage
 .text.USBUART_NoDataControlStatusStage
                0x0000b9e0       0x40 .\CortexM3\ARM_GCC_541\Debug\CamaraClimatica.a(USBUART_drv.o)
                0x0000b9e0                USBUART_NoDataControlStatusStage
 .text.USBUART_HandleIN
                0x0000ba20       0x2c .\CortexM3\ARM_GCC_541\Debug\CamaraClimatica.a(USBUART_drv.o)
                0x0000ba20                USBUART_HandleIN
 .text.USBUART_EP_0_ISR
                0x0000ba4c       0xb8 .\CortexM3\ARM_GCC_541\Debug\CamaraClimatica.a(USBUART_drv.o)
                0x0000ba4c                USBUART_EP_0_ISR
 .text.USBUART_InitializeStatusBlock
                0x0000bb04       0x24 .\CortexM3\ARM_GCC_541\Debug\CamaraClimatica.a(USBUART_drv.o)
                0x0000bb04                USBUART_InitializeStatusBlock
 .text.USBUART_InitControlRead
                0x0000bb28       0x50 .\CortexM3\ARM_GCC_541\Debug\CamaraClimatica.a(USBUART_drv.o)
                0x0000bb28                USBUART_InitControlRead
 .text.USBUART_InitControlWrite
                0x0000bb78       0x48 .\CortexM3\ARM_GCC_541\Debug\CamaraClimatica.a(USBUART_drv.o)
                0x0000bb78                USBUART_InitControlWrite
 .text.USBUART_EP_1_ISR
                0x0000bbc0       0x30 .\CortexM3\ARM_GCC_541\Debug\CamaraClimatica.a(USBUART_episr.o)
                0x0000bbc0                USBUART_EP_1_ISR
 .text.USBUART_EP_2_ISR
                0x0000bbf0       0x34 .\CortexM3\ARM_GCC_541\Debug\CamaraClimatica.a(USBUART_episr.o)
                0x0000bbf0                USBUART_EP_2_ISR
 .text.USBUART_EP_3_ISR
                0x0000bc24       0x3c .\CortexM3\ARM_GCC_541\Debug\CamaraClimatica.a(USBUART_episr.o)
                0x0000bc24                USBUART_EP_3_ISR
 .text.USBUART_SOF_ISR
                0x0000bc60        0x4 .\CortexM3\ARM_GCC_541\Debug\CamaraClimatica.a(USBUART_episr.o)
                0x0000bc60                USBUART_SOF_ISR
 .text.USBUART_BUS_RESET_ISR
                0x0000bc64        0x8 .\CortexM3\ARM_GCC_541\Debug\CamaraClimatica.a(USBUART_episr.o)
                0x0000bc64                USBUART_BUS_RESET_ISR
 .text.USBUART_DP_ISR
                0x0000bc6c        0x8 .\CortexM3\ARM_GCC_541\Debug\CamaraClimatica.a(USBUART_pm.o)
                0x0000bc6c                USBUART_DP_ISR
 .text.USBUART_ReadDieID
                0x0000bc74       0x6c .\CortexM3\ARM_GCC_541\Debug\CamaraClimatica.a(USBUART_std.o)
                0x0000bc74                USBUART_ReadDieID
 .text.USBUART_ConfigReg
                0x0000bce0       0xa4 .\CortexM3\ARM_GCC_541\Debug\CamaraClimatica.a(USBUART_std.o)
                0x0000bce0                USBUART_ConfigReg
 .text.USBUART_GetConfigTablePtr
                0x0000bd84       0x28 .\CortexM3\ARM_GCC_541\Debug\CamaraClimatica.a(USBUART_std.o)
                0x0000bd84                USBUART_GetConfigTablePtr
 .text.USBUART_ConfigAltChanged
                0x0000bdac      0x11c .\CortexM3\ARM_GCC_541\Debug\CamaraClimatica.a(USBUART_std.o)
                0x0000bdac                USBUART_ConfigAltChanged
 .text.USBUART_GetDeviceTablePtr
                0x0000bec8       0x18 .\CortexM3\ARM_GCC_541\Debug\CamaraClimatica.a(USBUART_std.o)
                0x0000bec8                USBUART_GetDeviceTablePtr
 .text.USBUART_GetInterfaceClassTablePtr
                0x0000bee0       0x28 .\CortexM3\ARM_GCC_541\Debug\CamaraClimatica.a(USBUART_std.o)
                0x0000bee0                USBUART_GetInterfaceClassTablePtr
 .text.USBUART_Config
                0x0000bf08      0x1ec .\CortexM3\ARM_GCC_541\Debug\CamaraClimatica.a(USBUART_std.o)
                0x0000bf08                USBUART_Config
 .text.USBUART_SetEndpointHalt
                0x0000c0f4       0x64 .\CortexM3\ARM_GCC_541\Debug\CamaraClimatica.a(USBUART_std.o)
                0x0000c0f4                USBUART_SetEndpointHalt
 .text.USBUART_ClearEndpointHalt
                0x0000c158       0xac .\CortexM3\ARM_GCC_541\Debug\CamaraClimatica.a(USBUART_std.o)
                0x0000c158                USBUART_ClearEndpointHalt
 .text.USBUART_ValidateAlternateSetting
                0x0000c204       0x4c .\CortexM3\ARM_GCC_541\Debug\CamaraClimatica.a(USBUART_std.o)
                0x0000c204                USBUART_ValidateAlternateSetting
 .text.USBUART_HandleStandardRqst
                0x0000c250      0x354 .\CortexM3\ARM_GCC_541\Debug\CamaraClimatica.a(USBUART_std.o)
                0x0000c250                USBUART_HandleStandardRqst
 .text.USBUART_HandleVendorRqst
                0x0000c5a4       0x18 .\CortexM3\ARM_GCC_541\Debug\CamaraClimatica.a(USBUART_vnd.o)
                0x0000c5a4                USBUART_HandleVendorRqst
 .text.USBUART_Dp_ClearInterrupt
                0x0000c5bc       0x10 .\CortexM3\ARM_GCC_541\Debug\CamaraClimatica.a(USBUART_Dp.o)
                0x0000c5bc                USBUART_Dp_ClearInterrupt
 .text.PWM_Enable
                0x0000c5cc       0x10 .\CortexM3\ARM_GCC_541\Debug\CamaraClimatica.a(PWM.o)
                0x0000c5cc                PWM_Enable
 .text.PWM_WriteCounter
                0x0000c5dc        0xc .\CortexM3\ARM_GCC_541\Debug\CamaraClimatica.a(PWM.o)
                0x0000c5dc                PWM_WriteCounter
 .text.PWM_WritePeriod
                0x0000c5e8        0xc .\CortexM3\ARM_GCC_541\Debug\CamaraClimatica.a(PWM.o)
                0x0000c5e8                PWM_WritePeriod
 .text.PWM_WriteCompare1
                0x0000c5f4        0xc .\CortexM3\ARM_GCC_541\Debug\CamaraClimatica.a(PWM.o)
                0x0000c5f4                PWM_WriteCompare1
 .text.PWM_WriteCompare2
                0x0000c600        0xc .\CortexM3\ARM_GCC_541\Debug\CamaraClimatica.a(PWM.o)
                0x0000c600                PWM_WriteCompare2
 .text.PWM_SetInterruptMode
                0x0000c60c        0xc .\CortexM3\ARM_GCC_541\Debug\CamaraClimatica.a(PWM.o)
                0x0000c60c                PWM_SetInterruptMode
 .text.PWM_ReadStatusRegister
                0x0000c618        0xc .\CortexM3\ARM_GCC_541\Debug\CamaraClimatica.a(PWM.o)
                0x0000c618                PWM_ReadStatusRegister
 .text.PWM_ReadCapture
                0x0000c624        0xc .\CortexM3\ARM_GCC_541\Debug\CamaraClimatica.a(PWM.o)
                0x0000c624                PWM_ReadCapture
 .text.PWM_ClearFIFO
                0x0000c630       0x14 .\CortexM3\ARM_GCC_541\Debug\CamaraClimatica.a(PWM.o)
                0x0000c630                PWM_ClearFIFO
 .text.PWM_Init
                0x0000c644       0x64 .\CortexM3\ARM_GCC_541\Debug\CamaraClimatica.a(PWM.o)
                0x0000c644                PWM_Init
 .text.PWM_Start
                0x0000c6a8       0x1c .\CortexM3\ARM_GCC_541\Debug\CamaraClimatica.a(PWM.o)
                0x0000c6a8                PWM_Start
 .text.UART_1_Init
                0x0000c6c4       0x28 .\CortexM3\ARM_GCC_541\Debug\CamaraClimatica.a(UART_1.o)
                0x0000c6c4                UART_1_Init
 .text.UART_1_Enable
                0x0000c6ec       0x38 .\CortexM3\ARM_GCC_541\Debug\CamaraClimatica.a(UART_1.o)
                0x0000c6ec                UART_1_Enable
 .text.UART_1_Start
                0x0000c724       0x1c .\CortexM3\ARM_GCC_541\Debug\CamaraClimatica.a(UART_1.o)
                0x0000c724                UART_1_Start
 .text.UART_1_ReadRxData
                0x0000c740        0xc .\CortexM3\ARM_GCC_541\Debug\CamaraClimatica.a(UART_1.o)
                0x0000c740                UART_1_ReadRxData
 .text.UART_1_ReadRxStatus
                0x0000c74c       0x10 .\CortexM3\ARM_GCC_541\Debug\CamaraClimatica.a(UART_1.o)
                0x0000c74c                UART_1_ReadRxStatus
 .text.UART_1_GetByte
                0x0000c75c       0x14 .\CortexM3\ARM_GCC_541\Debug\CamaraClimatica.a(UART_1.o)
                0x0000c75c                UART_1_GetByte
 .text.UART_1_PutChar
                0x0000c770       0x18 .\CortexM3\ARM_GCC_541\Debug\CamaraClimatica.a(UART_1.o)
                0x0000c770                UART_1_PutChar
 .text.UART_1_PutString
                0x0000c788       0x24 .\CortexM3\ARM_GCC_541\Debug\CamaraClimatica.a(UART_1.o)
                0x0000c788                UART_1_PutString
 .text.UART_1_IntClock_Start
                0x0000c7ac       0x1c .\CortexM3\ARM_GCC_541\Debug\CamaraClimatica.a(UART_1_IntClock.o)
                0x0000c7ac                UART_1_IntClock_Start
 .text.Timer_Enable
                0x0000c7c8       0x28 .\CortexM3\ARM_GCC_541\Debug\CamaraClimatica.a(Timer.o)
                0x0000c7c8                Timer_Enable
 .text.Timer_SetInterruptMode
                0x0000c7f0        0xc .\CortexM3\ARM_GCC_541\Debug\CamaraClimatica.a(Timer.o)
                0x0000c7f0                Timer_SetInterruptMode
 .text.Timer_WritePeriod
                0x0000c7fc        0xc .\CortexM3\ARM_GCC_541\Debug\CamaraClimatica.a(Timer.o)
                0x0000c7fc                Timer_WritePeriod
 .text.Timer_WriteCounter
                0x0000c808        0xc .\CortexM3\ARM_GCC_541\Debug\CamaraClimatica.a(Timer.o)
                0x0000c808                Timer_WriteCounter
 .text.Timer_Init
                0x0000c814       0x68 .\CortexM3\ARM_GCC_541\Debug\CamaraClimatica.a(Timer.o)
                0x0000c814                Timer_Init
 .text.Timer_Start
                0x0000c87c       0x1c .\CortexM3\ARM_GCC_541\Debug\CamaraClimatica.a(Timer.o)
                0x0000c87c                Timer_Start
 .text.ADCMux_Start
                0x0000c898       0x28 .\CortexM3\ARM_GCC_541\Debug\CamaraClimatica.a(ADCMux.o)
                0x0000c898                ADCMux_Start
 .text.ADCMux_Disconnect
                0x0000c8c0       0x10 .\CortexM3\ARM_GCC_541\Debug\CamaraClimatica.a(ADCMux.o)
                0x0000c8c0                ADCMux_Disconnect
 .text.ADCMux_FastSelect
                0x0000c8d0       0x28 .\CortexM3\ARM_GCC_541\Debug\CamaraClimatica.a(ADCMux.o)
                0x0000c8d0                ADCMux_FastSelect
 .text.UART_2_Init
                0x0000c8f8       0x28 .\CortexM3\ARM_GCC_541\Debug\CamaraClimatica.a(UART_2.o)
                0x0000c8f8                UART_2_Init
 .text.UART_2_Enable
                0x0000c920       0x38 .\CortexM3\ARM_GCC_541\Debug\CamaraClimatica.a(UART_2.o)
                0x0000c920                UART_2_Enable
 .text.UART_2_Start
                0x0000c958       0x1c .\CortexM3\ARM_GCC_541\Debug\CamaraClimatica.a(UART_2.o)
                0x0000c958                UART_2_Start
 .text.UART_2_ReadRxData
                0x0000c974        0xc .\CortexM3\ARM_GCC_541\Debug\CamaraClimatica.a(UART_2.o)
                0x0000c974                UART_2_ReadRxData
 .text.UART_2_ReadRxStatus
                0x0000c980       0x10 .\CortexM3\ARM_GCC_541\Debug\CamaraClimatica.a(UART_2.o)
                0x0000c980                UART_2_ReadRxStatus
 .text.UART_2_GetByte
                0x0000c990       0x14 .\CortexM3\ARM_GCC_541\Debug\CamaraClimatica.a(UART_2.o)
                0x0000c990                UART_2_GetByte
 .text.UART_2_PutChar
                0x0000c9a4       0x18 .\CortexM3\ARM_GCC_541\Debug\CamaraClimatica.a(UART_2.o)
                0x0000c9a4                UART_2_PutChar
 .text.UART_2_PutString
                0x0000c9bc       0x24 .\CortexM3\ARM_GCC_541\Debug\CamaraClimatica.a(UART_2.o)
                0x0000c9bc                UART_2_PutString
 .text.RX2_SetVector
                0x0000c9e0        0xc .\CortexM3\ARM_GCC_541\Debug\CamaraClimatica.a(RX2.o)
                0x0000c9e0                RX2_SetVector
 .text.RX2_SetPriority
                0x0000c9ec       0x10 .\CortexM3\ARM_GCC_541\Debug\CamaraClimatica.a(RX2.o)
                0x0000c9ec                RX2_SetPriority
 .text.RX2_Enable
                0x0000c9fc        0xc .\CortexM3\ARM_GCC_541\Debug\CamaraClimatica.a(RX2.o)
                0x0000c9fc                RX2_Enable
 .text.RX2_Disable
                0x0000ca08        0xc .\CortexM3\ARM_GCC_541\Debug\CamaraClimatica.a(RX2.o)
                0x0000ca08                RX2_Disable
 .text.RX2_StartEx
                0x0000ca14       0x1c .\CortexM3\ARM_GCC_541\Debug\CamaraClimatica.a(RX2.o)
                0x0000ca14                RX2_StartEx
 .text.UART_2_IntClock_Start
                0x0000ca30       0x1c .\CortexM3\ARM_GCC_541\Debug\CamaraClimatica.a(UART_2_IntClock.o)
                0x0000ca30                UART_2_IntClock_Start
 .text.EEPROM_Enable
                0x0000ca4c        0xc .\CortexM3\ARM_GCC_541\Debug\CamaraClimatica.a(EEPROM.o)
                0x0000ca4c                EEPROM_Enable
 .text.EEPROM_Start
                0x0000ca58        0x8 .\CortexM3\ARM_GCC_541\Debug\CamaraClimatica.a(EEPROM.o)
                0x0000ca58                EEPROM_Start
 .text.EEPROM_WriteByte
                0x0000ca60       0xd0 .\CortexM3\ARM_GCC_541\Debug\CamaraClimatica.a(EEPROM.o)
                0x0000ca60                EEPROM_WriteByte
 .text.EEPROM_ReadByte
                0x0000cb30       0x28 .\CortexM3\ARM_GCC_541\Debug\CamaraClimatica.a(EEPROM.o)
                0x0000cb30                EEPROM_ReadByte
 .text.RX1_SetVector
                0x0000cb58        0xc .\CortexM3\ARM_GCC_541\Debug\CamaraClimatica.a(RX1.o)
                0x0000cb58                RX1_SetVector
 .text.RX1_SetPriority
                0x0000cb64       0x10 .\CortexM3\ARM_GCC_541\Debug\CamaraClimatica.a(RX1.o)
                0x0000cb64                RX1_SetPriority
 .text.RX1_Enable
                0x0000cb74        0xc .\CortexM3\ARM_GCC_541\Debug\CamaraClimatica.a(RX1.o)
                0x0000cb74                RX1_Enable
 .text.RX1_Disable
                0x0000cb80        0xc .\CortexM3\ARM_GCC_541\Debug\CamaraClimatica.a(RX1.o)
                0x0000cb80                RX1_Disable
 .text.RX1_StartEx
                0x0000cb8c       0x1c .\CortexM3\ARM_GCC_541\Debug\CamaraClimatica.a(RX1.o)
                0x0000cb8c                RX1_StartEx
 .text.DOOR_Read
                0x0000cba8       0x10 .\CortexM3\ARM_GCC_541\Debug\CamaraClimatica.a(DOOR.o)
                0x0000cba8                DOOR_Read
 .text.LCD1_Write
                0x0000cbb8       0x18 .\CortexM3\ARM_GCC_541\Debug\CamaraClimatica.a(LCD1.o)
                0x0000cbb8                LCD1_Write
 .text.LCD2_Write
                0x0000cbd0       0x18 .\CortexM3\ARM_GCC_541\Debug\CamaraClimatica.a(LCD2.o)
                0x0000cbd0                LCD2_Write
 .text.ADC_SAR_Init
                0x0000cbe8       0x3c .\CortexM3\ARM_GCC_541\Debug\CamaraClimatica.a(ADC_SAR.o)
                0x0000cbe8                ADC_SAR_Init
 .text.ADC_SAR_Enable
                0x0000cc24       0xcc .\CortexM3\ARM_GCC_541\Debug\CamaraClimatica.a(ADC_SAR.o)
                0x0000cc24                ADC_SAR_Enable
 .text.ADC_SAR_Start
                0x0000ccf0       0x28 .\CortexM3\ARM_GCC_541\Debug\CamaraClimatica.a(ADC_SAR.o)
                0x0000ccf0                ADC_SAR_Start
 .text.ADC_SAR_StartConvert
                0x0000cd18        0x8 .\CortexM3\ARM_GCC_541\Debug\CamaraClimatica.a(ADC_SAR.o)
                0x0000cd18                ADC_SAR_StartConvert
 .text.ADC_SAR_IsEndConversion
                0x0000cd20       0x18 .\CortexM3\ARM_GCC_541\Debug\CamaraClimatica.a(ADC_SAR.o)
                0x0000cd20                ADC_SAR_IsEndConversion
 .text.ADC_SAR_GetResult16
                0x0000cd38       0x1c .\CortexM3\ARM_GCC_541\Debug\CamaraClimatica.a(ADC_SAR.o)
                0x0000cd38                ADC_SAR_GetResult16
 .text.ADC_SAR_CountsTo_mVolts
                0x0000cd54        0x8 .\CortexM3\ARM_GCC_541\Debug\CamaraClimatica.a(ADC_SAR.o)
                0x0000cd54                ADC_SAR_CountsTo_mVolts
 .text.ADC_SAR_CountsTo_Volts
                0x0000cd5c        0x8 .\CortexM3\ARM_GCC_541\Debug\CamaraClimatica.a(ADC_SAR.o)
                0x0000cd5c                ADC_SAR_CountsTo_Volts
 .text.ADC_SAR_ISR
                0x0000cd64        0x4 .\CortexM3\ARM_GCC_541\Debug\CamaraClimatica.a(ADC_SAR_INT.o)
                0x0000cd64                ADC_SAR_ISR
 .text.ADC_SAR_IRQ_SetVector
                0x0000cd68        0xc .\CortexM3\ARM_GCC_541\Debug\CamaraClimatica.a(ADC_SAR_IRQ.o)
                0x0000cd68                ADC_SAR_IRQ_SetVector
 .text.ADC_SAR_IRQ_SetPriority
                0x0000cd74       0x10 .\CortexM3\ARM_GCC_541\Debug\CamaraClimatica.a(ADC_SAR_IRQ.o)
                0x0000cd74                ADC_SAR_IRQ_SetPriority
 .text.I2C_Init
                0x0000cd84       0x68 .\CortexM3\ARM_GCC_541\Debug\CamaraClimatica.a(I2C.o)
                0x0000cd84                I2C_Init
 .text.I2C_Enable
                0x0000cdec       0x24 .\CortexM3\ARM_GCC_541\Debug\CamaraClimatica.a(I2C.o)
                0x0000cdec                I2C_Enable
 .text.I2C_Start
                0x0000ce10       0x28 .\CortexM3\ARM_GCC_541\Debug\CamaraClimatica.a(I2C.o)
                0x0000ce10                I2C_Start
 .text.I2C_ISR  0x0000ce38      0x2d0 .\CortexM3\ARM_GCC_541\Debug\CamaraClimatica.a(I2C_INT.o)
                0x0000ce38                I2C_ISR
 .text.I2C_MasterWriteBuf
                0x0000d108       0xcc .\CortexM3\ARM_GCC_541\Debug\CamaraClimatica.a(I2C_MASTER.o)
                0x0000d108                I2C_MasterWriteBuf
 .text.I2C_MasterReadBuf
                0x0000d1d4       0xd0 .\CortexM3\ARM_GCC_541\Debug\CamaraClimatica.a(I2C_MASTER.o)
                0x0000d1d4                I2C_MasterReadBuf
 .text.I2C_MasterStatus
                0x0000d2a4       0x38 .\CortexM3\ARM_GCC_541\Debug\CamaraClimatica.a(I2C_MASTER.o)
                0x0000d2a4                I2C_MasterStatus
 .text.I2C_MasterClearStatus
                0x0000d2dc       0x24 .\CortexM3\ARM_GCC_541\Debug\CamaraClimatica.a(I2C_MASTER.o)
                0x0000d2dc                I2C_MasterClearStatus
 .text.IDAC_Enable
                0x0000d300       0x1c .\CortexM3\ARM_GCC_541\Debug\CamaraClimatica.a(IDAC.o)
                0x0000d300                IDAC_Enable
 .text.IDAC_SetSpeed
                0x0000d31c       0x1c .\CortexM3\ARM_GCC_541\Debug\CamaraClimatica.a(IDAC.o)
                0x0000d31c                IDAC_SetSpeed
 .text.IDAC_SetValue
                0x0000d338        0xc .\CortexM3\ARM_GCC_541\Debug\CamaraClimatica.a(IDAC.o)
                0x0000d338                IDAC_SetValue
 .text.IDAC_DacTrim
                0x0000d344       0x34 .\CortexM3\ARM_GCC_541\Debug\CamaraClimatica.a(IDAC.o)
                0x0000d344                IDAC_DacTrim
 .text.IDAC_Init
                0x0000d378       0x24 .\CortexM3\ARM_GCC_541\Debug\CamaraClimatica.a(IDAC.o)
                0x0000d378                IDAC_Init
 .text.IDAC_Start
                0x0000d39c       0x24 .\CortexM3\ARM_GCC_541\Debug\CamaraClimatica.a(IDAC.o)
                0x0000d39c                IDAC_Start
 .text.BUZZER_Write
                0x0000d3c0       0x18 .\CortexM3\ARM_GCC_541\Debug\CamaraClimatica.a(BUZZER.o)
                0x0000d3c0                BUZZER_Write
 .text.BUZZER_Read
                0x0000d3d8       0x10 .\CortexM3\ARM_GCC_541\Debug\CamaraClimatica.a(BUZZER.o)
                0x0000d3d8                BUZZER_Read
 .text.CurrentMux_Start
                0x0000d3e8       0x20 .\CortexM3\ARM_GCC_541\Debug\CamaraClimatica.a(CurrentMux.o)
                0x0000d3e8                CurrentMux_Start
 .text.CurrentMux_FastSelect
                0x0000d408       0x20 .\CortexM3\ARM_GCC_541\Debug\CamaraClimatica.a(CurrentMux.o)
                0x0000d408                CurrentMux_FastSelect
 .text.RTD_MultShift24
                0x0000d428       0x30 .\CortexM3\ARM_GCC_541\Debug\CamaraClimatica.a(RTD.o)
                0x0000d428                RTD_MultShift24
 .text.RTD_GetTemperature
                0x0000d458       0xa0 .\CortexM3\ARM_GCC_541\Debug\CamaraClimatica.a(RTD.o)
                0x0000d458                RTD_GetTemperature
 .text.ADC_SAR_SAR_CalcGain
                0x0000d4f8       0x64 .\CortexM3\ARM_GCC_541\Debug\CamaraClimatica.a(ADC_SAR_SAR.o)
 .text.ADC_SAR_SAR_Enable
                0x0000d55c       0x78 .\CortexM3\ARM_GCC_541\Debug\CamaraClimatica.a(ADC_SAR_SAR.o)
                0x0000d55c                ADC_SAR_SAR_Enable
 .text.ADC_SAR_SAR_SetResolution
                0x0000d5d4       0x38 .\CortexM3\ARM_GCC_541\Debug\CamaraClimatica.a(ADC_SAR_SAR.o)
                0x0000d5d4                ADC_SAR_SAR_SetResolution
 .text.ADC_SAR_SAR_Init
                0x0000d60c       0x24 .\CortexM3\ARM_GCC_541\Debug\CamaraClimatica.a(ADC_SAR_SAR.o)
                0x0000d60c                ADC_SAR_SAR_Init
 .text.ADC_SAR_SAR_Start
                0x0000d630       0x1c .\CortexM3\ARM_GCC_541\Debug\CamaraClimatica.a(ADC_SAR_SAR.o)
                0x0000d630                ADC_SAR_SAR_Start
 .text.ADC_SAR_SAR_StartConvert
                0x0000d64c       0x10 .\CortexM3\ARM_GCC_541\Debug\CamaraClimatica.a(ADC_SAR_SAR.o)
                0x0000d64c                ADC_SAR_SAR_StartConvert
 .text.ADC_SAR_SAR_CountsTo_mVolts
                0x0000d65c       0x58 .\CortexM3\ARM_GCC_541\Debug\CamaraClimatica.a(ADC_SAR_SAR.o)
                0x0000d65c                ADC_SAR_SAR_CountsTo_mVolts
 .text.ADC_SAR_SAR_CountsTo_Volts
                0x0000d6b4       0x50 .\CortexM3\ARM_GCC_541\Debug\CamaraClimatica.a(ADC_SAR_SAR.o)
                0x0000d6b4                ADC_SAR_SAR_CountsTo_Volts
 .text.ADC_SAR_TempBuf_DmaInitialize
                0x0000d704       0x3c .\CortexM3\ARM_GCC_541\Debug\CamaraClimatica.a(ADC_SAR_TempBuf_dma.o)
                0x0000d704                ADC_SAR_TempBuf_DmaInitialize
 .text.ADC_SAR_FinalBuf_DmaInitialize
                0x0000d740       0x3c .\CortexM3\ARM_GCC_541\Debug\CamaraClimatica.a(ADC_SAR_FinalBuf_dma.o)
                0x0000d740                ADC_SAR_FinalBuf_DmaInitialize
 .text.DS1302_IO_PIN_Write
                0x0000d77c       0x18 .\CortexM3\ARM_GCC_541\Debug\CamaraClimatica.a(DS1302_IO_PIN.o)
                0x0000d77c                DS1302_IO_PIN_Write
 .text.DS1302_IO_PIN_Read
                0x0000d794       0x10 .\CortexM3\ARM_GCC_541\Debug\CamaraClimatica.a(DS1302_IO_PIN.o)
                0x0000d794                DS1302_IO_PIN_Read
 .text.DS1302_SCLK_PIN_Write
                0x0000d7a4       0x18 .\CortexM3\ARM_GCC_541\Debug\CamaraClimatica.a(DS1302_SCLK_PIN.o)
                0x0000d7a4                DS1302_SCLK_PIN_Write
 .text.DS1302_CE_PIN_Write
                0x0000d7bc       0x18 .\CortexM3\ARM_GCC_541\Debug\CamaraClimatica.a(DS1302_CE_PIN.o)
                0x0000d7bc                DS1302_CE_PIN_Write
 .text.CR2_Write
                0x0000d7d4       0x18 .\CortexM3\ARM_GCC_541\Debug\CamaraClimatica.a(CR2.o)
                0x0000d7d4                CR2_Write
 .text.CR2_Read
                0x0000d7ec       0x10 .\CortexM3\ARM_GCC_541\Debug\CamaraClimatica.a(CR2.o)
                0x0000d7ec                CR2_Read
 .text.CR1_Write
                0x0000d7fc       0x18 .\CortexM3\ARM_GCC_541\Debug\CamaraClimatica.a(CR1.o)
                0x0000d7fc                CR1_Write
 .text.CR1_Read
                0x0000d814       0x10 .\CortexM3\ARM_GCC_541\Debug\CamaraClimatica.a(CR1.o)
                0x0000d814                CR1_Read
 .text.CR3_Write
                0x0000d824       0x18 .\CortexM3\ARM_GCC_541\Debug\CamaraClimatica.a(CR3.o)
                0x0000d824                CR3_Write
 .text.CR3_Read
                0x0000d83c       0x10 .\CortexM3\ARM_GCC_541\Debug\CamaraClimatica.a(CR3.o)
                0x0000d83c                CR3_Read
 .text.TERM_Read
                0x0000d84c       0x10 .\CortexM3\ARM_GCC_541\Debug\CamaraClimatica.a(TERM.o)
                0x0000d84c                TERM_Read
 .text.CR5_Write
                0x0000d85c       0x18 .\CortexM3\ARM_GCC_541\Debug\CamaraClimatica.a(CR5.o)
                0x0000d85c                CR5_Write
 .text.CR5_Read
                0x0000d874       0x10 .\CortexM3\ARM_GCC_541\Debug\CamaraClimatica.a(CR5.o)
                0x0000d874                CR5_Read
 .text.CR4_Write
                0x0000d884       0x18 .\CortexM3\ARM_GCC_541\Debug\CamaraClimatica.a(CR4.o)
                0x0000d884                CR4_Write
 .text.CR4_Read
                0x0000d89c       0x10 .\CortexM3\ARM_GCC_541\Debug\CamaraClimatica.a(CR4.o)
                0x0000d89c                CR4_Read
 .text.LEVEL_Read
                0x0000d8ac       0x10 .\CortexM3\ARM_GCC_541\Debug\CamaraClimatica.a(LEVEL.o)
                0x0000d8ac                LEVEL_Read
 .text.CR6_Write
                0x0000d8bc       0x18 .\CortexM3\ARM_GCC_541\Debug\CamaraClimatica.a(CR6.o)
                0x0000d8bc                CR6_Write
 .text.CR6_Read
                0x0000d8d4       0x10 .\CortexM3\ARM_GCC_541\Debug\CamaraClimatica.a(CR6.o)
                0x0000d8d4                CR6_Read
 .text.CR7_Write
                0x0000d8e4       0x18 .\CortexM3\ARM_GCC_541\Debug\CamaraClimatica.a(CR7.o)
                0x0000d8e4                CR7_Write
 .text.CR7_Read
                0x0000d8fc       0x10 .\CortexM3\ARM_GCC_541\Debug\CamaraClimatica.a(CR7.o)
                0x0000d8fc                CR7_Read
 .text.CR8_Write
                0x0000d90c       0x18 .\CortexM3\ARM_GCC_541\Debug\CamaraClimatica.a(CR8.o)
                0x0000d90c                CR8_Write
 .text.CR8_Read
                0x0000d924       0x10 .\CortexM3\ARM_GCC_541\Debug\CamaraClimatica.a(CR8.o)
                0x0000d924                CR8_Read
 .text.SPI0_Enable
                0x0000d934       0x34 .\CortexM3\ARM_GCC_541\Debug\CamaraClimatica.a(SPI0.o)
                0x0000d934                SPI0_Enable
 .text.SPI0_ReadTxStatus
                0x0000d968        0xc .\CortexM3\ARM_GCC_541\Debug\CamaraClimatica.a(SPI0.o)
                0x0000d968                SPI0_ReadTxStatus
 .text.SPI0_ReadRxStatus
                0x0000d974        0xc .\CortexM3\ARM_GCC_541\Debug\CamaraClimatica.a(SPI0.o)
                0x0000d974                SPI0_ReadRxStatus
 .text.SPI0_WriteTxData
                0x0000d980       0x18 .\CortexM3\ARM_GCC_541\Debug\CamaraClimatica.a(SPI0.o)
                0x0000d980                SPI0_WriteTxData
 .text.SPI0_ReadRxData
                0x0000d998        0xc .\CortexM3\ARM_GCC_541\Debug\CamaraClimatica.a(SPI0.o)
                0x0000d998                SPI0_ReadRxData
 .text.SPI0_GetRxBufferSize
                0x0000d9a4       0x18 .\CortexM3\ARM_GCC_541\Debug\CamaraClimatica.a(SPI0.o)
                0x0000d9a4                SPI0_GetRxBufferSize
 .text.SPI0_ClearRxBuffer
                0x0000d9bc       0x1c .\CortexM3\ARM_GCC_541\Debug\CamaraClimatica.a(SPI0.o)
                0x0000d9bc                SPI0_ClearRxBuffer
 .text.SPI0_ClearFIFO
                0x0000d9d8       0x3c .\CortexM3\ARM_GCC_541\Debug\CamaraClimatica.a(SPI0.o)
                0x0000d9d8                SPI0_ClearFIFO
 .text.SPI0_Init
                0x0000da14       0x28 .\CortexM3\ARM_GCC_541\Debug\CamaraClimatica.a(SPI0.o)
                0x0000da14                SPI0_Init
 .text.SPI0_Start
                0x0000da3c       0x1c .\CortexM3\ARM_GCC_541\Debug\CamaraClimatica.a(SPI0.o)
                0x0000da3c                SPI0_Start
 .text.ETH0_W51_Write
                0x0000da58       0x38 .\CortexM3\ARM_GCC_541\Debug\CamaraClimatica.a(ETH0.o)
                0x0000da58                ETH0_W51_Write
 .text.ETH0_SetMode
                0x0000da90        0xc .\CortexM3\ARM_GCC_541\Debug\CamaraClimatica.a(ETH0.o)
 .text.ETH0_SetTxMemSize
                0x0000da9c        0xc .\CortexM3\ARM_GCC_541\Debug\CamaraClimatica.a(ETH0.o)
 .text.ETH0_SetRxMemSize
                0x0000daa8        0xc .\CortexM3\ARM_GCC_541\Debug\CamaraClimatica.a(ETH0.o)
 .text.ETH0_W51_SetIP
                0x0000dab4       0x24 .\CortexM3\ARM_GCC_541\Debug\CamaraClimatica.a(ETH0.o)
 .text.ETH0_SetGatewayAddress
                0x0000dad8        0xc .\CortexM3\ARM_GCC_541\Debug\CamaraClimatica.a(ETH0.o)
 .text.ETH0_SetSourceIP
                0x0000dae4        0xc .\CortexM3\ARM_GCC_541\Debug\CamaraClimatica.a(ETH0.o)
 .text.ETH0_SetSubnetMask
                0x0000daf0        0xc .\CortexM3\ARM_GCC_541\Debug\CamaraClimatica.a(ETH0.o)
 .text.ETH0_W51_SetMAC
                0x0000dafc       0x1c .\CortexM3\ARM_GCC_541\Debug\CamaraClimatica.a(ETH0.o)
 .text.ETH0_SetSourceMAC
                0x0000db18        0xc .\CortexM3\ARM_GCC_541\Debug\CamaraClimatica.a(ETH0.o)
 .text.ETH0_SetIR
                0x0000db24        0xc .\CortexM3\ARM_GCC_541\Debug\CamaraClimatica.a(ETH0.o)
 .text.ETH0_W51_Write16
                0x0000db30       0x18 .\CortexM3\ARM_GCC_541\Debug\CamaraClimatica.a(ETH0.o)
 .text.ETH0_SetSocketSourcePort
                0x0000db48       0x10 .\CortexM3\ARM_GCC_541\Debug\CamaraClimatica.a(ETH0.o)
 .text.ETH0_SetSocketTxWritePtr
                0x0000db58       0x10 .\CortexM3\ARM_GCC_541\Debug\CamaraClimatica.a(ETH0.o)
 .text.ETH0_SetSocketRxReadPtr
                0x0000db68       0x10 .\CortexM3\ARM_GCC_541\Debug\CamaraClimatica.a(ETH0.o)
 .text.ETH0_SetSocketMode
                0x0000db78       0x14 .\CortexM3\ARM_GCC_541\Debug\CamaraClimatica.a(ETH0.o)
 .text.ETH0_SetSocketCommand
                0x0000db8c       0x10 .\CortexM3\ARM_GCC_541\Debug\CamaraClimatica.a(ETH0.o)
 .text.ETH0_SetSocketIR
                0x0000db9c       0x10 .\CortexM3\ARM_GCC_541\Debug\CamaraClimatica.a(ETH0.o)
 .text.ETH0_W51_WriteBlock
                0x0000dbac       0x20 .\CortexM3\ARM_GCC_541\Debug\CamaraClimatica.a(ETH0.o)
 .text.ETH0_W51_Read
                0x0000dbcc       0x5c .\CortexM3\ARM_GCC_541\Debug\CamaraClimatica.a(ETH0.o)
                0x0000dbcc                ETH0_W51_Read
 .text.ETH0_W51_GetIP
                0x0000dc28       0x28 .\CortexM3\ARM_GCC_541\Debug\CamaraClimatica.a(ETH0.o)
 .text.ETH0_GetSourceIP
                0x0000dc50        0xc .\CortexM3\ARM_GCC_541\Debug\CamaraClimatica.a(ETH0.o)
 .text.ETH0_GetSocketCommand
                0x0000dc5c       0x10 .\CortexM3\ARM_GCC_541\Debug\CamaraClimatica.a(ETH0.o)
 .text.ETH0_ExecuteSocketCommand
                0x0000dc6c       0x28 .\CortexM3\ARM_GCC_541\Debug\CamaraClimatica.a(ETH0.o)
 .text.ETH0_GetSocketStatus
                0x0000dc94       0x10 .\CortexM3\ARM_GCC_541\Debug\CamaraClimatica.a(ETH0.o)
 .text.ETH0_W51_Read16
                0x0000dca4       0x1c .\CortexM3\ARM_GCC_541\Debug\CamaraClimatica.a(ETH0.o)
 .text.ETH0_GetSocketRxSize
                0x0000dcc0       0x10 .\CortexM3\ARM_GCC_541\Debug\CamaraClimatica.a(ETH0.o)
 .text.ETH0_GetRxSize
                0x0000dcd0       0x20 .\CortexM3\ARM_GCC_541\Debug\CamaraClimatica.a(ETH0.o)
 .text.ETH0_GetSocketTxFree
                0x0000dcf0       0x10 .\CortexM3\ARM_GCC_541\Debug\CamaraClimatica.a(ETH0.o)
 .text.ETH0_GetTxFreeSize
                0x0000dd00       0x20 .\CortexM3\ARM_GCC_541\Debug\CamaraClimatica.a(ETH0.o)
 .text.ETH0_GetSocketTxWritePtr
                0x0000dd20       0x10 .\CortexM3\ARM_GCC_541\Debug\CamaraClimatica.a(ETH0.o)
 .text.ETH0_ProcessTxData
                0x0000dd30       0x60 .\CortexM3\ARM_GCC_541\Debug\CamaraClimatica.a(ETH0.o)
 .text.ETH0_GetSocketRxReadPtr
                0x0000dd90       0x10 .\CortexM3\ARM_GCC_541\Debug\CamaraClimatica.a(ETH0.o)
 .text.ETH0_GetSocketIR
                0x0000dda0       0x10 .\CortexM3\ARM_GCC_541\Debug\CamaraClimatica.a(ETH0.o)
 .text.ETH0_SocketSend
                0x0000ddb0       0x44 .\CortexM3\ARM_GCC_541\Debug\CamaraClimatica.a(ETH0.o)
 .text.ETH0_W51_ReadBlock
                0x0000ddf4       0x20 .\CortexM3\ARM_GCC_541\Debug\CamaraClimatica.a(ETH0.o)
 .text.ETH0_ProcessRxData
                0x0000de14       0x6c .\CortexM3\ARM_GCC_541\Debug\CamaraClimatica.a(ETH0.o)
 .text.ETH0_ParseIP
                0x0000de80       0xb0 .\CortexM3\ARM_GCC_541\Debug\CamaraClimatica.a(ETH0.o)
                0x0000de80                ETH0_ParseIP
 .text.ETH0_ParseMAC
                0x0000df30       0xf0 .\CortexM3\ARM_GCC_541\Debug\CamaraClimatica.a(ETH0.o)
                0x0000df30                ETH0_ParseMAC
 .text.ETH0_StringIP
                0x0000e020       0x7c .\CortexM3\ARM_GCC_541\Debug\CamaraClimatica.a(ETH0.o)
                0x0000e020                ETH0_StringIP
 .text.ETH0_SetIP
                0x0000e09c       0x18 .\CortexM3\ARM_GCC_541\Debug\CamaraClimatica.a(ETH0.o)
                0x0000e09c                ETH0_SetIP
 .text.ETH0_SocketOpen
                0x0000e0b4       0x68 .\CortexM3\ARM_GCC_541\Debug\CamaraClimatica.a(ETH0.o)
                0x0000e0b4                ETH0_SocketOpen
 .text.ETH0_SocketClose
                0x0000e11c       0x30 .\CortexM3\ARM_GCC_541\Debug\CamaraClimatica.a(ETH0.o)
                0x0000e11c                ETH0_SocketClose
 .text.ETH0_Init
                0x0000e14c       0x6c .\CortexM3\ARM_GCC_541\Debug\CamaraClimatica.a(ETH0.o)
                0x0000e14c                ETH0_Init
 .text.ETH0_Start
                0x0000e1b8       0x78 .\CortexM3\ARM_GCC_541\Debug\CamaraClimatica.a(ETH0.o)
                0x0000e1b8                ETH0_Start
 .text.ETH0_SocketEstablished
                0x0000e230       0x10 .\CortexM3\ARM_GCC_541\Debug\CamaraClimatica.a(ETH0.o)
                0x0000e230                ETH0_SocketEstablished
 .text.ETH0_SocketRxDataWaiting
                0x0000e240        0x8 .\CortexM3\ARM_GCC_541\Debug\CamaraClimatica.a(ETH0.o)
                0x0000e240                ETH0_SocketRxDataWaiting
 .text.ETH0_TcpOpen
                0x0000e248       0x10 .\CortexM3\ARM_GCC_541\Debug\CamaraClimatica.a(ETH0.o)
                0x0000e248                ETH0_TcpOpen
 .text.ETH0_TcpStartServer
                0x0000e258       0x10 .\CortexM3\ARM_GCC_541\Debug\CamaraClimatica.a(ETH0.o)
                0x0000e258                ETH0_TcpStartServer
 .text.ETH0_TcpConnected
                0x0000e268        0x8 .\CortexM3\ARM_GCC_541\Debug\CamaraClimatica.a(ETH0.o)
                0x0000e268                ETH0_TcpConnected
 .text.ETH0_TcpDisconnect
                0x0000e270        0xc .\CortexM3\ARM_GCC_541\Debug\CamaraClimatica.a(ETH0.o)
                0x0000e270                ETH0_TcpDisconnect
 .text.ETH0_TcpSend
                0x0000e27c       0x68 .\CortexM3\ARM_GCC_541\Debug\CamaraClimatica.a(ETH0.o)
                0x0000e27c                ETH0_TcpSend
 .text.ETH0_TcpReceive
                0x0000e2e4       0x34 .\CortexM3\ARM_GCC_541\Debug\CamaraClimatica.a(ETH0.o)
                0x0000e2e4                ETH0_TcpReceive
 .text.SPI0_IntClock_Start
                0x0000e318       0x1c .\CortexM3\ARM_GCC_541\Debug\CamaraClimatica.a(SPI0_IntClock.o)
                0x0000e318                SPI0_IntClock_Start
 *fill*         0x0000e334        0x4 
 .text          0x0000e338       0x20 .\CortexM3\ARM_GCC_541\Debug\CamaraClimatica.a(CyBootAsmGnu.o)
                0x0000e338                CyDelayCycles
                0x0000e348                CyEnterCriticalSection
                0x0000e350                CyExitCriticalSection
 .text.CyFlashGetSpcAlgorithm
                0x0000e358       0x4c .\CortexM3\ARM_GCC_541\Debug\CamaraClimatica.a(CyFlash.o)
 .text.CySetTempInt
                0x0000e3a4       0x60 .\CortexM3\ARM_GCC_541\Debug\CamaraClimatica.a(CyFlash.o)
 .text.CySetTemp
                0x0000e404       0x14 .\CortexM3\ARM_GCC_541\Debug\CamaraClimatica.a(CyFlash.o)
                0x0000e404                CySetTemp
 .text.CyEEPROM_Start
                0x0000e418       0x54 .\CortexM3\ARM_GCC_541\Debug\CamaraClimatica.a(CyFlash.o)
                0x0000e418                CyEEPROM_Start
 .text.CyEEPROM_ReadReserve
                0x0000e46c       0x1c .\CortexM3\ARM_GCC_541\Debug\CamaraClimatica.a(CyFlash.o)
                0x0000e46c                CyEEPROM_ReadReserve
 .text.CyEEPROM_ReadRelease
                0x0000e488       0x10 .\CortexM3\ARM_GCC_541\Debug\CamaraClimatica.a(CyFlash.o)
                0x0000e488                CyEEPROM_ReadRelease
 .text.CySpcStart
                0x0000e498       0x24 .\CortexM3\ARM_GCC_541\Debug\CamaraClimatica.a(CySpc.o)
                0x0000e498                CySpcStart
 .text.CySpcReadData
                0x0000e4bc       0x34 .\CortexM3\ARM_GCC_541\Debug\CamaraClimatica.a(CySpc.o)
                0x0000e4bc                CySpcReadData
 .text.CySpcLoadMultiByte
                0x0000e4f0       0x78 .\CortexM3\ARM_GCC_541\Debug\CamaraClimatica.a(CySpc.o)
                0x0000e4f0                CySpcLoadMultiByte
 .text.CySpcWriteRow
                0x0000e568       0x4c .\CortexM3\ARM_GCC_541\Debug\CamaraClimatica.a(CySpc.o)
                0x0000e568                CySpcWriteRow
 .text.CySpcGetTemp
                0x0000e5b4       0x3c .\CortexM3\ARM_GCC_541\Debug\CamaraClimatica.a(CySpc.o)
                0x0000e5b4                CySpcGetTemp
 .text.CySpcLock
                0x0000e5f0       0x4c .\CortexM3\ARM_GCC_541\Debug\CamaraClimatica.a(CySpc.o)
                0x0000e5f0                CySpcLock
 .text.CySpcUnlock
                0x0000e63c       0x38 .\CortexM3\ARM_GCC_541\Debug\CamaraClimatica.a(CySpc.o)
                0x0000e63c                CySpcUnlock
 .text.CySpcGetAlgorithm
                0x0000e674       0x28 .\CortexM3\ARM_GCC_541\Debug\CamaraClimatica.a(CySpc.o)
                0x0000e674                CySpcGetAlgorithm
 .text.USBUART_DispatchClassRqst
                0x0000e69c       0x60 .\CortexM3\ARM_GCC_541\Debug\CamaraClimatica.a(USBUART_cls.o)
                0x0000e69c                USBUART_DispatchClassRqst
 .text.pow      0x0000e6fc      0x330 c:/program files (x86)/cypress/psoc creator/4.4/psoc creator/import/gnu/arm/5.4.1/bin/../lib/gcc/arm-none-eabi/5.4.1/../../../../arm-none-eabi/lib/armv7-m\libm.a(lib_a-w_pow.o)
                0x0000e6fc                pow
 *fill*         0x0000ea2c        0x4 
 .text.__ieee754_pow
                0x0000ea30      0xac4 c:/program files (x86)/cypress/psoc creator/4.4/psoc creator/import/gnu/arm/5.4.1/bin/../lib/gcc/arm-none-eabi/5.4.1/../../../../arm-none-eabi/lib/armv7-m\libm.a(lib_a-e_pow.o)
                0x0000ea30                __ieee754_pow
 .text.__ieee754_sqrt
                0x0000f4f4      0x188 c:/program files (x86)/cypress/psoc creator/4.4/psoc creator/import/gnu/arm/5.4.1/bin/../lib/gcc/arm-none-eabi/5.4.1/../../../../arm-none-eabi/lib/armv7-m\libm.a(lib_a-e_sqrt.o)
                0x0000f4f4                __ieee754_sqrt
 .text.fabs     0x0000f67c        0x8 c:/program files (x86)/cypress/psoc creator/4.4/psoc creator/import/gnu/arm/5.4.1/bin/../lib/gcc/arm-none-eabi/5.4.1/../../../../arm-none-eabi/lib/armv7-m\libm.a(lib_a-s_fabs.o)
                0x0000f67c                fabs
 .text.finite   0x0000f684        0xc c:/program files (x86)/cypress/psoc creator/4.4/psoc creator/import/gnu/arm/5.4.1/bin/../lib/gcc/arm-none-eabi/5.4.1/../../../../arm-none-eabi/lib/armv7-m\libm.a(lib_a-s_finite.o)
                0x0000f684                finite
 .text.matherr  0x0000f690        0x4 c:/program files (x86)/cypress/psoc creator/4.4/psoc creator/import/gnu/arm/5.4.1/bin/../lib/gcc/arm-none-eabi/5.4.1/../../../../arm-none-eabi/lib/armv7-m\libm.a(lib_a-s_matherr.o)
                0x0000f690                matherr
 .text.nan      0x0000f694        0xc c:/program files (x86)/cypress/psoc creator/4.4/psoc creator/import/gnu/arm/5.4.1/bin/../lib/gcc/arm-none-eabi/5.4.1/../../../../arm-none-eabi/lib/armv7-m\libm.a(lib_a-s_nan.o)
                0x0000f694                nan
 .text.rint     0x0000f6a0      0x120 c:/program files (x86)/cypress/psoc creator/4.4/psoc creator/import/gnu/arm/5.4.1/bin/../lib/gcc/arm-none-eabi/5.4.1/../../../../arm-none-eabi/lib/armv7-m\libm.a(lib_a-s_rint.o)
                0x0000f6a0                rint
 .text.scalbn   0x0000f7c0       0xe4 c:/program files (x86)/cypress/psoc creator/4.4/psoc creator/import/gnu/arm/5.4.1/bin/../lib/gcc/arm-none-eabi/5.4.1/../../../../arm-none-eabi/lib/armv7-m\libm.a(lib_a-s_scalbn.o)
                0x0000f7c0                scalbn
 .text.copysign
                0x0000f8a4       0x10 c:/program files (x86)/cypress/psoc creator/4.4/psoc creator/import/gnu/arm/5.4.1/bin/../lib/gcc/arm-none-eabi/5.4.1/../../../../arm-none-eabi/lib/armv7-m\libm.a(lib_a-s_copysign.o)
                0x0000f8a4                copysign
 .text          0x0000f8b4      0x370 c:/program files (x86)/cypress/psoc creator/4.4/psoc creator/import/gnu/arm/5.4.1/bin/../lib/gcc/arm-none-eabi/5.4.1/armv7-m\libgcc.a(_arm_addsubdf3.o)
                0x0000f8b4                __aeabi_drsub
                0x0000f8bc                __aeabi_dsub
                0x0000f8bc                __subdf3
                0x0000f8c0                __aeabi_dadd
                0x0000f8c0                __adddf3
                0x0000fb38                __floatunsidf
                0x0000fb38                __aeabi_ui2d
                0x0000fb58                __floatsidf
                0x0000fb58                __aeabi_i2d
                0x0000fb7c                __aeabi_f2d
                0x0000fb7c                __extendsfdf2
                0x0000fbb8                __floatundidf
                0x0000fbb8                __aeabi_ul2d
                0x0000fbc8                __floatdidf
                0x0000fbc8                __aeabi_l2d
 .text          0x0000fc24      0x424 c:/program files (x86)/cypress/psoc creator/4.4/psoc creator/import/gnu/arm/5.4.1/bin/../lib/gcc/arm-none-eabi/5.4.1/armv7-m\libgcc.a(_arm_muldivdf3.o)
                0x0000fc24                __aeabi_dmul
                0x0000fc24                __muldf3
                0x0000fe78                __divdf3
                0x0000fe78                __aeabi_ddiv
 .text          0x00010048      0x110 c:/program files (x86)/cypress/psoc creator/4.4/psoc creator/import/gnu/arm/5.4.1/bin/../lib/gcc/arm-none-eabi/5.4.1/armv7-m\libgcc.a(_arm_cmpdf2.o)
                0x00010048                __gtdf2
                0x00010048                __gedf2
                0x00010050                __ltdf2
                0x00010050                __ledf2
                0x00010058                __nedf2
                0x00010058                __eqdf2
                0x00010058                __cmpdf2
                0x000100d4                __aeabi_cdrcmple
                0x000100e4                __aeabi_cdcmpeq
                0x000100e4                __aeabi_cdcmple
                0x000100f4                __aeabi_dcmpeq
                0x00010108                __aeabi_dcmplt
                0x0001011c                __aeabi_dcmple
                0x00010130                __aeabi_dcmpge
                0x00010144                __aeabi_dcmpgt
 .text          0x00010158       0x2c c:/program files (x86)/cypress/psoc creator/4.4/psoc creator/import/gnu/arm/5.4.1/bin/../lib/gcc/arm-none-eabi/5.4.1/armv7-m\libgcc.a(_arm_unorddf2.o)
                0x00010158                __unorddf2
                0x00010158                __aeabi_dcmpun
 .text          0x00010184       0x50 c:/program files (x86)/cypress/psoc creator/4.4/psoc creator/import/gnu/arm/5.4.1/bin/../lib/gcc/arm-none-eabi/5.4.1/armv7-m\libgcc.a(_arm_fixdfsi.o)
                0x00010184                __aeabi_d2iz
                0x00010184                __fixdfsi
 .text          0x000101d4       0x40 c:/program files (x86)/cypress/psoc creator/4.4/psoc creator/import/gnu/arm/5.4.1/bin/../lib/gcc/arm-none-eabi/5.4.1/armv7-m\libgcc.a(_arm_fixunsdfsi.o)
                0x000101d4                __aeabi_d2uiz
                0x000101d4                __fixunsdfsi
 .text          0x00010214       0xa0 c:/program files (x86)/cypress/psoc creator/4.4/psoc creator/import/gnu/arm/5.4.1/bin/../lib/gcc/arm-none-eabi/5.4.1/armv7-m\libgcc.a(_arm_truncdfsf2.o)
                0x00010214                __truncdfsf2
                0x00010214                __aeabi_d2f
 .text          0x000102b4      0x21c c:/program files (x86)/cypress/psoc creator/4.4/psoc creator/import/gnu/arm/5.4.1/bin/../lib/gcc/arm-none-eabi/5.4.1/armv7-m\libgcc.a(_arm_addsubsf3.o)
                0x000102b4                __aeabi_frsub
                0x000102bc                __subsf3
                0x000102bc                __aeabi_fsub
                0x000102c0                __aeabi_fadd
                0x000102c0                __addsf3
                0x00010420                __aeabi_ui2f
                0x00010420                __floatunsisf
                0x00010428                __aeabi_i2f
                0x00010428                __floatsisf
                0x00010444                __aeabi_ul2f
                0x00010444                __floatundisf
                0x00010454                __aeabi_l2f
                0x00010454                __floatdisf
 .text          0x000104d0      0x2a0 c:/program files (x86)/cypress/psoc creator/4.4/psoc creator/import/gnu/arm/5.4.1/bin/../lib/gcc/arm-none-eabi/5.4.1/armv7-m\libgcc.a(_arm_muldivsf3.o)
                0x000104d0                __mulsf3
                0x000104d0                __aeabi_fmul
                0x00010638                __aeabi_fdiv
                0x00010638                __divsf3
 .text          0x00010770       0xec c:/program files (x86)/cypress/psoc creator/4.4/psoc creator/import/gnu/arm/5.4.1/bin/../lib/gcc/arm-none-eabi/5.4.1/armv7-m\libgcc.a(_arm_cmpsf2.o)
                0x00010770                __gesf2
                0x00010770                __gtsf2
                0x00010778                __lesf2
                0x00010778                __ltsf2
                0x00010780                __nesf2
                0x00010780                __eqsf2
                0x00010780                __cmpsf2
                0x000107e0                __aeabi_cfrcmple
                0x000107e8                __aeabi_cfcmpeq
                0x000107e8                __aeabi_cfcmple
                0x000107f8                __aeabi_fcmpeq
                0x0001080c                __aeabi_fcmplt
                0x00010820                __aeabi_fcmple
                0x00010834                __aeabi_fcmpge
                0x00010848                __aeabi_fcmpgt
 .text          0x0001085c       0x4c c:/program files (x86)/cypress/psoc creator/4.4/psoc creator/import/gnu/arm/5.4.1/bin/../lib/gcc/arm-none-eabi/5.4.1/armv7-m\libgcc.a(_arm_fixsfsi.o)
                0x0001085c                __aeabi_f2iz
                0x0001085c                __fixsfsi
 .text          0x000108a8       0x40 c:/program files (x86)/cypress/psoc creator/4.4/psoc creator/import/gnu/arm/5.4.1/bin/../lib/gcc/arm-none-eabi/5.4.1/armv7-m\libgcc.a(_arm_fixunssfsi.o)
                0x000108a8                __fixunssfsi
                0x000108a8                __aeabi_f2uiz
 .text.__errno  0x000108e8        0xc c:/program files (x86)/cypress/psoc creator/4.4/psoc creator/import/gnu/arm/5.4.1/bin/../lib/gcc/arm-none-eabi/5.4.1/../../../../arm-none-eabi/lib/armv7-m\libg_nano.a(lib_a-errno.o)
                0x000108e8                __errno
 .text.__libc_init_array
                0x000108f4       0x4c c:/program files (x86)/cypress/psoc creator/4.4/psoc creator/import/gnu/arm/5.4.1/bin/../lib/gcc/arm-none-eabi/5.4.1/../../../../arm-none-eabi/lib/armv7-m\libg_nano.a(lib_a-init.o)
                0x000108f4                __libc_init_array
 .text.memcmp   0x00010940       0x1e c:/program files (x86)/cypress/psoc creator/4.4/psoc creator/import/gnu/arm/5.4.1/bin/../lib/gcc/arm-none-eabi/5.4.1/../../../../arm-none-eabi/lib/armv7-m\libg_nano.a(lib_a-memcmp.o)
                0x00010940                memcmp
 .text.memcpy   0x0001095e       0x16 c:/program files (x86)/cypress/psoc creator/4.4/psoc creator/import/gnu/arm/5.4.1/bin/../lib/gcc/arm-none-eabi/5.4.1/../../../../arm-none-eabi/lib/armv7-m\libg_nano.a(lib_a-memcpy-stub.o)
                0x0001095e                memcpy
 .text.memset   0x00010974       0x10 c:/program files (x86)/cypress/psoc creator/4.4/psoc creator/import/gnu/arm/5.4.1/bin/../lib/gcc/arm-none-eabi/5.4.1/../../../../arm-none-eabi/lib/armv7-m\libg_nano.a(lib_a-memset.o)
                0x00010974                memset
 .text.__cvt    0x00010984       0xc0 c:/program files (x86)/cypress/psoc creator/4.4/psoc creator/import/gnu/arm/5.4.1/bin/../lib/gcc/arm-none-eabi/5.4.1/../../../../arm-none-eabi/lib/armv7-m\libg_nano.a(lib_a-nano-vfprintf_float.o)
                0x00010984                __cvt
 .text.__exponent
                0x00010a44       0x62 c:/program files (x86)/cypress/psoc creator/4.4/psoc creator/import/gnu/arm/5.4.1/bin/../lib/gcc/arm-none-eabi/5.4.1/../../../../arm-none-eabi/lib/armv7-m\libg_nano.a(lib_a-nano-vfprintf_float.o)
                0x00010a44                __exponent
 *fill*         0x00010aa6        0x2 
 .text._printf_float
                0x00010aa8      0x488 c:/program files (x86)/cypress/psoc creator/4.4/psoc creator/import/gnu/arm/5.4.1/bin/../lib/gcc/arm-none-eabi/5.4.1/../../../../arm-none-eabi/lib/armv7-m\libg_nano.a(lib_a-nano-vfprintf_float.o)
                0x00010aa8                _printf_float
 .text._printf_common
                0x00010f30       0xec c:/program files (x86)/cypress/psoc creator/4.4/psoc creator/import/gnu/arm/5.4.1/bin/../lib/gcc/arm-none-eabi/5.4.1/../../../../arm-none-eabi/lib/armv7-m\libg_nano.a(lib_a-nano-vfprintf_i.o)
                0x00010f30                _printf_common
 .text._printf_i
                0x0001101c      0x24c c:/program files (x86)/cypress/psoc creator/4.4/psoc creator/import/gnu/arm/5.4.1/bin/../lib/gcc/arm-none-eabi/5.4.1/../../../../arm-none-eabi/lib/armv7-m\libg_nano.a(lib_a-nano-vfprintf_i.o)
                0x0001101c                _printf_i
 .text.sprintf  0x00011268       0x48 c:/program files (x86)/cypress/psoc creator/4.4/psoc creator/import/gnu/arm/5.4.1/bin/../lib/gcc/arm-none-eabi/5.4.1/../../../../arm-none-eabi/lib/armv7-m\libg_nano.a(lib_a-sprintf.o)
                0x00011268                siprintf
                0x00011268                sprintf
 .text.strcat   0x000112b0       0x1e c:/program files (x86)/cypress/psoc creator/4.4/psoc creator/import/gnu/arm/5.4.1/bin/../lib/gcc/arm-none-eabi/5.4.1/../../../../arm-none-eabi/lib/armv7-m\libg_nano.a(lib_a-strcat.o)
                0x000112b0                strcat
 .text.strchr   0x000112ce       0x1c c:/program files (x86)/cypress/psoc creator/4.4/psoc creator/import/gnu/arm/5.4.1/bin/../lib/gcc/arm-none-eabi/5.4.1/../../../../arm-none-eabi/lib/armv7-m\libg_nano.a(lib_a-strchr.o)
                0x000112ce                strchr
 .text          0x000112ea       0x14 c:/program files (x86)/cypress/psoc creator/4.4/psoc creator/import/gnu/arm/5.4.1/bin/../lib/gcc/arm-none-eabi/5.4.1/../../../../arm-none-eabi/lib/armv7-m\libg_nano.a(lib_a-strcmp.o)
                0x000112ea                strcmp
 .text.strcpy   0x000112fe       0x10 c:/program files (x86)/cypress/psoc creator/4.4/psoc creator/import/gnu/arm/5.4.1/bin/../lib/gcc/arm-none-eabi/5.4.1/../../../../arm-none-eabi/lib/armv7-m\libg_nano.a(lib_a-strcpy.o)
                0x000112fe                strcpy
 .text          0x0001130e       0x10 c:/program files (x86)/cypress/psoc creator/4.4/psoc creator/import/gnu/arm/5.4.1/bin/../lib/gcc/arm-none-eabi/5.4.1/../../../../arm-none-eabi/lib/armv7-m\libg_nano.a(lib_a-strlen.o)
                0x0001130e                strlen
 .text.quorem   0x0001131e      0x116 c:/program files (x86)/cypress/psoc creator/4.4/psoc creator/import/gnu/arm/5.4.1/bin/../lib/gcc/arm-none-eabi/5.4.1/../../../../arm-none-eabi/lib/armv7-m\libg_nano.a(lib_a-dtoa.o)
 *fill*         0x00011434        0x4 
 .text._dtoa_r  0x00011438      0xb30 c:/program files (x86)/cypress/psoc creator/4.4/psoc creator/import/gnu/arm/5.4.1/bin/../lib/gcc/arm-none-eabi/5.4.1/../../../../arm-none-eabi/lib/armv7-m\libg_nano.a(lib_a-dtoa.o)
                0x00011438                _dtoa_r
 .text._localeconv_r
                0x00011f68        0x8 c:/program files (x86)/cypress/psoc creator/4.4/psoc creator/import/gnu/arm/5.4.1/bin/../lib/gcc/arm-none-eabi/5.4.1/../../../../arm-none-eabi/lib/armv7-m\libg_nano.a(lib_a-locale.o)
                0x00011f68                _localeconv_r
 .text.malloc   0x00011f70       0x10 c:/program files (x86)/cypress/psoc creator/4.4/psoc creator/import/gnu/arm/5.4.1/bin/../lib/gcc/arm-none-eabi/5.4.1/../../../../arm-none-eabi/lib/armv7-m\libg_nano.a(lib_a-malloc.o)
                0x00011f70                malloc
 .text.memchr   0x00011f80       0x1c c:/program files (x86)/cypress/psoc creator/4.4/psoc creator/import/gnu/arm/5.4.1/bin/../lib/gcc/arm-none-eabi/5.4.1/../../../../arm-none-eabi/lib/armv7-m\libg_nano.a(lib_a-memchr-stub.o)
                0x00011f80                memchr
 .text._Balloc  0x00011f9c       0x6a c:/program files (x86)/cypress/psoc creator/4.4/psoc creator/import/gnu/arm/5.4.1/bin/../lib/gcc/arm-none-eabi/5.4.1/../../../../arm-none-eabi/lib/armv7-m\libg_nano.a(lib_a-mprec.o)
                0x00011f9c                _Balloc
 .text._Bfree   0x00012006       0x2e c:/program files (x86)/cypress/psoc creator/4.4/psoc creator/import/gnu/arm/5.4.1/bin/../lib/gcc/arm-none-eabi/5.4.1/../../../../arm-none-eabi/lib/armv7-m\libg_nano.a(lib_a-mprec.o)
                0x00012006                _Bfree
 .text.__multadd
                0x00012034       0x76 c:/program files (x86)/cypress/psoc creator/4.4/psoc creator/import/gnu/arm/5.4.1/bin/../lib/gcc/arm-none-eabi/5.4.1/../../../../arm-none-eabi/lib/armv7-m\libg_nano.a(lib_a-mprec.o)
                0x00012034                __multadd
 .text.__hi0bits
                0x000120aa       0x40 c:/program files (x86)/cypress/psoc creator/4.4/psoc creator/import/gnu/arm/5.4.1/bin/../lib/gcc/arm-none-eabi/5.4.1/../../../../arm-none-eabi/lib/armv7-m\libg_nano.a(lib_a-mprec.o)
                0x000120aa                __hi0bits
 .text.__lo0bits
                0x000120ea       0x5a c:/program files (x86)/cypress/psoc creator/4.4/psoc creator/import/gnu/arm/5.4.1/bin/../lib/gcc/arm-none-eabi/5.4.1/../../../../arm-none-eabi/lib/armv7-m\libg_nano.a(lib_a-mprec.o)
                0x000120ea                __lo0bits
 .text.__i2b    0x00012144       0x12 c:/program files (x86)/cypress/psoc creator/4.4/psoc creator/import/gnu/arm/5.4.1/bin/../lib/gcc/arm-none-eabi/5.4.1/../../../../arm-none-eabi/lib/armv7-m\libg_nano.a(lib_a-mprec.o)
                0x00012144                __i2b
 .text.__multiply
                0x00012156      0x120 c:/program files (x86)/cypress/psoc creator/4.4/psoc creator/import/gnu/arm/5.4.1/bin/../lib/gcc/arm-none-eabi/5.4.1/../../../../arm-none-eabi/lib/armv7-m\libg_nano.a(lib_a-mprec.o)
                0x00012156                __multiply
 *fill*         0x00012276        0x2 
 .text.__pow5mult
                0x00012278       0x9c c:/program files (x86)/cypress/psoc creator/4.4/psoc creator/import/gnu/arm/5.4.1/bin/../lib/gcc/arm-none-eabi/5.4.1/../../../../arm-none-eabi/lib/armv7-m\libg_nano.a(lib_a-mprec.o)
                0x00012278                __pow5mult
 .text.__lshift
                0x00012314       0xa2 c:/program files (x86)/cypress/psoc creator/4.4/psoc creator/import/gnu/arm/5.4.1/bin/../lib/gcc/arm-none-eabi/5.4.1/../../../../arm-none-eabi/lib/armv7-m\libg_nano.a(lib_a-mprec.o)
                0x00012314                __lshift
 .text.__mcmp   0x000123b6       0x38 c:/program files (x86)/cypress/psoc creator/4.4/psoc creator/import/gnu/arm/5.4.1/bin/../lib/gcc/arm-none-eabi/5.4.1/../../../../arm-none-eabi/lib/armv7-m\libg_nano.a(lib_a-mprec.o)
                0x000123b6                __mcmp
 .text.__mdiff  0x000123ee       0xbe c:/program files (x86)/cypress/psoc creator/4.4/psoc creator/import/gnu/arm/5.4.1/bin/../lib/gcc/arm-none-eabi/5.4.1/../../../../arm-none-eabi/lib/armv7-m\libg_nano.a(lib_a-mprec.o)
                0x000123ee                __mdiff
 .text.__d2b    0x000124ac       0x9c c:/program files (x86)/cypress/psoc creator/4.4/psoc creator/import/gnu/arm/5.4.1/bin/../lib/gcc/arm-none-eabi/5.4.1/../../../../arm-none-eabi/lib/armv7-m\libg_nano.a(lib_a-mprec.o)
                0x000124ac                __d2b
 .text._calloc_r
                0x00012548       0x1c c:/program files (x86)/cypress/psoc creator/4.4/psoc creator/import/gnu/arm/5.4.1/bin/../lib/gcc/arm-none-eabi/5.4.1/../../../../arm-none-eabi/lib/armv7-m\libg_nano.a(lib_a-nano-callocr.o)
                0x00012548                _calloc_r
 .text._free_r  0x00012564       0x98 c:/program files (x86)/cypress/psoc creator/4.4/psoc creator/import/gnu/arm/5.4.1/bin/../lib/gcc/arm-none-eabi/5.4.1/../../../../arm-none-eabi/lib/armv7-m\libg_nano.a(lib_a-nano-freer.o)
                0x00012564                _free_r
 .text._malloc_r
                0x000125fc       0xbc c:/program files (x86)/cypress/psoc creator/4.4/psoc creator/import/gnu/arm/5.4.1/bin/../lib/gcc/arm-none-eabi/5.4.1/../../../../arm-none-eabi/lib/armv7-m\libg_nano.a(lib_a-nano-mallocr.o)
                0x000125fc                _malloc_r
 .text.__ssputs_r
                0x000126b8       0xb2 c:/program files (x86)/cypress/psoc creator/4.4/psoc creator/import/gnu/arm/5.4.1/bin/../lib/gcc/arm-none-eabi/5.4.1/../../../../arm-none-eabi/lib/armv7-m\libg_nano.a(lib_a-nano-svfprintf.o)
                0x000126b8                __ssputs_r
 *fill*         0x0001276a        0x2 
 .text._svfprintf_r
                0x0001276c      0x1e8 c:/program files (x86)/cypress/psoc creator/4.4/psoc creator/import/gnu/arm/5.4.1/bin/../lib/gcc/arm-none-eabi/5.4.1/../../../../arm-none-eabi/lib/armv7-m\libg_nano.a(lib_a-nano-svfprintf.o)
                0x0001276c                _svfiprintf_r
                0x0001276c                _svfprintf_r
 .text._sbrk_r  0x00012954       0x20 c:/program files (x86)/cypress/psoc creator/4.4/psoc creator/import/gnu/arm/5.4.1/bin/../lib/gcc/arm-none-eabi/5.4.1/../../../../arm-none-eabi/lib/armv7-m\libg_nano.a(lib_a-sbrkr.o)
                0x00012954                _sbrk_r
 .text.memmove  0x00012974       0x36 c:/program files (x86)/cypress/psoc creator/4.4/psoc creator/import/gnu/arm/5.4.1/bin/../lib/gcc/arm-none-eabi/5.4.1/../../../../arm-none-eabi/lib/armv7-m\libg_nano.a(lib_a-memmove.o)
                0x00012974                memmove
 .text.__malloc_lock
                0x000129aa        0x2 c:/program files (x86)/cypress/psoc creator/4.4/psoc creator/import/gnu/arm/5.4.1/bin/../lib/gcc/arm-none-eabi/5.4.1/../../../../arm-none-eabi/lib/armv7-m\libg_nano.a(lib_a-mlock.o)
                0x000129aa                __malloc_lock
 .text.__malloc_unlock
                0x000129ac        0x2 c:/program files (x86)/cypress/psoc creator/4.4/psoc creator/import/gnu/arm/5.4.1/bin/../lib/gcc/arm-none-eabi/5.4.1/../../../../arm-none-eabi/lib/armv7-m\libg_nano.a(lib_a-mlock.o)
                0x000129ac                __malloc_unlock
 .text._realloc_r
                0x000129ae       0x4c c:/program files (x86)/cypress/psoc creator/4.4/psoc creator/import/gnu/arm/5.4.1/bin/../lib/gcc/arm-none-eabi/5.4.1/../../../../arm-none-eabi/lib/armv7-m\libg_nano.a(lib_a-nano-reallocr.o)
                0x000129ae                _realloc_r
 .text._malloc_usable_size_r
                0x000129fa       0x14 c:/program files (x86)/cypress/psoc creator/4.4/psoc creator/import/gnu/arm/5.4.1/bin/../lib/gcc/arm-none-eabi/5.4.1/../../../../arm-none-eabi/lib/armv7-m\libg_nano.a(lib_a-nano-msizer.o)
                0x000129fa                _malloc_usable_size_r
 *(.plt)
 *(.gnu.warning)
 *(.glue_7t)
 .glue_7t       0x00012a0e        0x0 linker stubs
 *(.glue_7)
 .glue_7        0x00012a0e        0x0 linker stubs
 *(.vfp11_veneer)
 .vfp11_veneer  0x00012a0e        0x0 linker stubs
 *(.bootloader)
 *(.ARM.extab* .gnu.linkonce.armextab.*)
 *(.gcc_except_table)

.v4_bx          0x00012a10        0x0
 .v4_bx         0x00012a10        0x0 linker stubs

.iplt           0x00012a10        0x0
 .iplt          0x00012a10        0x0 c:/program files (x86)/cypress/psoc creator/4.4/psoc creator/import/gnu/arm/5.4.1/bin/../lib/gcc/arm-none-eabi/5.4.1/armv7-m/crtbegin.o

.eh_frame_hdr
 *(.eh_frame_hdr)

.eh_frame       0x00012a10        0x4
 *(.eh_frame)
 .eh_frame      0x00012a10        0x0 c:/program files (x86)/cypress/psoc creator/4.4/psoc creator/import/gnu/arm/5.4.1/bin/../lib/gcc/arm-none-eabi/5.4.1/armv7-m/crtbegin.o
 .eh_frame      0x00012a10        0x4 c:/program files (x86)/cypress/psoc creator/4.4/psoc creator/import/gnu/arm/5.4.1/bin/../lib/gcc/arm-none-eabi/5.4.1/armv7-m/crtend.o
                [!provide]                PROVIDE (__exidx_start, .)

.ARM.exidx
 *(.ARM.exidx* .gnu.linkonce.armexidx.*)
                0x00012a14                __exidx_end = .

.rodata         0x00012a18     0x1768
 *(.rodata .rodata.* .gnu.linkonce.r.*)
 .rodata.str1.4
                0x00012a18      0xf1a .\CortexM3\ARM_GCC_541\Debug\main.o
 *fill*         0x00013932        0x2 
 .rodata.str1.4
                0x00013934      0x1b6 .\CortexM3\ARM_GCC_541\Debug\MyServer.o
 *fill*         0x00013aea        0x2 
 .rodata.str1.4
                0x00013aec      0x24b .\CortexM3\ARM_GCC_541\Debug\funciones.o
                                0x267 (size before relaxing)
 *fill*         0x00013d37        0x1 
 .rodata        0x00013d38       0x96 .\CortexM3\ARM_GCC_541\Debug\cyfitter_cfg.o
                0x00013d38                ADCMux_CYAMUXSIDE_A__addrTable
                0x00013d50                ADCMux_CYAMUXSIDE_A__maskTable
                0x00013d58                ADCMux_CYAMUXSIDE_B__addrTable
                0x00013d70                ADCMux_CYAMUXSIDE_B__maskTable
                0x00013d78                CurrentMux__addrTable
                0x00013d90                CurrentMux__maskTable
 *fill*         0x00013dce        0x2 
 .rodata.str1.4
                0x00013dd0       0x11 .\CortexM3\ARM_GCC_541\Debug\CamaraClimatica.a(USBUART_std.o)
 *fill*         0x00013de1        0x3 
 .rodata        0x00013de4       0x30 .\CortexM3\ARM_GCC_541\Debug\CamaraClimatica.a(RTD.o)
 .rodata        0x00013e14       0x10 .\CortexM3\ARM_GCC_541\Debug\CamaraClimatica.a(ETH0.o)
                0x00013e14                ETH0_SOCKET_TX_BASE
                0x00013e1c                ETH0_SOCKET_RX_BASE
 .rodata.str1.4
                0x00013e24       0x50 .\CortexM3\ARM_GCC_541\Debug\CamaraClimatica.a(ETH0.o)
 .rodata        0x00013e74      0x15e .\CortexM3\ARM_GCC_541\Debug\CamaraClimatica.a(USBUART_descr.o)
                0x00013e74                USBUART_TABLE
                0x00013e7c                USBUART_DEVICE0_TABLE
                0x00013e94                USBUART_DEVICE0_CONFIGURATION0_TABLE
                0x00013ebc                USBUART_DEVICE0_CONFIGURATION0_INTERFACE_CLASS
                0x00013ec0                USBUART_DEVICE0_CONFIGURATION0_EP_SETTINGS_TABLE
                0x00013ed8                USBUART_SN_STRING_DESCRIPTOR
                0x00013edc                USBUART_STRING_DESCRIPTORS
                0x00013f7c                USBUART_DEVICE0_CONFIGURATION0_DESCR
                0x00013fc0                USBUART_DEVICE0_DESCR
 *fill*         0x00013fd2        0x2 
 .rodata.str1.4
                0x00013fd4        0x4 c:/program files (x86)/cypress/psoc creator/4.4/psoc creator/import/gnu/arm/5.4.1/bin/../lib/gcc/arm-none-eabi/5.4.1/../../../../arm-none-eabi/lib/armv7-m\libm.a(lib_a-w_pow.o)
 .rodata.str1.4
                0x00013fd8        0x4 c:/program files (x86)/cypress/psoc creator/4.4/psoc creator/import/gnu/arm/5.4.1/bin/../lib/gcc/arm-none-eabi/5.4.1/../../../../arm-none-eabi/lib/armv7-m\libm.a(lib_a-e_pow.o)
                                  0x1 (size before relaxing)
 .rodata.TWO52  0x00013fd8       0x10 c:/program files (x86)/cypress/psoc creator/4.4/psoc creator/import/gnu/arm/5.4.1/bin/../lib/gcc/arm-none-eabi/5.4.1/../../../../arm-none-eabi/lib/armv7-m\libm.a(lib_a-s_rint.o)
 .rodata.str1.1
                0x00013fe8        0x2 c:/program files (x86)/cypress/psoc creator/4.4/psoc creator/import/gnu/arm/5.4.1/bin/../lib/gcc/arm-none-eabi/5.4.1/../../../../arm-none-eabi/lib/armv7-m\libg_nano.a(lib_a-impure.o)
 .rodata.str1.1
                0x00013fea       0x12 c:/program files (x86)/cypress/psoc creator/4.4/psoc creator/import/gnu/arm/5.4.1/bin/../lib/gcc/arm-none-eabi/5.4.1/../../../../arm-none-eabi/lib/armv7-m\libg_nano.a(lib_a-nano-vfprintf_float.o)
 .rodata.str1.1
                0x00013ffc       0x22 c:/program files (x86)/cypress/psoc creator/4.4/psoc creator/import/gnu/arm/5.4.1/bin/../lib/gcc/arm-none-eabi/5.4.1/../../../../arm-none-eabi/lib/armv7-m\libg_nano.a(lib_a-nano-vfprintf_i.o)
 .rodata.str1.1
                0x0001401e        0xd c:/program files (x86)/cypress/psoc creator/4.4/psoc creator/import/gnu/arm/5.4.1/bin/../lib/gcc/arm-none-eabi/5.4.1/../../../../arm-none-eabi/lib/armv7-m\libg_nano.a(lib_a-dtoa.o)
                                  0xf (size before relaxing)
 .rodata.str1.1
                0x0001402b        0x8 c:/program files (x86)/cypress/psoc creator/4.4/psoc creator/import/gnu/arm/5.4.1/bin/../lib/gcc/arm-none-eabi/5.4.1/../../../../arm-none-eabi/lib/armv7-m\libg_nano.a(lib_a-locale.o)
                                  0xb (size before relaxing)
 *fill*         0x00014033        0x5 
 .rodata.__mprec_tens
                0x00014038       0xc8 c:/program files (x86)/cypress/psoc creator/4.4/psoc creator/import/gnu/arm/5.4.1/bin/../lib/gcc/arm-none-eabi/5.4.1/../../../../arm-none-eabi/lib/armv7-m\libg_nano.a(lib_a-mprec.o)
                0x00014038                __mprec_tens
 .rodata.p05.5408
                0x00014100        0xc c:/program files (x86)/cypress/psoc creator/4.4/psoc creator/import/gnu/arm/5.4.1/bin/../lib/gcc/arm-none-eabi/5.4.1/../../../../arm-none-eabi/lib/armv7-m\libg_nano.a(lib_a-mprec.o)
 *fill*         0x0001410c        0x4 
 .rodata.__mprec_bigtens