Archive member included to satisfy reference by file (symbol)

.\CortexM3\ARM_GCC_541\Debug\CamaraClimatica.a(CyDmac.o)
                              .\CortexM3\ARM_GCC_541\Debug\Cm3Start.o (CyDmacConfigure)
.\CortexM3\ARM_GCC_541\Debug\CamaraClimatica.a(CyLib.o)
                              .\CortexM3\ARM_GCC_541\Debug\Cm3Start.o (CyHalt)
.\CortexM3\ARM_GCC_541\Debug\CamaraClimatica.a(cyPm.o)
                              .\CortexM3\ARM_GCC_541\Debug\CamaraClimatica.a(CyLib.o) (CyPmReadStatus)
.\CortexM3\ARM_GCC_541\Debug\CamaraClimatica.a(ADC.o)
                              .\CortexM3\ARM_GCC_541\Debug\main.o (ADC_Start)
.\CortexM3\ARM_GCC_541\Debug\CamaraClimatica.a(ADC_INT.o)
                              .\CortexM3\ARM_GCC_541\Debug\CamaraClimatica.a(ADC.o) (ADC_ISR1)
.\CortexM3\ARM_GCC_541\Debug\CamaraClimatica.a(ADC_Ext_CP_Clk.o)
                              .\CortexM3\ARM_GCC_541\Debug\CamaraClimatica.a(ADC.o) (ADC_Ext_CP_Clk_SetModeRegister)
.\CortexM3\ARM_GCC_541\Debug\CamaraClimatica.a(ADC_theACLK.o)
                              .\CortexM3\ARM_GCC_541\Debug\CamaraClimatica.a(ADC.o) (ADC_theACLK_SetModeRegister)
.\CortexM3\ARM_GCC_541\Debug\CamaraClimatica.a(Reloj.o)
                              .\CortexM3\ARM_GCC_541\Debug\main.o (Reloj_StartEx)
.\CortexM3\ARM_GCC_541\Debug\CamaraClimatica.a(USBUART.o)
                              .\CortexM3\ARM_GCC_541\Debug\main.o (USBUART_Start)
.\CortexM3\ARM_GCC_541\Debug\CamaraClimatica.a(USBUART_cdc.o)
                              .\CortexM3\ARM_GCC_541\Debug\main.o (USBUART_CDC_Init)
.\CortexM3\ARM_GCC_541\Debug\CamaraClimatica.a(USBUART_drv.o)
                              .\CortexM3\ARM_GCC_541\Debug\CamaraClimatica.a(USBUART.o) (USBUART_lastPacketSize)
.\CortexM3\ARM_GCC_541\Debug\CamaraClimatica.a(USBUART_episr.o)
                              .\CortexM3\ARM_GCC_541\Debug\CamaraClimatica.a(USBUART.o) (USBUART_EP_1_ISR)
.\CortexM3\ARM_GCC_541\Debug\CamaraClimatica.a(USBUART_pm.o)
                              .\CortexM3\ARM_GCC_541\Debug\CamaraClimatica.a(USBUART.o) (USBUART_DP_ISR)
.\CortexM3\ARM_GCC_541\Debug\CamaraClimatica.a(USBUART_std.o)
                              .\CortexM3\ARM_GCC_541\Debug\CamaraClimatica.a(USBUART_pm.o) (USBUART_ConfigReg)
.\CortexM3\ARM_GCC_541\Debug\CamaraClimatica.a(USBUART_vnd.o)
                              .\CortexM3\ARM_GCC_541\Debug\CamaraClimatica.a(USBUART_drv.o) (USBUART_HandleVendorRqst)
.\CortexM3\ARM_GCC_541\Debug\CamaraClimatica.a(USBUART_Dp.o)
                              .\CortexM3\ARM_GCC_541\Debug\CamaraClimatica.a(USBUART.o) (USBUART_Dp_ClearInterrupt)
.\CortexM3\ARM_GCC_541\Debug\CamaraClimatica.a(UART_1.o)
                              .\CortexM3\ARM_GCC_541\Debug\main.o (UART_1_Start)
.\CortexM3\ARM_GCC_541\Debug\CamaraClimatica.a(UART_1_IntClock.o)
                              .\CortexM3\ARM_GCC_541\Debug\CamaraClimatica.a(UART_1.o) (UART_1_IntClock_Start)
.\CortexM3\ARM_GCC_541\Debug\CamaraClimatica.a(Timer.o)
                              .\CortexM3\ARM_GCC_541\Debug\main.o (Timer_Start)
.\CortexM3\ARM_GCC_541\Debug\CamaraClimatica.a(ADCMux.o)
                              .\CortexM3\ARM_GCC_541\Debug\main.o (ADCMux_Start)
.\CortexM3\ARM_GCC_541\Debug\CamaraClimatica.a(RX2.o)
                              .\CortexM3\ARM_GCC_541\Debug\main.o (RX2_StartEx)
.\CortexM3\ARM_GCC_541\Debug\CamaraClimatica.a(EEPROM.o)
                              .\CortexM3\ARM_GCC_541\Debug\main.o (EEPROM_Start)
.\CortexM3\ARM_GCC_541\Debug\CamaraClimatica.a(SSR.o)
                              .\CortexM3\ARM_GCC_541\Debug\main.o (SSR_Write)
.\CortexM3\ARM_GCC_541\Debug\CamaraClimatica.a(DOOR.o)
                              .\CortexM3\ARM_GCC_541\Debug\main.o (DOOR_Read)
.\CortexM3\ARM_GCC_541\Debug\CamaraClimatica.a(LCD1.o)
                              .\CortexM3\ARM_GCC_541\Debug\main.o (LCD1_Write)
.\CortexM3\ARM_GCC_541\Debug\CamaraClimatica.a(LCD2.o)
                              .\CortexM3\ARM_GCC_541\Debug\main.o (LCD2_Write)
.\CortexM3\ARM_GCC_541\Debug\CamaraClimatica.a(ADC_SAR.o)
                              .\CortexM3\ARM_GCC_541\Debug\main.o (ADC_SAR_Start)
.\CortexM3\ARM_GCC_541\Debug\CamaraClimatica.a(ADC_SAR_INT.o)
                              .\CortexM3\ARM_GCC_541\Debug\CamaraClimatica.a(ADC_SAR.o) (ADC_SAR_ISR)
.\CortexM3\ARM_GCC_541\Debug\CamaraClimatica.a(ADC_SAR_IRQ.o)
                              .\CortexM3\ARM_GCC_541\Debug\CamaraClimatica.a(ADC_SAR.o) (ADC_SAR_IRQ_SetVector)
.\CortexM3\ARM_GCC_541\Debug\CamaraClimatica.a(I2C.o)
                              .\CortexM3\ARM_GCC_541\Debug\main.o (I2C_Start)
.\CortexM3\ARM_GCC_541\Debug\CamaraClimatica.a(I2C_INT.o)
                              .\CortexM3\ARM_GCC_541\Debug\CamaraClimatica.a(I2C.o) (I2C_ISR)
.\CortexM3\ARM_GCC_541\Debug\CamaraClimatica.a(I2C_PM.o)
                              .\CortexM3\ARM_GCC_541\Debug\CamaraClimatica.a(I2C.o) (I2C_backup)
.\CortexM3\ARM_GCC_541\Debug\CamaraClimatica.a(I2C_MASTER.o)
[...]
Memory Configuration

Name             Origin             Length             Attributes
rom              0x00000000         0x00040000         xr
ram              0x1fff8000         0x00010000         xrw
*default*        0x00000000         0xffffffff

Linker script and memory map

LOAD c:/program files (x86)/cypress/psoc creator/4.3/psoc creator/import/gnu/arm/5.4.1/bin/../lib/gcc/arm-none-eabi/5.4.1/armv7-m/crti.o
LOAD c:/program files (x86)/cypress/psoc creator/4.3/psoc creator/import/gnu/arm/5.4.1/bin/../lib/gcc/arm-none-eabi/5.4.1/armv7-m/crtbegin.o
LOAD c:/program files (x86)/cypress/psoc creator/4.3/psoc creator/import/gnu/arm/5.4.1/bin/../lib/gcc/arm-none-eabi/5.4.1/../../../../arm-none-eabi/lib/armv7-m/crt0.o
START GROUP
LOAD .\CortexM3\ARM_GCC_541\Debug\main.o
LOAD .\CortexM3\ARM_GCC_541\Debug\getResistance.o
LOAD .\CortexM3\ARM_GCC_541\Debug\removeOffsetNoise.o
LOAD .\CortexM3\ARM_GCC_541\Debug\DS1302.o
LOAD .\CortexM3\ARM_GCC_541\Debug\BMP180.o
LOAD .\CortexM3\ARM_GCC_541\Debug\cyfitter_cfg.o
LOAD .\CortexM3\ARM_GCC_541\Debug\cymetadata.o
LOAD .\CortexM3\ARM_GCC_541\Debug\Cm3Start.o
LOAD .\CortexM3\ARM_GCC_541\Debug\CamaraClimatica.a
LOAD C:\Program Files (x86)\Cypress\PSoC Creator\4.3\PSoC Creator\psoc\content\cycomponentlibrary\CyComponentLibrary.cylib\CortexM3\ARM_GCC_541\Debug\CyComponentLibrary.a
LOAD c:/program files (x86)/cypress/psoc creator/4.3/psoc creator/import/gnu/arm/5.4.1/bin/../lib/gcc/arm-none-eabi/5.4.1/../../../../arm-none-eabi/lib/armv7-m\libm.a
END GROUP
START GROUP
LOAD c:/program files (x86)/cypress/psoc creator/4.3/psoc creator/import/gnu/arm/5.4.1/bin/../lib/gcc/arm-none-eabi/5.4.1/armv7-m\libgcc.a
LOAD c:/program files (x86)/cypress/psoc creator/4.3/psoc creator/import/gnu/arm/5.4.1/bin/../lib/gcc/arm-none-eabi/5.4.1/../../../../arm-none-eabi/lib/armv7-m\libg_nano.a
LOAD c:/program files (x86)/cypress/psoc creator/4.3/psoc creator/import/gnu/arm/5.4.1/bin/../lib/gcc/arm-none-eabi/5.4.1/../../../../arm-none-eabi/lib/armv7-m\libc_nano.a
END GROUP
START GROUP
LOAD c:/program files (x86)/cypress/psoc creator/4.3/psoc creator/import/gnu/arm/5.4.1/bin/../lib/gcc/arm-none-eabi/5.4.1/armv7-m\libgcc.a
LOAD c:/program files (x86)/cypress/psoc creator/4.3/psoc creator/import/gnu/arm/5.4.1/bin/../lib/gcc/arm-none-eabi/5.4.1/../../../../arm-none-eabi/lib/armv7-m\libc_nano.a
END GROUP
LOAD c:/program files (x86)/cypress/psoc creator/4.3/psoc creator/import/gnu/arm/5.4.1/bin/../lib/gcc/arm-none-eabi/5.4.1/armv7-m/crtend.o
LOAD c:/program files (x86)/cypress/psoc creator/4.3/psoc creator/import/gnu/arm/5.4.1/bin/../lib/gcc/arm-none-eabi/5.4.1/armv7-m/crtn.o
START GROUP
LOAD c:/program files (x86)/cypress/psoc creator/4.3/psoc creator/import/gnu/arm/5.4.1/bin/../lib/gcc/arm-none-eabi/5.4.1/armv7-m\libgcc.a
LOAD c:/program files (x86)/cypress/psoc creator/4.3/psoc creator/import/gnu/arm/5.4.1/bin/../lib/gcc/arm-none-eabi/5.4.1/../../../../arm-none-eabi/lib/armv7-m\libc.a
LOAD c:/program files (x86)/cypress/psoc creator/4.3/psoc creator/import/gnu/arm/5.4.1/bin/../lib/gcc/arm-none-eabi/5.4.1/../../../../arm-none-eabi/lib/armv7-m\libnosys.a
END GROUP
                0x00000000                CY_APPL_ORIGIN = 0x0
                0x00000100                CY_FLASH_ROW_SIZE = 0x100
                0x00000020                CY_ECC_ROW_SIZE = 0x20
                0x00000000                CY_EE_IN_BTLDR = 0x0
                0x00000000                CY_APPL_LOADABLE = 0x0
                0x00000800                CY_EE_SIZE = 0x800
                0x00000001                CY_APPL_NUM = 0x1
                0x00000001                CY_APPL_MAX = 0x1
                0x00000040                CY_METADATA_SIZE = 0x40
                0x00000000                CY_APPL_LOADABLE = 0x0
                0x00000000                CY_CHECKSUM_EXCLUDE_SIZE = ALIGN (0x0, CY_FLASH_ROW_SIZE)
                [!provide]                PROVIDE (__cy_heap_start, _end)
                0x00000001                PROVIDE (__cy_region_num, ((__cy_regions_end - __cy_regions) / 0x10))
                0x20008000                PROVIDE (__cy_stack, (ORIGIN (ram) + LENGTH (ram)))
                [!provide]                PROVIDE (__cy_heap_end, (__cy_stack - 0x800))

.cybootloader   0x00000000        0x0
 *(.cybootloader)
                0x00000000                appl1_start = CY_APPL_ORIGIN?CY_APPL_ORIGIN:ALIGN (CY_FLASH_ROW_SIZE)
                0x0001ff00                appl2_start = (appl1_start + ALIGN ((((LENGTH (rom) - appl1_start) - (0x2 * CY_FLASH_ROW_SIZE)) / 0x2), CY_FLASH_ROW_SIZE))
                0x00000000                appl_start = (CY_APPL_NUM == 0x1)?appl1_start:appl2_start
                0x00000000                ecc_offset = ((appl_start / CY_FLASH_ROW_SIZE) * CY_ECC_ROW_SIZE)
                0x00000000                ee_offset = (CY_APPL_LOADABLE && ! (CY_EE_IN_BTLDR))?((CY_EE_SIZE / CY_APPL_MAX) * (CY_APPL_NUM - 0x1)):0x0
                0x00000800                ee_size = (CY_APPL_LOADABLE && ! (CY_EE_IN_BTLDR))?(CY_EE_SIZE / CY_APPL_MAX):CY_EE_SIZE
                [!provide]                PROVIDE (CY_ECC_OFFSET, ecc_offset)

.text           0x00000000     0xe7f6
 CREATE_OBJECT_SYMBOLS
                0x00000000                PROVIDE (__cy_interrupt_vector, RomVectors)
 *(.romvectors)
 .romvectors    0x00000000       0x10 .\CortexM3\ARM_GCC_541\Debug\Cm3Start.o
                0x00000000                RomVectors
                0x00000001                ASSERT ((. != __cy_interrupt_vector), No interrupt vector)
                0x00000001                ASSERT (CY_APPL_ORIGIN?(SIZEOF (.cybootloader) <= CY_APPL_ORIGIN):0x1, Wrong image location)
                0x00000010                PROVIDE (__cy_reset, Reset)
 *(.text.Reset)
 .text.Reset    0x00000010       0x18 .\CortexM3\ARM_GCC_541\Debug\Cm3Start.o
                0x00000010                Reset
                0x00000001                ASSERT ((. != __cy_reset), No reset code)
 *(.dma_init)
                0x00000001                ASSERT ((((appl_start + .) <= 0x10000) || 0x1), DMA Init must be within the first 64k of flash)
 *(.text .text.* .gnu.linkonce.t.*)
 .text          0x00000028       0x5c c:/program files (x86)/cypress/psoc creator/4.3/psoc creator/import/gnu/arm/5.4.1/bin/../lib/gcc/arm-none-eabi/5.4.1/armv7-m/crtbegin.o
 .text.Reloj2   0x00000084      0x1dc .\CortexM3\ARM_GCC_541\Debug\main.o
                0x00000084                Reloj2
 .text.inteRX   0x00000260       0x94 .\CortexM3\ARM_GCC_541\Debug\main.o
                0x00000260                inteRX
 *fill*         0x000002f4        0x4 
 .text.LeeEEPROM
                0x000002f8      0x3a8 .\CortexM3\ARM_GCC_541\Debug\main.o
                0x000002f8                LeeEEPROM
 .text.LimitaValores
                0x000006a0      0x330 .\CortexM3\ARM_GCC_541\Debug\main.o
                0x000006a0                LimitaValores
 .text.ActualizaRecta
                0x000009d0       0xdc .\CortexM3\ARM_GCC_541\Debug\main.o
                0x000009d0                ActualizaRecta
 *fill*         0x00000aac        0x4 
 .text.Controla
                0x00000ab0      0xb48 .\CortexM3\ARM_GCC_541\Debug\main.o
                0x00000ab0                Controla
 .text.CuentaTiempo
                0x000015f8       0x5c .\CortexM3\ARM_GCC_541\Debug\main.o
                0x000015f8                CuentaTiempo
 .text.iniciaConteo
                0x00001654       0xe4 .\CortexM3\ARM_GCC_541\Debug\main.o
                0x00001654                iniciaConteo
 .text.escribeDisplay1
                0x00001738       0x34 .\CortexM3\ARM_GCC_541\Debug\main.o
                0x00001738                escribeDisplay1
 .text.LeeDisplay
                0x0000176c      0x3d0 .\CortexM3\ARM_GCC_541\Debug\main.o
                0x0000176c                LeeDisplay
 *fill*         0x00001b3c        0x4 
 .text.controlaRampa
                0x00001b40      0x2b4 .\CortexM3\ARM_GCC_541\Debug\main.o
                0x00001b40                controlaRampa
 .text.leePt100
                0x00001df4      0x144 .\CortexM3\ARM_GCC_541\Debug\main.o
                0x00001df4                leePt100
 .text.leePt1002
                0x00001f38      0x144 .\CortexM3\ARM_GCC_541\Debug\main.o
                0x00001f38                leePt1002
 .text.LowPassFilter
                0x0000207c       0x24 .\CortexM3\ARM_GCC_541\Debug\main.o
                0x0000207c                LowPassFilter
 .text.leeLM35  0x000020a0       0x90 .\CortexM3\ARM_GCC_541\Debug\main.o
                0x000020a0                leeLM35
 .text.leeHumedad
                0x00002130      0x2b0 .\CortexM3\ARM_GCC_541\Debug\main.o
                0x00002130                leeHumedad
 .text.esBisiesto
                0x000023e0       0x2c .\CortexM3\ARM_GCC_541\Debug\main.o
                0x000023e0                esBisiesto
 .text.LimitaDia
                0x0000240c       0xb0 .\CortexM3\ARM_GCC_541\Debug\main.o
                0x0000240c                LimitaDia
 .text.ApagaSalidas
                0x000024bc       0x40 .\CortexM3\ARM_GCC_541\Debug\main.o
                0x000024bc                ApagaSalidas
 *fill*         0x000024fc        0x4 
 .text.controlaHumedad
                0x00002500      0x4bc .\CortexM3\ARM_GCC_541\Debug\main.o
                0x00002500                controlaHumedad
 *fill*         0x000029bc        0x4 
 .text.controlaTemperatura
                0x000029c0      0x2ac .\CortexM3\ARM_GCC_541\Debug\main.o
                0x000029c0                controlaTemperatura
 *fill*         0x00002c6c        0x4 
 .text.main     0x00002c70     0x3d5c .\CortexM3\ARM_GCC_541\Debug\main.o
                0x00002c70                main
 .text.extraeDecimal
                0x000069cc       0x28 .\CortexM3\ARM_GCC_541\Debug\getResistance.o
                0x000069cc                extraeDecimal
 .text.inttofloat
                0x000069f4       0x14 .\CortexM3\ARM_GCC_541\Debug\getResistance.o
                0x000069f4                inttofloat
 .text.MeasureRefResVoltage
                0x00006a08       0x34 .\CortexM3\ARM_GCC_541\Debug\getResistance.o
                0x00006a08                MeasureRefResVoltage
 .text.GetRTDRes
                0x00006a3c       0x80 .\CortexM3\ARM_GCC_541\Debug\getResistance.o
                0x00006a3c                GetRTDRes
 .text.FilterSignal
                0x00006abc       0x3c .\CortexM3\ARM_GCC_541\Debug\removeOffsetNoise.o
                0x00006abc                FilterSignal
 .text.GetOffset
                0x00006af8       0x18 .\CortexM3\ARM_GCC_541\Debug\removeOffsetNoise.o
                0x00006af8                GetOffset
 .text._DS1302_start
                0x00006b10       0x1c .\CortexM3\ARM_GCC_541\Debug\DS1302.o
                0x00006b10                _DS1302_start
 .text._DS1302_stop
                0x00006b2c       0x10 .\CortexM3\ARM_GCC_541\Debug\DS1302.o
                0x00006b2c                _DS1302_stop
 .text._DS1302_togglewrite
                0x00006b3c       0x44 .\CortexM3\ARM_GCC_541\Debug\DS1302.o
                0x00006b3c                _DS1302_togglewrite
 .text._DS1302_toggleread
                0x00006b80       0x44 .\CortexM3\ARM_GCC_541\Debug\DS1302.o
                0x00006b80                _DS1302_toggleread
 .text.DS1302_clock_burst_write
                0x00006bc4       0x2c .\CortexM3\ARM_GCC_541\Debug\DS1302.o
                0x00006bc4                DS1302_clock_burst_write
 .text.DS1302_write
                0x00006bf0       0x24 .\CortexM3\ARM_GCC_541\Debug\DS1302.o
                0x00006bf0                DS1302_write
 .text.DS1302_clock_burst_read
                0x00006c14       0x2c .\CortexM3\ARM_GCC_541\Debug\DS1302.o
                0x00006c14                DS1302_clock_burst_read
 .text.rtc_set_datetime
                0x00006c40       0xac .\CortexM3\ARM_GCC_541\Debug\DS1302.o
                0x00006c40                rtc_set_datetime
 .text.rtc_get_date
                0x00006cec       0x64 .\CortexM3\ARM_GCC_541\Debug\DS1302.o
                0x00006cec                rtc_get_date
 .text.rtc_get_time
                0x00006d50       0x54 .\CortexM3\ARM_GCC_541\Debug\DS1302.o
                0x00006d50                rtc_get_time
 .text.CyClockStartupError
                0x00006da4        0x4 .\CortexM3\ARM_GCC_541\Debug\cyfitter_cfg.o
 .text.cfg_write_bytes32
                0x00006da8       0x34 .\CortexM3\ARM_GCC_541\Debug\cyfitter_cfg.o
 .text.CYMEMZERO
                0x00006ddc        0xc .\CortexM3\ARM_GCC_541\Debug\cyfitter_cfg.o
 .text.AnalogSetDefault
                0x00006de8       0xa8 .\CortexM3\ARM_GCC_541\Debug\cyfitter_cfg.o
 .text.CYCONFIGCPY
                0x00006e90        0x8 .\CortexM3\ARM_GCC_541\Debug\cyfitter_cfg.o
 .text.ClockSetup
                0x00006e98      0x104 .\CortexM3\ARM_GCC_541\Debug\cyfitter_cfg.o
 .text.ADCMux_CYAMUXSIDE_A_Set
                0x00006f9c       0x34 .\CortexM3\ARM_GCC_541\Debug\cyfitter_cfg.o
                0x00006f9c                ADCMux_CYAMUXSIDE_A_Set
 .text.ADCMux_CYAMUXSIDE_A_Unset
                0x00006fd0       0x38 .\CortexM3\ARM_GCC_541\Debug\cyfitter_cfg.o
                0x00006fd0                ADCMux_CYAMUXSIDE_A_Unset
 .text.ADCMux_CYAMUXSIDE_B_Set
                0x00007008       0x3c .\CortexM3\ARM_GCC_541\Debug\cyfitter_cfg.o
                0x00007008                ADCMux_CYAMUXSIDE_B_Set
 .text.ADCMux_CYAMUXSIDE_B_Unset
                0x00007044       0x40 .\CortexM3\ARM_GCC_541\Debug\cyfitter_cfg.o
                0x00007044                ADCMux_CYAMUXSIDE_B_Unset
 .text.CurrentMux_Set
                0x00007084       0x3c .\CortexM3\ARM_GCC_541\Debug\cyfitter_cfg.o
                0x00007084                CurrentMux_Set
 .text.CurrentMux_Unset
                0x000070c0       0x40 .\CortexM3\ARM_GCC_541\Debug\cyfitter_cfg.o
                0x000070c0                CurrentMux_Unset
 .text.cyfitter_cfg
                0x00007100      0x19c .\CortexM3\ARM_GCC_541\Debug\cyfitter_cfg.o
                0x00007100                cyfitter_cfg
 .text.IntDefaultHandler
                0x0000729c       0x10 .\CortexM3\ARM_GCC_541\Debug\Cm3Start.o
                0x0000729c                IntDefaultHandler
 .text._sbrk    0x000072ac       0x30 .\CortexM3\ARM_GCC_541\Debug\Cm3Start.o
                0x000072ac                _sbrk
 .text.Start_c  0x000072dc       0x4c .\CortexM3\ARM_GCC_541\Debug\Cm3Start.o
                0x000072dc                Start_c
 .text.initialize_psoc
                0x00007328       0x6c .\CortexM3\ARM_GCC_541\Debug\Cm3Start.o
                0x00007328                initialize_psoc
 .text.CyDmacConfigure
                0x00007394       0x34 .\CortexM3\ARM_GCC_541\Debug\CamaraClimatica.a(CyDmac.o)
                0x00007394                CyDmacConfigure
 .text.CyDmaChEnable
                0x000073c8       0x38 .\CortexM3\ARM_GCC_541\Debug\CamaraClimatica.a(CyDmac.o)
                0x000073c8                CyDmaChEnable
 .text.CyDmaClearPendingDrq
                0x00007400       0x28 .\CortexM3\ARM_GCC_541\Debug\CamaraClimatica.a(CyDmac.o)
                0x00007400                CyDmaClearPendingDrq
 .text.CyDmaChPriority
                0x00007428       0x24 .\CortexM3\ARM_GCC_541\Debug\CamaraClimatica.a(CyDmac.o)
                0x00007428                CyDmaChPriority
 .text.CyDmaChSetExtendedAddress
                0x0000744c       0x34 .\CortexM3\ARM_GCC_541\Debug\CamaraClimatica.a(CyDmac.o)
                0x0000744c                CyDmaChSetExtendedAddress
 .text.CyDmaChSetInitialTd
                0x00007480       0x18 .\CortexM3\ARM_GCC_541\Debug\CamaraClimatica.a(CyDmac.o)
                0x00007480                CyDmaChSetInitialTd
 .text.CyDmaChSetConfiguration
                0x00007498       0x44 .\CortexM3\ARM_GCC_541\Debug\CamaraClimatica.a(CyDmac.o)
                0x00007498                CyDmaChSetConfiguration
 .text.CyDmaTdAllocate
                0x000074dc       0x34 .\CortexM3\ARM_GCC_541\Debug\CamaraClimatica.a(CyDmac.o)
                0x000074dc                CyDmaTdAllocate
 .text.CyDmaTdSetConfiguration
                0x00007510       0x28 .\CortexM3\ARM_GCC_541\Debug\CamaraClimatica.a(CyDmac.o)
                0x00007510                CyDmaTdSetConfiguration
 .text.CyDmaTdSetAddress
                0x00007538       0x1c .\CortexM3\ARM_GCC_541\Debug\CamaraClimatica.a(CyDmac.o)
                0x00007538                CyDmaTdSetAddress
 .text.CyHalt   0x00007554        0x4 .\CortexM3\ARM_GCC_541\Debug\CamaraClimatica.a(CyLib.o)
                0x00007554                CyHalt
 .text.CySoftwareReset
                0x00007558       0x10 .\CortexM3\ARM_GCC_541\Debug\CamaraClimatica.a(CyLib.o)
                0x00007558                CySoftwareReset
 .text.CyDelay  0x00007568       0x2c .\CortexM3\ARM_GCC_541\Debug\CamaraClimatica.a(CyLib.o)
                0x00007568                CyDelay
 .text.CyDelayUs
                0x00007594       0x14 .\CortexM3\ARM_GCC_541\Debug\CamaraClimatica.a(CyLib.o)
                0x00007594                CyDelayUs
 .text.CyIntSetVector
                0x000075a8       0x28 .\CortexM3\ARM_GCC_541\Debug\CamaraClimatica.a(CyLib.o)
                0x000075a8                CyIntSetVector
 .text.CyIntSetPriority
                0x000075d0       0x30 .\CortexM3\ARM_GCC_541\Debug\CamaraClimatica.a(CyLib.o)
                0x000075d0                CyIntSetPriority
 .text.CyGetUniqueId
                0x00007600       0x70 .\CortexM3\ARM_GCC_541\Debug\CamaraClimatica.a(CyLib.o)
                0x00007600                CyGetUniqueId
 .text.ADC_GainCompensation
                0x00007670       0xdc .\CortexM3\ARM_GCC_541\Debug\CamaraClimatica.a(ADC.o)
 .text.ADC_SetDSMRef0Reg
                0x0000774c       0x4c .\CortexM3\ARM_GCC_541\Debug\CamaraClimatica.a(ADC.o)
 .text.ADC_InitConfig
                0x00007798       0xe4 .\CortexM3\ARM_GCC_541\Debug\CamaraClimatica.a(ADC.o)
 .text.ADC_Init
                0x0000787c       0xc4 .\CortexM3\ARM_GCC_541\Debug\CamaraClimatica.a(ADC.o)
                0x0000787c                ADC_Init
 .text.ADC_Enable
                0x00007940       0xd8 .\CortexM3\ARM_GCC_541\Debug\CamaraClimatica.a(ADC.o)
                0x00007940                ADC_Enable
 .text.ADC_Start
                0x00007a18       0x28 .\CortexM3\ARM_GCC_541\Debug\CamaraClimatica.a(ADC.o)
                0x00007a18                ADC_Start
 .text.ADC_StartConvert
                0x00007a40       0x10 .\CortexM3\ARM_GCC_541\Debug\CamaraClimatica.a(ADC.o)
                0x00007a40                ADC_StartConvert
 .text.ADC_StopConvert
                0x00007a50       0x10 .\CortexM3\ARM_GCC_541\Debug\CamaraClimatica.a(ADC.o)
                0x00007a50                ADC_StopConvert
 .text.ADC_IsEndConversion
                0x00007a60       0x30 .\CortexM3\ARM_GCC_541\Debug\CamaraClimatica.a(ADC.o)
                0x00007a60                ADC_IsEndConversion
 .text.ADC_GetResult32
                0x00007a90       0x6c .\CortexM3\ARM_GCC_541\Debug\CamaraClimatica.a(ADC.o)
                0x00007a90                ADC_GetResult32
 .text.ADC_ISR1
                0x00007afc       0x14 .\CortexM3\ARM_GCC_541\Debug\CamaraClimatica.a(ADC_INT.o)
                0x00007afc                ADC_ISR1
 .text.ADC_Ext_CP_Clk_GetDividerRegister
                0x00007b10        0xc .\CortexM3\ARM_GCC_541\Debug\CamaraClimatica.a(ADC_Ext_CP_Clk.o)
                0x00007b10                ADC_Ext_CP_Clk_GetDividerRegister
 .text.ADC_Ext_CP_Clk_SetModeRegister
                0x00007b1c       0x14 .\CortexM3\ARM_GCC_541\Debug\CamaraClimatica.a(ADC_Ext_CP_Clk.o)
                0x00007b1c                ADC_Ext_CP_Clk_SetModeRegister
 .text.ADC_Ext_CP_Clk_GetSourceRegister
                0x00007b30       0x10 .\CortexM3\ARM_GCC_541\Debug\CamaraClimatica.a(ADC_Ext_CP_Clk.o)
                0x00007b30                ADC_Ext_CP_Clk_GetSourceRegister
 .text.ADC_Ext_CP_Clk_SetDividerRegister
                0x00007b40       0xd8 .\CortexM3\ARM_GCC_541\Debug\CamaraClimatica.a(ADC_Ext_CP_Clk.o)
                0x00007b40                ADC_Ext_CP_Clk_SetDividerRegister
 .text.ADC_theACLK_GetDividerRegister
                0x00007c18        0xc .\CortexM3\ARM_GCC_541\Debug\CamaraClimatica.a(ADC_theACLK.o)
                0x00007c18                ADC_theACLK_GetDividerRegister
 .text.ADC_theACLK_SetModeRegister
                0x00007c24       0x14 .\CortexM3\ARM_GCC_541\Debug\CamaraClimatica.a(ADC_theACLK.o)
                0x00007c24                ADC_theACLK_SetModeRegister
 .text.ADC_theACLK_GetSourceRegister
                0x00007c38       0x10 .\CortexM3\ARM_GCC_541\Debug\CamaraClimatica.a(ADC_theACLK.o)
                0x00007c38                ADC_theACLK_GetSourceRegister
 .text.ADC_theACLK_SetDividerRegister
                0x00007c48       0xd8 .\CortexM3\ARM_GCC_541\Debug\CamaraClimatica.a(ADC_theACLK.o)
                0x00007c48                ADC_theACLK_SetDividerRegister
 .text.Reloj_SetVector
                0x00007d20        0xc .\CortexM3\ARM_GCC_541\Debug\CamaraClimatica.a(Reloj.o)
                0x00007d20                Reloj_SetVector
 .text.Reloj_SetPriority
                0x00007d2c       0x10 .\CortexM3\ARM_GCC_541\Debug\CamaraClimatica.a(Reloj.o)
                0x00007d2c                Reloj_SetPriority
 .text.Reloj_Enable
                0x00007d3c        0xc .\CortexM3\ARM_GCC_541\Debug\CamaraClimatica.a(Reloj.o)
                0x00007d3c                Reloj_Enable
 .text.Reloj_Disable
                0x00007d48        0xc .\CortexM3\ARM_GCC_541\Debug\CamaraClimatica.a(Reloj.o)
                0x00007d48                Reloj_Disable
 .text.Reloj_StartEx
                0x00007d54       0x1c .\CortexM3\ARM_GCC_541\Debug\CamaraClimatica.a(Reloj.o)
                0x00007d54                Reloj_StartEx
 .text.USBUART_Init
                0x00007d70      0x140 .\CortexM3\ARM_GCC_541\Debug\CamaraClimatica.a(USBUART.o)
                0x00007d70                USBUART_Init
 .text.USBUART_InitComponent
                0x00007eb0       0xb8 .\CortexM3\ARM_GCC_541\Debug\CamaraClimatica.a(USBUART.o)
                0x00007eb0                USBUART_InitComponent
 .text.USBUART_Start
                0x00007f68       0x24 .\CortexM3\ARM_GCC_541\Debug\CamaraClimatica.a(USBUART.o)
                0x00007f68                USBUART_Start
 .text.USBUART_ReInitComponent
                0x00007f8c       0x4c .\CortexM3\ARM_GCC_541\Debug\CamaraClimatica.a(USBUART.o)
                0x00007f8c                USBUART_ReInitComponent
 .text.USBUART_GetConfiguration
                0x00007fd8        0xc .\CortexM3\ARM_GCC_541\Debug\CamaraClimatica.a(USBUART.o)
                0x00007fd8                USBUART_GetConfiguration
 .text.USBUART_LoadInEP
                0x00007fe4       0x94 .\CortexM3\ARM_GCC_541\Debug\CamaraClimatica.a(USBUART.o)
                0x00007fe4                USBUART_LoadInEP
 .text.USBUART_EnableOutEP
                0x00008078       0x2c .\CortexM3\ARM_GCC_541\Debug\CamaraClimatica.a(USBUART.o)
                0x00008078                USBUART_EnableOutEP
 .text.USBUART_StrLen
                0x000080a4       0x14 .\CortexM3\ARM_GCC_541\Debug\CamaraClimatica.a(USBUART_cdc.o)
 .text.USBUART_GetInterfaceComPort
                0x000080b8       0x38 .\CortexM3\ARM_GCC_541\Debug\CamaraClimatica.a(USBUART_cdc.o)
                0x000080b8                USBUART_GetInterfaceComPort
 .text.USBUART_DispatchCDCClassRqst
                0x000080f0       0x98 .\CortexM3\ARM_GCC_541\Debug\CamaraClimatica.a(USBUART_cdc.o)
                0x000080f0                USBUART_DispatchCDCClassRqst
 .text.USBUART_CDC_Init
                0x00008188       0x98 .\CortexM3\ARM_GCC_541\Debug\CamaraClimatica.a(USBUART_cdc.o)
                0x00008188                USBUART_CDC_Init
 .text.USBUART_PutString
                0x00008220       0xa0 .\CortexM3\ARM_GCC_541\Debug\CamaraClimatica.a(USBUART_cdc.o)
                0x00008220                USBUART_PutString
 .text.USBUART_Cdc_EpInit
                0x000082c0       0x50 .\CortexM3\ARM_GCC_541\Debug\CamaraClimatica.a(USBUART_cdc.o)
                0x000082c0                USBUART_Cdc_EpInit
 .text.USBUART_LoadEP0
                0x00008310       0x98 .\CortexM3\ARM_GCC_541\Debug\CamaraClimatica.a(USBUART_drv.o)
                0x00008310                USBUART_LoadEP0
 .text.USBUART_InitZeroLengthControlTransfer
                0x000083a8       0x34 .\CortexM3\ARM_GCC_541\Debug\CamaraClimatica.a(USBUART_drv.o)
                0x000083a8                USBUART_InitZeroLengthControlTransfer
 .text.USBUART_ControlReadDataStage
                0x000083dc        0x8 .\CortexM3\ARM_GCC_541\Debug\CamaraClimatica.a(USBUART_drv.o)
                0x000083dc                USBUART_ControlReadDataStage
 .text.USBUART_ControlWriteDataStage
                0x000083e4       0x84 .\CortexM3\ARM_GCC_541\Debug\CamaraClimatica.a(USBUART_drv.o)
                0x000083e4                USBUART_ControlWriteDataStage
 .text.USBUART_InitNoDataControlTransfer
                0x00008468       0x2c .\CortexM3\ARM_GCC_541\Debug\CamaraClimatica.a(USBUART_drv.o)
                0x00008468                USBUART_InitNoDataControlTransfer
 .text.USBUART_UpdateStatusBlock
                0x00008494       0x24 .\CortexM3\ARM_GCC_541\Debug\CamaraClimatica.a(USBUART_drv.o)
                0x00008494                USBUART_UpdateStatusBlock
 .text.USBUART_HandleSetup
                0x000084b8       0x5c .\CortexM3\ARM_GCC_541\Debug\CamaraClimatica.a(USBUART_drv.o)
                0x000084b8                USBUART_HandleSetup
 .text.USBUART_ControlReadStatusStage
                0x00008514       0x38 .\CortexM3\ARM_GCC_541\Debug\CamaraClimatica.a(USBUART_drv.o)
                0x00008514                USBUART_ControlReadStatusStage
 .text.USBUART_HandleOUT
                0x0000854c       0x38 .\CortexM3\ARM_GCC_541\Debug\CamaraClimatica.a(USBUART_drv.o)
                0x0000854c                USBUART_HandleOUT
 .text.USBUART_ControlWriteStatusStage
                0x00008584       0x20 .\CortexM3\ARM_GCC_541\Debug\CamaraClimatica.a(USBUART_drv.o)
                0x00008584                USBUART_ControlWriteStatusStage
 .text.USBUART_NoDataControlStatusStage
                0x000085a4       0x40 .\CortexM3\ARM_GCC_541\Debug\CamaraClimatica.a(USBUART_drv.o)
                0x000085a4                USBUART_NoDataControlStatusStage
 .text.USBUART_HandleIN
                0x000085e4       0x2c .\CortexM3\ARM_GCC_541\Debug\CamaraClimatica.a(USBUART_drv.o)
                0x000085e4                USBUART_HandleIN
 .text.USBUART_EP_0_ISR
                0x00008610       0xb8 .\CortexM3\ARM_GCC_541\Debug\CamaraClimatica.a(USBUART_drv.o)
                0x00008610                USBUART_EP_0_ISR
 .text.USBUART_InitializeStatusBlock
                0x000086c8       0x24 .\CortexM3\ARM_GCC_541\Debug\CamaraClimatica.a(USBUART_drv.o)
                0x000086c8                USBUART_InitializeStatusBlock
 .text.USBUART_InitControlRead
                0x000086ec       0x50 .\CortexM3\ARM_GCC_541\Debug\CamaraClimatica.a(USBUART_drv.o)
                0x000086ec                USBUART_InitControlRead
 .text.USBUART_InitControlWrite
                0x0000873c       0x48 .\CortexM3\ARM_GCC_541\Debug\CamaraClimatica.a(USBUART_drv.o)
                0x0000873c                USBUART_InitControlWrite
 .text.USBUART_EP_1_ISR
                0x00008784       0x30 .\CortexM3\ARM_GCC_541\Debug\CamaraClimatica.a(USBUART_episr.o)
                0x00008784                USBUART_EP_1_ISR
 .text.USBUART_EP_2_ISR
                0x000087b4       0x34 .\CortexM3\ARM_GCC_541\Debug\CamaraClimatica.a(USBUART_episr.o)
                0x000087b4                USBUART_EP_2_ISR
 .text.USBUART_EP_3_ISR
                0x000087e8       0x3c .\CortexM3\ARM_GCC_541\Debug\CamaraClimatica.a(USBUART_episr.o)
                0x000087e8                USBUART_EP_3_ISR
 .text.USBUART_SOF_ISR
                0x00008824        0x4 .\CortexM3\ARM_GCC_541\Debug\CamaraClimatica.a(USBUART_episr.o)
                0x00008824                USBUART_SOF_ISR
 .text.USBUART_BUS_RESET_ISR
                0x00008828        0x8 .\CortexM3\ARM_GCC_541\Debug\CamaraClimatica.a(USBUART_episr.o)
                0x00008828                USBUART_BUS_RESET_ISR
 .text.USBUART_DP_ISR
                0x00008830        0x8 .\CortexM3\ARM_GCC_541\Debug\CamaraClimatica.a(USBUART_pm.o)
                0x00008830                USBUART_DP_ISR
 .text.USBUART_ReadDieID
                0x00008838       0x6c .\CortexM3\ARM_GCC_541\Debug\CamaraClimatica.a(USBUART_std.o)
                0x00008838                USBUART_ReadDieID
 .text.USBUART_ConfigReg
                0x000088a4       0xa4 .\CortexM3\ARM_GCC_541\Debug\CamaraClimatica.a(USBUART_std.o)
                0x000088a4                USBUART_ConfigReg
 .text.USBUART_GetConfigTablePtr
                0x00008948       0x28 .\CortexM3\ARM_GCC_541\Debug\CamaraClimatica.a(USBUART_std.o)
                0x00008948                USBUART_GetConfigTablePtr
 .text.USBUART_ConfigAltChanged
                0x00008970      0x11c .\CortexM3\ARM_GCC_541\Debug\CamaraClimatica.a(USBUART_std.o)
                0x00008970                USBUART_ConfigAltChanged
 .text.USBUART_GetDeviceTablePtr
                0x00008a8c       0x18 .\CortexM3\ARM_GCC_541\Debug\CamaraClimatica.a(USBUART_std.o)
                0x00008a8c                USBUART_GetDeviceTablePtr
 .text.USBUART_GetInterfaceClassTablePtr
                0x00008aa4       0x28 .\CortexM3\ARM_GCC_541\Debug\CamaraClimatica.a(USBUART_std.o)
                0x00008aa4                USBUART_GetInterfaceClassTablePtr
 .text.USBUART_Config
                0x00008acc      0x1ec .\CortexM3\ARM_GCC_541\Debug\CamaraClimatica.a(USBUART_std.o)
                0x00008acc                USBUART_Config
 .text.USBUART_SetEndpointHalt
                0x00008cb8       0x64 .\CortexM3\ARM_GCC_541\Debug\CamaraClimatica.a(USBUART_std.o)
                0x00008cb8                USBUART_SetEndpointHalt
 .text.USBUART_ClearEndpointHalt
                0x00008d1c       0xac .\CortexM3\ARM_GCC_541\Debug\CamaraClimatica.a(USBUART_std.o)
                0x00008d1c                USBUART_ClearEndpointHalt
 .text.USBUART_ValidateAlternateSetting
                0x00008dc8       0x4c .\CortexM3\ARM_GCC_541\Debug\CamaraClimatica.a(USBUART_std.o)
                0x00008dc8                USBUART_ValidateAlternateSetting
 .text.USBUART_HandleStandardRqst
                0x00008e14      0x354 .\CortexM3\ARM_GCC_541\Debug\CamaraClimatica.a(USBUART_std.o)
                0x00008e14                USBUART_HandleStandardRqst
 .text.USBUART_HandleVendorRqst
                0x00009168       0x18 .\CortexM3\ARM_GCC_541\Debug\CamaraClimatica.a(USBUART_vnd.o)
                0x00009168                USBUART_HandleVendorRqst
 .text.USBUART_Dp_ClearInterrupt
                0x00009180       0x10 .\CortexM3\ARM_GCC_541\Debug\CamaraClimatica.a(USBUART_Dp.o)
                0x00009180                USBUART_Dp_ClearInterrupt
 .text.UART_1_Init
                0x00009190       0x28 .\CortexM3\ARM_GCC_541\Debug\CamaraClimatica.a(UART_1.o)
                0x00009190                UART_1_Init
 .text.UART_1_Enable
                0x000091b8       0x38 .\CortexM3\ARM_GCC_541\Debug\CamaraClimatica.a(UART_1.o)
                0x000091b8                UART_1_Enable
 .text.UART_1_Start
                0x000091f0       0x1c .\CortexM3\ARM_GCC_541\Debug\CamaraClimatica.a(UART_1.o)
                0x000091f0                UART_1_Start
 .text.UART_1_ReadRxData
                0x0000920c        0xc .\CortexM3\ARM_GCC_541\Debug\CamaraClimatica.a(UART_1.o)
                0x0000920c                UART_1_ReadRxData
 .text.UART_1_ReadRxStatus
                0x00009218       0x10 .\CortexM3\ARM_GCC_541\Debug\CamaraClimatica.a(UART_1.o)
                0x00009218                UART_1_ReadRxStatus
 .text.UART_1_GetByte
                0x00009228       0x14 .\CortexM3\ARM_GCC_541\Debug\CamaraClimatica.a(UART_1.o)
                0x00009228                UART_1_GetByte
 .text.UART_1_PutChar
                0x0000923c       0x18 .\CortexM3\ARM_GCC_541\Debug\CamaraClimatica.a(UART_1.o)
                0x0000923c                UART_1_PutChar
 .text.UART_1_PutString
                0x00009254       0x24 .\CortexM3\ARM_GCC_541\Debug\CamaraClimatica.a(UART_1.o)
                0x00009254                UART_1_PutString
 .text.UART_1_IntClock_Start
                0x00009278       0x1c .\CortexM3\ARM_GCC_541\Debug\CamaraClimatica.a(UART_1_IntClock.o)
                0x00009278                UART_1_IntClock_Start
 .text.Timer_Enable
                0x00009294       0x28 .\CortexM3\ARM_GCC_541\Debug\CamaraClimatica.a(Timer.o)
                0x00009294                Timer_Enable
 .text.Timer_SetInterruptMode
                0x000092bc        0xc .\CortexM3\ARM_GCC_541\Debug\CamaraClimatica.a(Timer.o)
                0x000092bc                Timer_SetInterruptMode
 .text.Timer_WritePeriod
                0x000092c8        0xc .\CortexM3\ARM_GCC_541\Debug\CamaraClimatica.a(Timer.o)
                0x000092c8                Timer_WritePeriod
 .text.Timer_WriteCounter
                0x000092d4        0xc .\CortexM3\ARM_GCC_541\Debug\CamaraClimatica.a(Timer.o)
                0x000092d4                Timer_WriteCounter
 .text.Timer_Init
                0x000092e0       0x68 .\CortexM3\ARM_GCC_541\Debug\CamaraClimatica.a(Timer.o)
                0x000092e0                Timer_Init
 .text.Timer_Start
                0x00009348       0x1c .\CortexM3\ARM_GCC_541\Debug\CamaraClimatica.a(Timer.o)
                0x00009348                Timer_Start
 .text.ADCMux_Start
                0x00009364       0x28 .\CortexM3\ARM_GCC_541\Debug\CamaraClimatica.a(ADCMux.o)
                0x00009364                ADCMux_Start
 .text.ADCMux_Disconnect
                0x0000938c       0x10 .\CortexM3\ARM_GCC_541\Debug\CamaraClimatica.a(ADCMux.o)
                0x0000938c                ADCMux_Disconnect
 .text.ADCMux_FastSelect
                0x0000939c       0x28 .\CortexM3\ARM_GCC_541\Debug\CamaraClimatica.a(ADCMux.o)
                0x0000939c                ADCMux_FastSelect
 .text.RX2_SetVector
                0x000093c4        0xc .\CortexM3\ARM_GCC_541\Debug\CamaraClimatica.a(RX2.o)
                0x000093c4                RX2_SetVector
 .text.RX2_SetPriority
                0x000093d0       0x10 .\CortexM3\ARM_GCC_541\Debug\CamaraClimatica.a(RX2.o)
                0x000093d0                RX2_SetPriority
 .text.RX2_Enable
                0x000093e0        0xc .\CortexM3\ARM_GCC_541\Debug\CamaraClimatica.a(RX2.o)
                0x000093e0                RX2_Enable
 .text.RX2_Disable
                0x000093ec        0xc .\CortexM3\ARM_GCC_541\Debug\CamaraClimatica.a(RX2.o)
                0x000093ec                RX2_Disable
 .text.RX2_StartEx
                0x000093f8       0x1c .\CortexM3\ARM_GCC_541\Debug\CamaraClimatica.a(RX2.o)
                0x000093f8                RX2_StartEx
 .text.EEPROM_Enable
                0x00009414        0xc .\CortexM3\ARM_GCC_541\Debug\CamaraClimatica.a(EEPROM.o)
                0x00009414                EEPROM_Enable
 .text.EEPROM_Start
                0x00009420        0x8 .\CortexM3\ARM_GCC_541\Debug\CamaraClimatica.a(EEPROM.o)
                0x00009420                EEPROM_Start
 .text.EEPROM_WriteByte
                0x00009428       0xd0 .\CortexM3\ARM_GCC_541\Debug\CamaraClimatica.a(EEPROM.o)
                0x00009428                EEPROM_WriteByte
 .text.EEPROM_ReadByte
                0x000094f8       0x28 .\CortexM3\ARM_GCC_541\Debug\CamaraClimatica.a(EEPROM.o)
                0x000094f8                EEPROM_ReadByte
 .text.SSR_Write
                0x00009520       0x18 .\CortexM3\ARM_GCC_541\Debug\CamaraClimatica.a(SSR.o)
                0x00009520                SSR_Write
 .text.DOOR_Read
                0x00009538       0x10 .\CortexM3\ARM_GCC_541\Debug\CamaraClimatica.a(DOOR.o)
                0x00009538                DOOR_Read
 .text.LCD1_Write
                0x00009548       0x18 .\CortexM3\ARM_GCC_541\Debug\CamaraClimatica.a(LCD1.o)
                0x00009548                LCD1_Write
 .text.LCD2_Write
                0x00009560       0x18 .\CortexM3\ARM_GCC_541\Debug\CamaraClimatica.a(LCD2.o)
                0x00009560                LCD2_Write
 .text.ADC_SAR_Init
                0x00009578       0x3c .\CortexM3\ARM_GCC_541\Debug\CamaraClimatica.a(ADC_SAR.o)
                0x00009578                ADC_SAR_Init
 .text.ADC_SAR_Enable
                0x000095b4       0xcc .\CortexM3\ARM_GCC_541\Debug\CamaraClimatica.a(ADC_SAR.o)
                0x000095b4                ADC_SAR_Enable
 .text.ADC_SAR_Start
                0x00009680       0x28 .\CortexM3\ARM_GCC_541\Debug\CamaraClimatica.a(ADC_SAR.o)
                0x00009680                ADC_SAR_Start
 .text.ADC_SAR_StartConvert
                0x000096a8        0x8 .\CortexM3\ARM_GCC_541\Debug\CamaraClimatica.a(ADC_SAR.o)
                0x000096a8                ADC_SAR_StartConvert
 .text.ADC_SAR_IsEndConversion
                0x000096b0       0x18 .\CortexM3\ARM_GCC_541\Debug\CamaraClimatica.a(ADC_SAR.o)
                0x000096b0                ADC_SAR_IsEndConversion
 .text.ADC_SAR_GetResult16
                0x000096c8       0x1c .\CortexM3\ARM_GCC_541\Debug\CamaraClimatica.a(ADC_SAR.o)
                0x000096c8                ADC_SAR_GetResult16
 .text.ADC_SAR_CountsTo_mVolts
                0x000096e4        0x8 .\CortexM3\ARM_GCC_541\Debug\CamaraClimatica.a(ADC_SAR.o)
                0x000096e4                ADC_SAR_CountsTo_mVolts
 .text.ADC_SAR_CountsTo_Volts
                0x000096ec        0x8 .\CortexM3\ARM_GCC_541\Debug\CamaraClimatica.a(ADC_SAR.o)
                0x000096ec                ADC_SAR_CountsTo_Volts
 .text.ADC_SAR_ISR
                0x000096f4        0x4 .\CortexM3\ARM_GCC_541\Debug\CamaraClimatica.a(ADC_SAR_INT.o)
                0x000096f4                ADC_SAR_ISR
 .text.ADC_SAR_IRQ_SetVector
                0x000096f8        0xc .\CortexM3\ARM_GCC_541\Debug\CamaraClimatica.a(ADC_SAR_IRQ.o)
                0x000096f8                ADC_SAR_IRQ_SetVector
 .text.ADC_SAR_IRQ_SetPriority
                0x00009704       0x10 .\CortexM3\ARM_GCC_541\Debug\CamaraClimatica.a(ADC_SAR_IRQ.o)
                0x00009704                ADC_SAR_IRQ_SetPriority
 .text.I2C_Init
                0x00009714       0x68 .\CortexM3\ARM_GCC_541\Debug\CamaraClimatica.a(I2C.o)
                0x00009714                I2C_Init
 .text.I2C_Enable
                0x0000977c       0x24 .\CortexM3\ARM_GCC_541\Debug\CamaraClimatica.a(I2C.o)
                0x0000977c                I2C_Enable
 .text.I2C_Start
                0x000097a0       0x28 .\CortexM3\ARM_GCC_541\Debug\CamaraClimatica.a(I2C.o)
                0x000097a0                I2C_Start
 .text.I2C_ISR  0x000097c8      0x2d0 .\CortexM3\ARM_GCC_541\Debug\CamaraClimatica.a(I2C_INT.o)
                0x000097c8                I2C_ISR
 .text.Timer2_Enable
                0x00009a98       0x10 .\CortexM3\ARM_GCC_541\Debug\CamaraClimatica.a(Timer2.o)
                0x00009a98                Timer2_Enable
 .text.Timer2_SetInterruptMode
                0x00009aa8        0xc .\CortexM3\ARM_GCC_541\Debug\CamaraClimatica.a(Timer2.o)
                0x00009aa8                Timer2_SetInterruptMode
 .text.Timer2_ReadStatusRegister
                0x00009ab4        0xc .\CortexM3\ARM_GCC_541\Debug\CamaraClimatica.a(Timer2.o)
                0x00009ab4                Timer2_ReadStatusRegister
 .text.Timer2_WritePeriod
                0x00009ac0       0x10 .\CortexM3\ARM_GCC_541\Debug\CamaraClimatica.a(Timer2.o)
                0x00009ac0                Timer2_WritePeriod
 .text.Timer2_ReadCapture
                0x00009ad0       0x10 .\CortexM3\ARM_GCC_541\Debug\CamaraClimatica.a(Timer2.o)
                0x00009ad0                Timer2_ReadCapture
 .text.Timer2_WriteCounter
                0x00009ae0       0x10 .\CortexM3\ARM_GCC_541\Debug\CamaraClimatica.a(Timer2.o)
                0x00009ae0                Timer2_WriteCounter
 .text.Timer2_ClearFIFO
                0x00009af0       0x14 .\CortexM3\ARM_GCC_541\Debug\CamaraClimatica.a(Timer2.o)
                0x00009af0                Timer2_ClearFIFO
 .text.Timer2_Init
                0x00009b04       0x38 .\CortexM3\ARM_GCC_541\Debug\CamaraClimatica.a(Timer2.o)
                0x00009b04                Timer2_Init
 .text.Timer2_Start
                0x00009b3c       0x1c .\CortexM3\ARM_GCC_541\Debug\CamaraClimatica.a(Timer2.o)
                0x00009b3c                Timer2_Start
 .text.IDAC_Enable
                0x00009b58       0x1c .\CortexM3\ARM_GCC_541\Debug\CamaraClimatica.a(IDAC.o)
                0x00009b58                IDAC_Enable
 .text.IDAC_SetSpeed
                0x00009b74       0x1c .\CortexM3\ARM_GCC_541\Debug\CamaraClimatica.a(IDAC.o)
                0x00009b74                IDAC_SetSpeed
 .text.IDAC_SetValue
                0x00009b90        0xc .\CortexM3\ARM_GCC_541\Debug\CamaraClimatica.a(IDAC.o)
                0x00009b90                IDAC_SetValue
 .text.IDAC_DacTrim
                0x00009b9c       0x34 .\CortexM3\ARM_GCC_541\Debug\CamaraClimatica.a(IDAC.o)
                0x00009b9c                IDAC_DacTrim
 .text.IDAC_Init
                0x00009bd0       0x24 .\CortexM3\ARM_GCC_541\Debug\CamaraClimatica.a(IDAC.o)
                0x00009bd0                IDAC_Init
 .text.IDAC_Start
                0x00009bf4       0x24 .\CortexM3\ARM_GCC_541\Debug\CamaraClimatica.a(IDAC.o)
                0x00009bf4                IDAC_Start
 .text.BUZZER_Write
                0x00009c18       0x18 .\CortexM3\ARM_GCC_541\Debug\CamaraClimatica.a(BUZZER.o)
                0x00009c18                BUZZER_Write
 .text.BUZZER_Read
                0x00009c30       0x10 .\CortexM3\ARM_GCC_541\Debug\CamaraClimatica.a(BUZZER.o)
                0x00009c30                BUZZER_Read
 .text.CurrentMux_Start
                0x00009c40       0x20 .\CortexM3\ARM_GCC_541\Debug\CamaraClimatica.a(CurrentMux.o)
                0x00009c40                CurrentMux_Start
 .text.CurrentMux_FastSelect
                0x00009c60       0x20 .\CortexM3\ARM_GCC_541\Debug\CamaraClimatica.a(CurrentMux.o)
                0x00009c60                CurrentMux_FastSelect
 .text.RTD_MultShift24
                0x00009c80       0x30 .\CortexM3\ARM_GCC_541\Debug\CamaraClimatica.a(RTD.o)
                0x00009c80                RTD_MultShift24
 .text.RTD_GetTemperature
                0x00009cb0       0xa0 .\CortexM3\ARM_GCC_541\Debug\CamaraClimatica.a(RTD.o)
                0x00009cb0                RTD_GetTemperature
 .text.ADC_SAR_SAR_CalcGain
                0x00009d50       0x64 .\CortexM3\ARM_GCC_541\Debug\CamaraClimatica.a(ADC_SAR_SAR.o)
 .text.ADC_SAR_SAR_Enable
                0x00009db4       0x78 .\CortexM3\ARM_GCC_541\Debug\CamaraClimatica.a(ADC_SAR_SAR.o)
                0x00009db4                ADC_SAR_SAR_Enable
 .text.ADC_SAR_SAR_SetResolution
                0x00009e2c       0x38 .\CortexM3\ARM_GCC_541\Debug\CamaraClimatica.a(ADC_SAR_SAR.o)
                0x00009e2c                ADC_SAR_SAR_SetResolution
 .text.ADC_SAR_SAR_Init
                0x00009e64       0x24 .\CortexM3\ARM_GCC_541\Debug\CamaraClimatica.a(ADC_SAR_SAR.o)
                0x00009e64                ADC_SAR_SAR_Init
 .text.ADC_SAR_SAR_Start
                0x00009e88       0x1c .\CortexM3\ARM_GCC_541\Debug\CamaraClimatica.a(ADC_SAR_SAR.o)
                0x00009e88                ADC_SAR_SAR_Start
 .text.ADC_SAR_SAR_StartConvert
                0x00009ea4       0x10 .\CortexM3\ARM_GCC_541\Debug\CamaraClimatica.a(ADC_SAR_SAR.o)
                0x00009ea4                ADC_SAR_SAR_StartConvert
 .text.ADC_SAR_SAR_CountsTo_mVolts
                0x00009eb4       0x58 .\CortexM3\ARM_GCC_541\Debug\CamaraClimatica.a(ADC_SAR_SAR.o)
                0x00009eb4                ADC_SAR_SAR_CountsTo_mVolts
 .text.ADC_SAR_SAR_CountsTo_Volts
                0x00009f0c       0x50 .\CortexM3\ARM_GCC_541\Debug\CamaraClimatica.a(ADC_SAR_SAR.o)
                0x00009f0c                ADC_SAR_SAR_CountsTo_Volts
 .text.ADC_SAR_TempBuf_DmaInitialize
                0x00009f5c       0x3c .\CortexM3\ARM_GCC_541\Debug\CamaraClimatica.a(ADC_SAR_TempBuf_dma.o)
                0x00009f5c                ADC_SAR_TempBuf_DmaInitialize
 .text.ADC_SAR_FinalBuf_DmaInitialize
                0x00009f98       0x3c .\CortexM3\ARM_GCC_541\Debug\CamaraClimatica.a(ADC_SAR_FinalBuf_dma.o)
                0x00009f98                ADC_SAR_FinalBuf_DmaInitialize
 .text.DS1302_IO_PIN_Write
                0x00009fd4       0x18 .\CortexM3\ARM_GCC_541\Debug\CamaraClimatica.a(DS1302_IO_PIN.o)
                0x00009fd4                DS1302_IO_PIN_Write
 .text.DS1302_IO_PIN_Read
                0x00009fec       0x10 .\CortexM3\ARM_GCC_541\Debug\CamaraClimatica.a(DS1302_IO_PIN.o)
                0x00009fec                DS1302_IO_PIN_Read
 .text.DS1302_SCLK_PIN_Write
                0x00009ffc       0x18 .\CortexM3\ARM_GCC_541\Debug\CamaraClimatica.a(DS1302_SCLK_PIN.o)
                0x00009ffc                DS1302_SCLK_PIN_Write
 .text.DS1302_CE_PIN_Write
                0x0000a014       0x18 .\CortexM3\ARM_GCC_541\Debug\CamaraClimatica.a(DS1302_CE_PIN.o)
                0x0000a014                DS1302_CE_PIN_Write
 .text.CR2_Write
                0x0000a02c       0x18 .\CortexM3\ARM_GCC_541\Debug\CamaraClimatica.a(CR2.o)
                0x0000a02c                CR2_Write
 .text.CR2_Read
                0x0000a044       0x10 .\CortexM3\ARM_GCC_541\Debug\CamaraClimatica.a(CR2.o)
                0x0000a044                CR2_Read
 .text.CR1_Write
                0x0000a054       0x18 .\CortexM3\ARM_GCC_541\Debug\CamaraClimatica.a(CR1.o)
                0x0000a054                CR1_Write
 .text.CR1_Read
                0x0000a06c       0x10 .\CortexM3\ARM_GCC_541\Debug\CamaraClimatica.a(CR1.o)
                0x0000a06c                CR1_Read
 .text.CR3_Write
                0x0000a07c       0x18 .\CortexM3\ARM_GCC_541\Debug\CamaraClimatica.a(CR3.o)
                0x0000a07c                CR3_Write
 .text.CR3_Read
                0x0000a094       0x10 .\CortexM3\ARM_GCC_541\Debug\CamaraClimatica.a(CR3.o)
                0x0000a094                CR3_Read
 .text.TERM_Read
                0x0000a0a4       0x10 .\CortexM3\ARM_GCC_541\Debug\CamaraClimatica.a(TERM.o)
                0x0000a0a4                TERM_Read
 .text.CR5_Write
                0x0000a0b4       0x18 .\CortexM3\ARM_GCC_541\Debug\CamaraClimatica.a(CR5.o)
                0x0000a0b4                CR5_Write
 .text.CR5_Read
                0x0000a0cc       0x10 .\CortexM3\ARM_GCC_541\Debug\CamaraClimatica.a(CR5.o)
                0x0000a0cc                CR5_Read
 .text.CR4_Write
                0x0000a0dc       0x18 .\CortexM3\ARM_GCC_541\Debug\CamaraClimatica.a(CR4.o)
                0x0000a0dc                CR4_Write
 .text.CR4_Read
                0x0000a0f4       0x10 .\CortexM3\ARM_GCC_541\Debug\CamaraClimatica.a(CR4.o)
                0x0000a0f4                CR4_Read
 .text.LEVEL_Read
                0x0000a104       0x10 .\CortexM3\ARM_GCC_541\Debug\CamaraClimatica.a(LEVEL.o)
                0x0000a104                LEVEL_Read
 .text.CR6_Write
                0x0000a114       0x18 .\CortexM3\ARM_GCC_541\Debug\CamaraClimatica.a(CR6.o)
                0x0000a114                CR6_Write
 .text.CR6_Read
                0x0000a12c       0x10 .\CortexM3\ARM_GCC_541\Debug\CamaraClimatica.a(CR6.o)
                0x0000a12c                CR6_Read
 .text.CR7_Write
                0x0000a13c       0x18 .\CortexM3\ARM_GCC_541\Debug\CamaraClimatica.a(CR7.o)
                0x0000a13c                CR7_Write
 .text.CR7_Read
                0x0000a154       0x10 .\CortexM3\ARM_GCC_541\Debug\CamaraClimatica.a(CR7.o)
                0x0000a154                CR7_Read
 .text.CR8_Write
                0x0000a164       0x18 .\CortexM3\ARM_GCC_541\Debug\CamaraClimatica.a(CR8.o)
                0x0000a164                CR8_Write
 .text.CR8_Read
                0x0000a17c       0x10 .\CortexM3\ARM_GCC_541\Debug\CamaraClimatica.a(CR8.o)
                0x0000a17c                CR8_Read
 *fill*         0x0000a18c        0x4 
 .text          0x0000a190       0x20 .\CortexM3\ARM_GCC_541\Debug\CamaraClimatica.a(CyBootAsmGnu.o)
                0x0000a190                CyDelayCycles
                0x0000a1a0                CyEnterCriticalSection
                0x0000a1a8                CyExitCriticalSection
 .text.CyFlashGetSpcAlgorithm
                0x0000a1b0       0x4c .\CortexM3\ARM_GCC_541\Debug\CamaraClimatica.a(CyFlash.o)
 .text.CySetTempInt
                0x0000a1fc       0x60 .\CortexM3\ARM_GCC_541\Debug\CamaraClimatica.a(CyFlash.o)
 .text.CySetTemp
                0x0000a25c       0x14 .\CortexM3\ARM_GCC_541\Debug\CamaraClimatica.a(CyFlash.o)
                0x0000a25c                CySetTemp
 .text.CyEEPROM_Start
                0x0000a270       0x54 .\CortexM3\ARM_GCC_541\Debug\CamaraClimatica.a(CyFlash.o)
                0x0000a270                CyEEPROM_Start
 .text.CyEEPROM_ReadReserve
                0x0000a2c4       0x1c .\CortexM3\ARM_GCC_541\Debug\CamaraClimatica.a(CyFlash.o)
                0x0000a2c4                CyEEPROM_ReadReserve
 .text.CyEEPROM_ReadRelease
                0x0000a2e0       0x10 .\CortexM3\ARM_GCC_541\Debug\CamaraClimatica.a(CyFlash.o)
                0x0000a2e0                CyEEPROM_ReadRelease
 .text.CySpcStart
                0x0000a2f0       0x24 .\CortexM3\ARM_GCC_541\Debug\CamaraClimatica.a(CySpc.o)
                0x0000a2f0                CySpcStart
 .text.CySpcReadData
                0x0000a314       0x34 .\CortexM3\ARM_GCC_541\Debug\CamaraClimatica.a(CySpc.o)
                0x0000a314                CySpcReadData
 .text.CySpcLoadMultiByte
                0x0000a348       0x78 .\CortexM3\ARM_GCC_541\Debug\CamaraClimatica.a(CySpc.o)
                0x0000a348                CySpcLoadMultiByte
 .text.CySpcWriteRow
                0x0000a3c0       0x4c .\CortexM3\ARM_GCC_541\Debug\CamaraClimatica.a(CySpc.o)
                0x0000a3c0                CySpcWriteRow
 .text.CySpcGetTemp
                0x0000a40c       0x3c .\CortexM3\ARM_GCC_541\Debug\CamaraClimatica.a(CySpc.o)
                0x0000a40c                CySpcGetTemp
 .text.CySpcLock
                0x0000a448       0x4c .\CortexM3\ARM_GCC_541\Debug\CamaraClimatica.a(CySpc.o)
                0x0000a448                CySpcLock
 .text.CySpcUnlock
                0x0000a494       0x38 .\CortexM3\ARM_GCC_541\Debug\CamaraClimatica.a(CySpc.o)
                0x0000a494                CySpcUnlock
 .text.CySpcGetAlgorithm
                0x0000a4cc       0x28 .\CortexM3\ARM_GCC_541\Debug\CamaraClimatica.a(CySpc.o)
                0x0000a4cc                CySpcGetAlgorithm
 .text.CySetReg24
                0x0000a4f4       0x14 .\CortexM3\ARM_GCC_541\Debug\CamaraClimatica.a(cyutils.o)
                0x0000a4f4                CySetReg24
 .text.USBUART_DispatchClassRqst
                0x0000a508       0x60 .\CortexM3\ARM_GCC_541\Debug\CamaraClimatica.a(USBUART_cls.o)
                0x0000a508                USBUART_DispatchClassRqst
 .text.pow      0x0000a568      0x330 c:/program files (x86)/cypress/psoc creator/4.3/psoc creator/import/gnu/arm/5.4.1/bin/../lib/gcc/arm-none-eabi/5.4.1/../../../../arm-none-eabi/lib/armv7-m\libm.a(lib_a-w_pow.o)
                0x0000a568                pow
 .text.__ieee754_pow
                0x0000a898      0xac4 c:/program files (x86)/cypress/psoc creator/4.3/psoc creator/import/gnu/arm/5.4.1/bin/../lib/gcc/arm-none-eabi/5.4.1/../../../../arm-none-eabi/lib/armv7-m\libm.a(lib_a-e_pow.o)
                0x0000a898                __ieee754_pow
 .text.__ieee754_sqrt
                0x0000b35c      0x188 c:/program files (x86)/cypress/psoc creator/4.3/psoc creator/import/gnu/arm/5.4.1/bin/../lib/gcc/arm-none-eabi/5.4.1/../../../../arm-none-eabi/lib/armv7-m\libm.a(lib_a-e_sqrt.o)
                0x0000b35c                __ieee754_sqrt
 .text.fabs     0x0000b4e4        0x8 c:/program files (x86)/cypress/psoc creator/4.3/psoc creator/import/gnu/arm/5.4.1/bin/../lib/gcc/arm-none-eabi/5.4.1/../../../../arm-none-eabi/lib/armv7-m\libm.a(lib_a-s_fabs.o)
                0x0000b4e4                fabs
 .text.finite   0x0000b4ec        0xc c:/program files (x86)/cypress/psoc creator/4.3/psoc creator/import/gnu/arm/5.4.1/bin/../lib/gcc/arm-none-eabi/5.4.1/../../../../arm-none-eabi/lib/armv7-m\libm.a(lib_a-s_finite.o)
                0x0000b4ec                finite
 .text.matherr  0x0000b4f8        0x4 c:/program files (x86)/cypress/psoc creator/4.3/psoc creator/import/gnu/arm/5.4.1/bin/../lib/gcc/arm-none-eabi/5.4.1/../../../../arm-none-eabi/lib/armv7-m\libm.a(lib_a-s_matherr.o)
                0x0000b4f8                matherr
 .text.nan      0x0000b4fc        0xc c:/program files (x86)/cypress/psoc creator/4.3/psoc creator/import/gnu/arm/5.4.1/bin/../lib/gcc/arm-none-eabi/5.4.1/../../../../arm-none-eabi/lib/armv7-m\libm.a(lib_a-s_nan.o)
                0x0000b4fc                nan
 .text.rint     0x0000b508      0x120 c:/program files (x86)/cypress/psoc creator/4.3/psoc creator/import/gnu/arm/5.4.1/bin/../lib/gcc/arm-none-eabi/5.4.1/../../../../arm-none-eabi/lib/armv7-m\libm.a(lib_a-s_rint.o)
                0x0000b508                rint
 .text.scalbn   0x0000b628       0xe4 c:/program files (x86)/cypress/psoc creator/4.3/psoc creator/import/gnu/arm/5.4.1/bin/../lib/gcc/arm-none-eabi/5.4.1/../../../../arm-none-eabi/lib/armv7-m\libm.a(lib_a-s_scalbn.o)
                0x0000b628                scalbn
 .text.copysign
                0x0000b70c       0x10 c:/program files (x86)/cypress/psoc creator/4.3/psoc creator/import/gnu/arm/5.4.1/bin/../lib/gcc/arm-none-eabi/5.4.1/../../../../arm-none-eabi/lib/armv7-m\libm.a(lib_a-s_copysign.o)
                0x0000b70c                copysign
 .text          0x0000b71c      0x370 c:/program files (x86)/cypress/psoc creator/4.3/psoc creator/import/gnu/arm/5.4.1/bin/../lib/gcc/arm-none-eabi/5.4.1/armv7-m\libgcc.a(_arm_addsubdf3.o)
                0x0000b71c                __aeabi_drsub
                0x0000b724                __aeabi_dsub
                0x0000b724                __subdf3
                0x0000b728                __aeabi_dadd
                0x0000b728                __adddf3
                0x0000b9a0                __floatunsidf
                0x0000b9a0                __aeabi_ui2d
                0x0000b9c0                __floatsidf
                0x0000b9c0                __aeabi_i2d
                0x0000b9e4                __aeabi_f2d
                0x0000b9e4                __extendsfdf2
                0x0000ba20                __floatundidf
                0x0000ba20                __aeabi_ul2d
                0x0000ba30                __floatdidf
                0x0000ba30                __aeabi_l2d
 .text          0x0000ba8c      0x424 c:/program files (x86)/cypress/psoc creator/4.3/psoc creator/import/gnu/arm/5.4.1/bin/../lib/gcc/arm-none-eabi/5.4.1/armv7-m\libgcc.a(_arm_muldivdf3.o)
                0x0000ba8c                __aeabi_dmul
                0x0000ba8c                __muldf3
                0x0000bce0                __divdf3
                0x0000bce0                __aeabi_ddiv
 .text          0x0000beb0      0x110 c:/program files (x86)/cypress/psoc creator/4.3/psoc creator/import/gnu/arm/5.4.1/bin/../lib/gcc/arm-none-eabi/5.4.1/armv7-m\libgcc.a(_arm_cmpdf2.o)
                0x0000beb0                __gtdf2
                0x0000beb0                __gedf2
                0x0000beb8                __ltdf2
                0x0000beb8                __ledf2
                0x0000bec0                __nedf2
                0x0000bec0                __eqdf2
                0x0000bec0                __cmpdf2
                0x0000bf3c                __aeabi_cdrcmple
                0x0000bf4c                __aeabi_cdcmpeq
                0x0000bf4c                __aeabi_cdcmple
                0x0000bf5c                __aeabi_dcmpeq
                0x0000bf70                __aeabi_dcmplt
                0x0000bf84                __aeabi_dcmple
                0x0000bf98                __aeabi_dcmpge
                0x0000bfac                __aeabi_dcmpgt
 .text          0x0000bfc0       0x2c c:/program files (x86)/cypress/psoc creator/4.3/psoc creator/import/gnu/arm/5.4.1/bin/../lib/gcc/arm-none-eabi/5.4.1/armv7-m\libgcc.a(_arm_unorddf2.o)
                0x0000bfc0                __unorddf2
                0x0000bfc0                __aeabi_dcmpun
 .text          0x0000bfec       0x50 c:/program files (x86)/cypress/psoc creator/4.3/psoc creator/import/gnu/arm/5.4.1/bin/../lib/gcc/arm-none-eabi/5.4.1/armv7-m\libgcc.a(_arm_fixdfsi.o)
                0x0000bfec                __aeabi_d2iz
                0x0000bfec                __fixdfsi
 .text          0x0000c03c       0x40 c:/program files (x86)/cypress/psoc creator/4.3/psoc creator/import/gnu/arm/5.4.1/bin/../lib/gcc/arm-none-eabi/5.4.1/armv7-m\libgcc.a(_arm_fixunsdfsi.o)
                0x0000c03c                __aeabi_d2uiz
                0x0000c03c                __fixunsdfsi
 .text          0x0000c07c       0xa0 c:/program files (x86)/cypress/psoc creator/4.3/psoc creator/import/gnu/arm/5.4.1/bin/../lib/gcc/arm-none-eabi/5.4.1/armv7-m\libgcc.a(_arm_truncdfsf2.o)
                0x0000c07c                __truncdfsf2
                0x0000c07c                __aeabi_d2f
 .text          0x0000c11c      0x21c c:/program files (x86)/cypress/psoc creator/4.3/psoc creator/import/gnu/arm/5.4.1/bin/../lib/gcc/arm-none-eabi/5.4.1/armv7-m\libgcc.a(_arm_addsubsf3.o)
                0x0000c11c                __aeabi_frsub
                0x0000c124                __subsf3
                0x0000c124                __aeabi_fsub
                0x0000c128                __aeabi_fadd
                0x0000c128                __addsf3
                0x0000c288                __aeabi_ui2f
                0x0000c288                __floatunsisf
                0x0000c290                __aeabi_i2f
                0x0000c290                __floatsisf
                0x0000c2ac                __aeabi_ul2f
                0x0000c2ac                __floatundisf
                0x0000c2bc                __aeabi_l2f
                0x0000c2bc                __floatdisf
 .text          0x0000c338      0x2a0 c:/program files (x86)/cypress/psoc creator/4.3/psoc creator/import/gnu/arm/5.4.1/bin/../lib/gcc/arm-none-eabi/5.4.1/armv7-m\libgcc.a(_arm_muldivsf3.o)
                0x0000c338                __mulsf3
                0x0000c338                __aeabi_fmul
                0x0000c4a0                __aeabi_fdiv
                0x0000c4a0                __divsf3
 .text          0x0000c5d8       0xec c:/program files (x86)/cypress/psoc creator/4.3/psoc creator/import/gnu/arm/5.4.1/bin/../lib/gcc/arm-none-eabi/5.4.1/armv7-m\libgcc.a(_arm_cmpsf2.o)
                0x0000c5d8                __gesf2
                0x0000c5d8                __gtsf2
                0x0000c5e0                __lesf2
                0x0000c5e0                __ltsf2
                0x0000c5e8                __nesf2
                0x0000c5e8                __eqsf2
                0x0000c5e8                __cmpsf2
                0x0000c648                __aeabi_cfrcmple
                0x0000c650                __aeabi_cfcmpeq
                0x0000c650                __aeabi_cfcmple
                0x0000c660                __aeabi_fcmpeq
                0x0000c674                __aeabi_fcmplt
                0x0000c688                __aeabi_fcmple
                0x0000c69c                __aeabi_fcmpge
                0x0000c6b0                __aeabi_fcmpgt
 .text          0x0000c6c4       0x4c c:/program files (x86)/cypress/psoc creator/4.3/psoc creator/import/gnu/arm/5.4.1/bin/../lib/gcc/arm-none-eabi/5.4.1/armv7-m\libgcc.a(_arm_fixsfsi.o)
                0x0000c6c4                __aeabi_f2iz
                0x0000c6c4                __fixsfsi
 .text          0x0000c710       0x40 c:/program files (x86)/cypress/psoc creator/4.3/psoc creator/import/gnu/arm/5.4.1/bin/../lib/gcc/arm-none-eabi/5.4.1/armv7-m\libgcc.a(_arm_fixunssfsi.o)
                0x0000c710                __fixunssfsi
                0x0000c710                __aeabi_f2uiz
 .text.__errno  0x0000c750        0xc c:/program files (x86)/cypress/psoc creator/4.3/psoc creator/import/gnu/arm/5.4.1/bin/../lib/gcc/arm-none-eabi/5.4.1/../../../../arm-none-eabi/lib/armv7-m\libg_nano.a(lib_a-errno.o)
                0x0000c750                __errno
 .text.__libc_init_array
                0x0000c75c       0x4c c:/program files (x86)/cypress/psoc creator/4.3/psoc creator/import/gnu/arm/5.4.1/bin/../lib/gcc/arm-none-eabi/5.4.1/../../../../arm-none-eabi/lib/armv7-m\libg_nano.a(lib_a-init.o)
                0x0000c75c                __libc_init_array
 .text.memcpy   0x0000c7a8       0x16 c:/program files (x86)/cypress/psoc creator/4.3/psoc creator/import/gnu/arm/5.4.1/bin/../lib/gcc/arm-none-eabi/5.4.1/../../../../arm-none-eabi/lib/armv7-m\libg_nano.a(lib_a-memcpy-stub.o)
                0x0000c7a8                memcpy
 .text.memset   0x0000c7be       0x10 c:/program files (x86)/cypress/psoc creator/4.3/psoc creator/import/gnu/arm/5.4.1/bin/../lib/gcc/arm-none-eabi/5.4.1/../../../../arm-none-eabi/lib/armv7-m\libg_nano.a(lib_a-memset.o)
                0x0000c7be                memset
 .text.__cvt    0x0000c7ce       0xc0 c:/program files (x86)/cypress/psoc creator/4.3/psoc creator/import/gnu/arm/5.4.1/bin/../lib/gcc/arm-none-eabi/5.4.1/../../../../arm-none-eabi/lib/armv7-m\libg_nano.a(lib_a-nano-vfprintf_float.o)
                0x0000c7ce                __cvt
 .text.__exponent
                0x0000c88e       0x62 c:/program files (x86)/cypress/psoc creator/4.3/psoc creator/import/gnu/arm/5.4.1/bin/../lib/gcc/arm-none-eabi/5.4.1/../../../../arm-none-eabi/lib/armv7-m\libg_nano.a(lib_a-nano-vfprintf_float.o)
                0x0000c88e                __exponent
 .text._printf_float
                0x0000c8f0      0x488 c:/program files (x86)/cypress/psoc creator/4.3/psoc creator/import/gnu/arm/5.4.1/bin/../lib/gcc/arm-none-eabi/5.4.1/../../../../arm-none-eabi/lib/armv7-m\libg_nano.a(lib_a-nano-vfprintf_float.o)
                0x0000c8f0                _printf_float
 .text._printf_common
                0x0000cd78       0xec c:/program files (x86)/cypress/psoc creator/4.3/psoc creator/import/gnu/arm/5.4.1/bin/../lib/gcc/arm-none-eabi/5.4.1/../../../../arm-none-eabi/lib/armv7-m\libg_nano.a(lib_a-nano-vfprintf_i.o)
                0x0000cd78                _printf_common
 .text._printf_i
                0x0000ce64      0x24c c:/program files (x86)/cypress/psoc creator/4.3/psoc creator/import/gnu/arm/5.4.1/bin/../lib/gcc/arm-none-eabi/5.4.1/../../../../arm-none-eabi/lib/armv7-m\libg_nano.a(lib_a-nano-vfprintf_i.o)
                0x0000ce64                _printf_i
 .text.sprintf  0x0000d0b0       0x48 c:/program files (x86)/cypress/psoc creator/4.3/psoc creator/import/gnu/arm/5.4.1/bin/../lib/gcc/arm-none-eabi/5.4.1/../../../../arm-none-eabi/lib/armv7-m\libg_nano.a(lib_a-sprintf.o)
                0x0000d0b0                siprintf
                0x0000d0b0                sprintf
 .text          0x0000d0f8       0x10 c:/program files (x86)/cypress/psoc creator/4.3/psoc creator/import/gnu/arm/5.4.1/bin/../lib/gcc/arm-none-eabi/5.4.1/../../../../arm-none-eabi/lib/armv7-m\libg_nano.a(lib_a-strlen.o)
                0x0000d0f8                strlen
 .text.quorem   0x0000d108      0x116 c:/program files (x86)/cypress/psoc creator/4.3/psoc creator/import/gnu/arm/5.4.1/bin/../lib/gcc/arm-none-eabi/5.4.1/../../../../arm-none-eabi/lib/armv7-m\libg_nano.a(lib_a-dtoa.o)
 *fill*         0x0000d21e        0x2 
 .text._dtoa_r  0x0000d220      0xb30 c:/program files (x86)/cypress/psoc creator/4.3/psoc creator/import/gnu/arm/5.4.1/bin/../lib/gcc/arm-none-eabi/5.4.1/../../../../arm-none-eabi/lib/armv7-m\libg_nano.a(lib_a-dtoa.o)
                0x0000d220                _dtoa_r
 .text._localeconv_r
                0x0000dd50        0x8 c:/program files (x86)/cypress/psoc creator/4.3/psoc creator/import/gnu/arm/5.4.1/bin/../lib/gcc/arm-none-eabi/5.4.1/../../../../arm-none-eabi/lib/armv7-m\libg_nano.a(lib_a-locale.o)
                0x0000dd50                _localeconv_r
 .text.malloc   0x0000dd58       0x10 c:/program files (x86)/cypress/psoc creator/4.3/psoc creator/import/gnu/arm/5.4.1/bin/../lib/gcc/arm-none-eabi/5.4.1/../../../../arm-none-eabi/lib/armv7-m\libg_nano.a(lib_a-malloc.o)
                0x0000dd58                malloc
 .text.memchr   0x0000dd68       0x1c c:/program files (x86)/cypress/psoc creator/4.3/psoc creator/import/gnu/arm/5.4.1/bin/../lib/gcc/arm-none-eabi/5.4.1/../../../../arm-none-eabi/lib/armv7-m\libg_nano.a(lib_a-memchr-stub.o)
                0x0000dd68                memchr
 .text._Balloc  0x0000dd84       0x6a c:/program files (x86)/cypress/psoc creator/4.3/psoc creator/import/gnu/arm/5.4.1/bin/../lib/gcc/arm-none-eabi/5.4.1/../../../../arm-none-eabi/lib/armv7-m\libg_nano.a(lib_a-mprec.o)
                0x0000dd84                _Balloc
 .text._Bfree   0x0000ddee       0x2e c:/program files (x86)/cypress/psoc creator/4.3/psoc creator/import/gnu/arm/5.4.1/bin/../lib/gcc/arm-none-eabi/5.4.1/../../../../arm-none-eabi/lib/armv7-m\libg_nano.a(lib_a-mprec.o)
                0x0000ddee                _Bfree
 .text.__multadd
                0x0000de1c       0x76 c:/program files (x86)/cypress/psoc creator/4.3/psoc creator/import/gnu/arm/5.4.1/bin/../lib/gcc/arm-none-eabi/5.4.1/../../../../arm-none-eabi/lib/armv7-m\libg_nano.a(lib_a-mprec.o)
                0x0000de1c                __multadd
 .text.__hi0bits
                0x0000de92       0x40 c:/program files (x86)/cypress/psoc creator/4.3/psoc creator/import/gnu/arm/5.4.1/bin/../lib/gcc/arm-none-eabi/5.4.1/../../../../arm-none-eabi/lib/armv7-m\libg_nano.a(lib_a-mprec.o)
                0x0000de92                __hi0bits
 .text.__lo0bits
                0x0000ded2       0x5a c:/program files (x86)/cypress/psoc creator/4.3/psoc creator/import/gnu/arm/5.4.1/bin/../lib/gcc/arm-none-eabi/5.4.1/../../../../arm-none-eabi/lib/armv7-m\libg_nano.a(lib_a-mprec.o)
                0x0000ded2                __lo0bits
 .text.__i2b    0x0000df2c       0x12 c:/program files (x86)/cypress/psoc creator/4.3/psoc creator/import/gnu/arm/5.4.1/bin/../lib/gcc/arm-none-eabi/5.4.1/../../../../arm-none-eabi/lib/armv7-m\libg_nano.a(lib_a-mprec.o)
                0x0000df2c                __i2b
 .text.__multiply
                0x0000df3e      0x120 c:/program files (x86)/cypress/psoc creator/4.3/psoc creator/import/gnu/arm/5.4.1/bin/../lib/gcc/arm-none-eabi/5.4.1/../../../../arm-none-eabi/lib/armv7-m\libg_nano.a(lib_a-mprec.o)
                0x0000df3e                __multiply
 *fill*         0x0000e05e        0x2 
 .text.__pow5mult
                0x0000e060       0x9c c:/program files (x86)/cypress/psoc creator/4.3/psoc creator/import/gnu/arm/5.4.1/bin/../lib/gcc/arm-none-eabi/5.4.1/../../../../arm-none-eabi/lib/armv7-m\libg_nano.a(lib_a-mprec.o)
                0x0000e060                __pow5mult
 .text.__lshift
                0x0000e0fc       0xa2 c:/program files (x86)/cypress/psoc creator/4.3/psoc creator/import/gnu/arm/5.4.1/bin/../lib/gcc/arm-none-eabi/5.4.1/../../../../arm-none-eabi/lib/armv7-m\libg_nano.a(lib_a-mprec.o)
                0x0000e0fc                __lshift
 .text.__mcmp   0x0000e19e       0x38 c:/program files (x86)/cypress/psoc creator/4.3/psoc creator/import/gnu/arm/5.4.1/bin/../lib/gcc/arm-none-eabi/5.4.1/../../../../arm-none-eabi/lib/armv7-m\libg_nano.a(lib_a-mprec.o)
                0x0000e19e                __mcmp
 .text.__mdiff  0x0000e1d6       0xbe c:/program files (x86)/cypress/psoc creator/4.3/psoc creator/import/gnu/arm/5.4.1/bin/../lib/gcc/arm-none-eabi/5.4.1/../../../../arm-none-eabi/lib/armv7-m\libg_nano.a(lib_a-mprec.o)
                0x0000e1d6                __mdiff
 .text.__d2b    0x0000e294       0x9c c:/program files (x86)/cypress/psoc creator/4.3/psoc creator/import/gnu/arm/5.4.1/bin/../lib/gcc/arm-none-eabi/5.4.1/../../../../arm-none-eabi/lib/armv7-m\libg_nano.a(lib_a-mprec.o)
                0x0000e294                __d2b
 .text._calloc_r
                0x0000e330       0x1c c:/program files (x86)/cypress/psoc creator/4.3/psoc creator/import/gnu/arm/5.4.1/bin/../lib/gcc/arm-none-eabi/5.4.1/../../../../arm-none-eabi/lib/armv7-m\libg_nano.a(lib_a-nano-callocr.o)
                0x0000e330                _calloc_r
 .text._free_r  0x0000e34c       0x98 c:/program files (x86)/cypress/psoc creator/4.3/psoc creator/import/gnu/arm/5.4.1/bin/../lib/gcc/arm-none-eabi/5.4.1/../../../../arm-none-eabi/lib/armv7-m\libg_nano.a(lib_a-nano-freer.o)
                0x0000e34c                _free_r
 .text._malloc_r
                0x0000e3e4       0xbc c:/program files (x86)/cypress/psoc creator/4.3/psoc creator/import/gnu/arm/5.4.1/bin/../lib/gcc/arm-none-eabi/5.4.1/../../../../arm-none-eabi/lib/armv7-m\libg_nano.a(lib_a-nano-mallocr.o)
                0x0000e3e4                _malloc_r
 .text.__ssputs_r
                0x0000e4a0       0xb2 c:/program files (x86)/cypress/psoc creator/4.3/psoc creator/import/gnu/arm/5.4.1/bin/../lib/gcc/arm-none-eabi/5.4.1/../../../../arm-none-eabi/lib/armv7-m\libg_nano.a(lib_a-nano-svfprintf.o)
                0x0000e4a0                __ssputs_r
 *fill*         0x0000e552        0x2 
 .text._svfprintf_r
                0x0000e554      0x1e8 c:/program files (x86)/cypress/psoc creator/4.3/psoc creator/import/gnu/arm/5.4.1/bin/../lib/gcc/arm-none-eabi/5.4.1/../../../../arm-none-eabi/lib/armv7-m\libg_nano.a(lib_a-nano-svfprintf.o)
                0x0000e554                _svfiprintf_r
                0x0000e554                _svfprintf_r
 .text._sbrk_r  0x0000e73c       0x20 c:/program files (x86)/cypress/psoc creator/4.3/psoc creator/import/gnu/arm/5.4.1/bin/../lib/gcc/arm-none-eabi/5.4.1/../../../../arm-none-eabi/lib/armv7-m\libg_nano.a(lib_a-sbrkr.o)
                0x0000e73c                _sbrk_r
 .text.memmove  0x0000e75c       0x36 c:/program files (x86)/cypress/psoc creator/4.3/psoc creator/import/gnu/arm/5.4.1/bin/../lib/gcc/arm-none-eabi/5.4.1/../../../../arm-none-eabi/lib/armv7-m\libg_nano.a(lib_a-memmove.o)
                0x0000e75c                memmove
 .text.__malloc_lock
                0x0000e792        0x2 c:/program files (x86)/cypress/psoc creator/4.3/psoc creator/import/gnu/arm/5.4.1/bin/../lib/gcc/arm-none-eabi/5.4.1/../../../../arm-none-eabi/lib/armv7-m\libg_nano.a(lib_a-mlock.o)
                0x0000e792                __malloc_lock
 .text.__malloc_unlock
                0x0000e794        0x2 c:/program files (x86)/cypress/psoc creator/4.3/psoc creator/import/gnu/arm/5.4.1/bin/../lib/gcc/arm-none-eabi/5.4.1/../../../../arm-none-eabi/lib/armv7-m\libg_nano.a(lib_a-mlock.o)
                0x0000e794                __malloc_unlock
 .text._realloc_r
                0x0000e796       0x4c c:/program files (x86)/cypress/psoc creator/4.3/psoc creator/import/gnu/arm/5.4.1/bin/../lib/gcc/arm-none-eabi/5.4.1/../../../../arm-none-eabi/lib/armv7-m\libg_nano.a(lib_a-nano-reallocr.o)
                0x0000e796                _realloc_r
 .text._malloc_usable_size_r
                0x0000e7e2       0x14 c:/program files (x86)/cypress/psoc creator/4.3/psoc creator/import/gnu/arm/5.4.1/bin/../lib/gcc/arm-none-eabi/5.4.1/../../../../arm-none-eabi/lib/armv7-m\libg_nano.a(lib_a-nano-msizer.o)
                0x0000e7e2                _malloc_usable_size_r
 *(.plt)
 *(.gnu.warning)
 *(.glue_7t)
 .glue_7t       0x0000e7f6        0x0 linker stubs
 *(.glue_7)
 .glue_7        0x0000e7f6        0x0 linker stubs
 *(.vfp11_veneer)
 .vfp11_veneer  0x0000e7f6        0x0 linker stubs
 *(.bootloader)
 *(.ARM.extab* .gnu.linkonce.armextab.*)
 *(.gcc_except_table)

.v4_bx          0x0000e7f8        0x0
 .v4_bx         0x0000e7f8        0x0 linker stubs

.iplt           0x0000e7f8        0x0
 .iplt          0x0000e7f8        0x0 c:/program files (x86)/cypress/psoc creator/4.3/psoc creator/import/gnu/arm/5.4.1/bin/../lib/gcc/arm-none-eabi/5.4.1/armv7-m/crtbegin.o

.eh_frame_hdr
 *(.eh_frame_hdr)

.eh_frame       0x0000e7f8        0x4
 *(.eh_frame)
 .eh_frame      0x0000e7f8        0x0 c:/program files (x86)/cypress/psoc creator/4.3/psoc creator/import/gnu/arm/5.4.1/bin/../lib/gcc/arm-none-eabi/5.4.1/armv7-m/crtbegin.o
 .eh_frame      0x0000e7f8        0x4 c:/program files (x86)/cypress/psoc creator/4.3/psoc creator/import/gnu/arm/5.4.1/bin/../lib/gcc/arm-none-eabi/5.4.1/armv7-m/crtend.o
                [!provide]                PROVIDE (__exidx_start, .)

.ARM.exidx
 *(.ARM.exidx* .gnu.linkonce.armexidx.*)
                0x0000e7fc                __exidx_end = .

.rodata         0x0000e800     0x1200
 *(.rodata .rodata.* .gnu.linkonce.r.*)
 .rodata        0x0000e800       0xb4 .\CortexM3\ARM_GCC_541\Debug\main.o
                0x0000e800                texto
 .rodata.str1.4
                0x0000e8b4      0xd60 .\CortexM3\ARM_GCC_541\Debug\main.o
 .rodata        0x0000f614       0x96 .\CortexM3\ARM_GCC_541\Debug\cyfitter_cfg.o
                0x0000f614                ADCMux_CYAMUXSIDE_A__addrTable
                0x0000f62c                ADCMux_CYAMUXSIDE_A__maskTable
                0x0000f634                ADCMux_CYAMUXSIDE_B__addrTable
                0x0000f64c                ADCMux_CYAMUXSIDE_B__maskTable
                0x0000f654                CurrentMux__addrTable
                0x0000f66c                CurrentMux__maskTable
 *fill*         0x0000f6aa        0x2 
 .rodata.str1.4
                0x0000f6ac       0x11 .\CortexM3\ARM_GCC_541\Debug\CamaraClimatica.a(USBUART_std.o)
 *fill*         0x0000f6bd        0x3 
 .rodata        0x0000f6c0       0x30 .\CortexM3\ARM_GCC_541\Debug\CamaraClimatica.a(RTD.o)
 .rodata        0x0000f6f0      0x15e .\CortexM3\ARM_GCC_541\Debug\CamaraClimatica.a(USBUART_descr.o)
                0x0000f6f0                USBUART_TABLE
                0x0000f6f8                USBUART_DEVICE0_TABLE
                0x0000f710                USBUART_DEVICE0_CONFIGURATION0_TABLE
                0x0000f738                USBUART_DEVICE0_CONFIGURATION0_INTERFACE_CLASS
                0x0000f73c                USBUART_DEVICE0_CONFIGURATION0_EP_SETTINGS_TABLE
                0x0000f754                USBUART_SN_STRING_DESCRIPTOR
                0x0000f758                USBUART_STRING_DESCRIPTORS
                0x0000f7f8                USBUART_DEVICE0_CONFIGURATION0_DESCR
                0x0000f83c                USBUART_DEVICE0_DESCR
 *fill*         0x0000f84e        0x2 
 .rodata.str1.4
                0x0000f850        0x4 c:/program files (x86)/cypress/psoc creator/4.3/psoc creator/import/gnu/arm/5.4.1/bin/../lib/gcc/arm-none-eabi/5.4.1/../../../../arm-none-eabi/lib/armv7-m\libm.a(lib_a-w_pow.o)
 .rodata.str1.4
                0x0000f854        0x4 c:/program files (x86)/cypress/psoc creator/4.3/psoc creator/import/gnu/arm/5.4.1/bin/../lib/gcc/arm-none-eabi/5.4.1/../../../../arm-none-eabi/lib/armv7-m\libm.a(lib_a-e_pow.o)
                                  0x1 (size before relaxing)
 *fill*         0x0000f854        0x4 
 .rodata.TWO52  0x0000f858       0x10 c:/program files (x86)/cypress/psoc creator/4.3/psoc creator/import/gnu/arm/5.4.1/bin/../lib/gcc/arm-none-eabi/5.4.1/../../../../arm-none-eabi/lib/armv7-m\libm.a(lib_a-s_rint.o)
 .rodata.str1.1
                0x0000f868        0x2 c:/program files (x86)/cypress/psoc creator/4.3/psoc creator/import/gnu/arm/5.4.1/bin/../lib/gcc/arm-none-eabi/5.4.1/../../../../arm-none-eabi/lib/armv7-m\libg_nano.a(lib_a-impure.o)
 .rodata.str1.1
                0x0000f86a       0x12 c:/program files (x86)/cypress/psoc creator/4.3/psoc creator/import/gnu/arm/5.4.1/bin/../lib/gcc/arm-none-eabi/5.4.1/../../../../arm-none-eabi/lib/armv7-m\libg_nano.a(lib_a-nano-vfprintf_float.o)
 .rodata.str1.1
                0x0000f87c       0x22 c:/program files (x86)/cypress/psoc creator/4.3/psoc creator/import/gnu/arm/5.4.1/bin/../lib/gcc/arm-none-eabi/5.4.1/../../../../arm-none-eabi/lib/armv7-m\libg_nano.a(lib_a-nano-vfprintf_i.o)
 .rodata.str1.1
                0x0000f89e        0xd c:/program files (x86)/cypress/psoc creator/4.3/psoc creator/import/gnu/arm/5.4.1/bin/../lib/gcc/arm-none-eabi/5.4.1/../../../../arm-none-eabi/lib/armv7-m\libg_nano.a(lib_a-dtoa.o)
                                  0xf (size before relaxing)
 .rodata.str1.1
                0x0000f8ab        0x8 c:/program files (x86)/cypress/psoc creator/4.3/psoc creator/import/gnu/arm/5.4.1/bin/../lib/gcc/arm-none-eabi/5.4.1/../../../../arm-none-eabi/lib/armv7-m\libg_nano.a(lib_a-locale.o)
                                  0xb (size before relaxing)
 *fill*         0x0000f8b3        0x5 
 .rodata.__mprec_tens
                0x0000f8b8       0xc8 c:/program files (x86)/cypress/psoc creator/4.3/psoc creator/import/gnu/arm/5.4.1/bin/../lib/gcc/arm-none-eabi/5.4.1/../../../../arm-none-eabi/lib/armv7-m\libg_nano.a(lib_a-mprec.o)
                0x0000f8b8                __mprec_tens
 .rodata.p05.5408
                0x0000f980        0xc c:/program files (x86)/cypress/psoc creator/4.3/psoc creator/import/gnu/arm/5.4.1/bin/../lib/gcc/arm-none-eabi/5.4.1/../../../../arm-none-eabi/lib/armv7-m\libg_nano.a(lib_a-mprec.o)
 *fill*         0x0000f98c        0x4 
 .rodata.__mprec_bigtens
                0x0000f990       0x28 c:/program files (x86)/cypress/psoc creator/4.3/psoc creator/import/gnu/arm/5.4.1/bin/../lib/gcc/arm-none-eabi/5.4.1/../../../../arm-none-eabi/lib/armv7-m\libg_nano.a(lib_a-mprec.o)
                0x0000f990                __mprec_bigtens
 .rodata.str1.1
                0x0000f9b8       0x11 c:/program files (x86)/cypress/psoc creator/4.3/psoc creator/import/gnu/arm/5.4.1/bin/../lib/gcc/arm-none-eabi/5.4.1/../../../../arm-none-eabi/lib/armv7-m\libg_nano.a(lib_a-nano-svfprintf.o)
                0x0000f9cc                . = ALIGN (0x4)
 *fill*         0x0000f9c9        0x3 
 *(.init)
 .init          0x0000f9cc        0x4 c:/program files (x86)/cypress/psoc creator/4.3/psoc creator/import/gnu/arm/5.4.1/bin/../lib/gcc/arm-none-eabi/5.4.1/armv7-m/crti.o
                0x0000f9cc                _init
 .init          0x0000f9d0        0x8 c:/program files (x86)/cypress/psoc creator/4.3/psoc creator/import/gnu/arm/5.4.1/bin/../lib/gcc/arm-none-eabi/5.4.1/armv7-m/crtn.o
                0x0000f9d8                . = ALIGN (0x4)
                0x0000f9d8                __preinit_array_start = .
 *(.preinit_array)
                0x0000f9d8                __preinit_array_end = .
                0x0000f9d8                . = ALIGN (0x4)
                0x0000f9d8                __init_array_start = .
 *(SORT(.init_array.*))
 *(.init_array)
 .init_array    0x0000f9d8        0x4 c:/program files (x86)/cypress/psoc creator/4.3/psoc creator/import/gnu/arm/5.4.1/bin/../lib/gcc/arm-none-eabi/5.4.1/armv7-m/crtbegin.o
 .init_array    0x0000f9dc        0x4 .\CortexM3\ARM_GCC_541\Debug\Cm3Start.o
                0x0000f9e0                __init_array_end = .
                0x0000f9e0                . = ALIGN (0x4)
 *(.fini)
 .fini          0x0000f9e0        0x4 c:/program files (x86)/cypress/psoc creator/4.3/psoc creator/import/gnu/arm/5.4.1/bin/../lib/gcc/arm-none-eabi/5.4.1/armv7-m/crti.o
                0x0000f9e0                _fini
 .fini          0x0000f9e4        0x8 c:/program files (x86)/cypress/psoc creator/4.3/psoc creator/import/gnu/arm/5.4.1/bin/../lib/gcc/arm-none-eabi/5.4.1/armv7-m/crtn.o
                0x0000f9ec                . = ALIGN (0x4)
                0x0000f9ec                __fini_array_start = .
 *(.fini_array)
 .fini_array    0x0000f9ec        0x4 c:/program files (x86)/cypress/psoc creator/4.3/psoc creator/import/gnu/arm/5.4.1/bin/../lib/gcc/arm-none-eabi/5.4.1/armv7-m/crtbegin.o
 *(SORT(.fini_array.*))
                0x0000f9f0                __fini_array_end = .
                0x0000f9f0                . = ALIGN (0x4)
 *crtbegin.o(.ctors)
 *(EXCLUDE_FILE(*crtend.o) .ctors)
 *(SORT(.ctors.*))
 *crtend.o(.ctors)
                0x0000f9f0                . = ALIGN (0x4)
 *crtbegin.o(.dtors)
 *(EXCLUDE_FILE(*crtend.o) .dtors)
 *(SORT(.dtors.*))
 *crtend.o(.dtors)
                0x0000f9f0                . = ALIGN (0x4)
                0x0000f9f0                __cy_regions = .
                0x0000f9f0        0x4 LONG 0xfa00 __cy_region_init_ram
                0x0000f9f4        0x4 LONG 0x1fff80c8 __cy_region_start_data
                0x0000f9f8        0x4 LONG 0x120 __cy_region_init_size_ram
                0x0000f9fc        0x4 LONG 0xb50 __cy_region_zero_size_ram
                0x0000fa00                __cy_regions_end = .
                0x0000fa00                . = ALIGN (0x8)
                0x0000fa00                _etext = .

.cy_checksum_exclude
                0x0000fa00        0x0
 *(.cy_checksum_exclude)

.ramvectors     0x1fff8000       0xc0
                0x1fff8000                __cy_region_start_ram = .
 *(.ramvectors)
 .ramvectors    0x1fff8000       0xc0 .\CortexM3\ARM_GCC_541\Debug\Cm3Start.o
                0x1fff8000                CyRamVectors

.noinit         0x1fff80c0        0x1
 *(.noinit)
 .noinit        0x1fff80c0        0x1 .\CortexM3\ARM_GCC_541\Debug\CamaraClimatica.a(CyLib.o)
                0x1fff80c0                CyResetStatus

.data           0x1fff80c8      0x120 load address 0x0000fa00
                0x1fff80c8                __cy_region_start_data = .
 *(.jcr)
 .jcr           0x1fff80c8        0x0 c:/program files (x86)/cypress/psoc creator/4.3/psoc creator/import/gnu/arm/5.4.1/bin/../lib/gcc/arm-none-eabi/5.4.1/armv7-m/crtbegin.o
 .jcr           0x1fff80c8        0x4 c:/program files (x86)/cypress/psoc creator/4.3/psoc creator/import/gnu/arm/5.4.1/bin/../lib/gcc/arm-none-eabi/5.4.1/armv7-m/crtend.o
 *(.got.plt)
 *(.got)
 *(.shdata)
 *(.data .data.* .gnu.linkonce.d.*)
 .data          0x1fff80cc       0x3c .\CortexM3\ARM_GCC_541\Debug\main.o
                0x1fff80cc                penMufla
                0x1fff80d0                iconoGrande
                0x1fff80e0                iconoPeque
                0x1fff80f0                Bisiesto
                0x1fff80fc                Regular
 .data          0x1fff8108        0x4 .\CortexM3\ARM_GCC_541\Debug\Cm3Start.o
 .data          0x1fff810c        0x8 .\CortexM3\ARM_GCC_541\Debug\CamaraClimatica.a(CyDmac.o)
 .data          0x1fff8114       0x10 .\CortexM3\ARM_GCC_541\Debug\CamaraClimatica.a(CyLib.o)
                0x1fff8114                cydelay_32k_ms
                0x1fff8118                cydelay_freq_khz
                0x1fff811c                cydelay_freq_mhz
                0x1fff8120                cydelay_freq_hz
 .data          0x1fff8124        0x1 .\CortexM3\ARM_GCC_541\Debug\CamaraClimatica.a(ADC.o)
                0x1fff8124                ADC_Config
 *fill*         0x1fff8125        0x3 
 .data          0x1fff8128       0x1a .\CortexM3\ARM_GCC_541\Debug\CamaraClimatica.a(USBUART_cdc.o)
                0x1fff8128                USBUART_linesCoding
 .data          0x1fff8142        0x1 .\CortexM3\ARM_GCC_541\Debug\CamaraClimatica.a(ADCMux.o)
 .data          0x1fff8143        0x2 .\CortexM3\ARM_GCC_541\Debug\CamaraClimatica.a(ADC_SAR.o)
 .data          0x1fff8145        0x1 .\CortexM3\ARM_GCC_541\Debug\CamaraClimatica.a(CurrentMux.o)
 .data          0x1fff8146        0x1 .\CortexM3\ARM_GCC_541\Debug\CamaraClimatica.a(ADC_SAR_TempBuf_dma.o)
                0x1fff8146                ADC_SAR_TempBuf_DmaHandle
 .data          0x1fff8147        0x1 .\CortexM3\ARM_GCC_541\Debug\CamaraClimatica.a(ADC_SAR_FinalBuf_dma.o)
                0x1fff8147                ADC_SAR_FinalBuf_DmaHandle
 .data.__fdlib_version
                0x1fff8148        0x1 c:/program files (x86)/cypress/psoc creator/4.3/psoc creator/import/gnu/arm/5.4.1/bin/../lib/gcc/arm-none-eabi/5.4.1/../../../../arm-none-eabi/lib/armv7-m\libm.a(lib_a-s_lib_ver.o)
                0x1fff8148                __fdlib_version
 *fill*         0x1fff8149        0x3 
 .data.impure_data
                0x1fff814c       0x60 c:/program files (x86)/cypress/psoc creator/4.3/psoc creator/import/gnu/arm/5.4.1/bin/../lib/gcc/arm-none-eabi/5.4.1/../../../../arm-none-eabi/lib/armv7-m\libg_nano.a(lib_a-impure.o)
 .data._impure_ptr
                0x1fff81ac        0x4 c:/program files (x86)/cypress/psoc creator/4.3/psoc creator/import/gnu/arm/5.4.1/bin/../lib/gcc/arm-none-eabi/5.4.1/../../../../arm-none-eabi/lib/armv7-m\libg_nano.a(lib_a-impure.o)
                0x1fff81ac                _impure_ptr
 .data.lconv    0x1fff81b0       0x38 c:/program files (x86)/cypress/psoc creator/4.3/psoc creator/import/gnu/arm/5.4.1/bin/../lib/gcc/arm-none-eabi/5.4.1/../../../../arm-none-eabi/lib/armv7-m\libg_nano.a(lib_a-locale.o)
                0x1fff81e8                . = ALIGN (0x8)
 *(.ram)
                0x1fff81e8                _edata = .

.igot.plt       0x1fff81e8        0x0 load address 0x0000fb20
 .igot.plt      0x1fff81e8        0x0 c:/program files (x86)/cypress/psoc creator/4.3/psoc creator/import/gnu/arm/5.4.1/bin/../lib/gcc/arm-none-eabi/5.4.1/armv7-m/crtbegin.o

.bss            0x1fff81e8      0xb50 load address 0x0000fb20
                0x1fff81e8                PROVIDE (__bss_start__, .)
 *(.shbss)
 *(.bss .bss.* .gnu.linkonce.b.*)
 .bss           0x1fff81e8       0x1c c:/program files (x86)/cypress/psoc creator/4.3/psoc creator/import/gnu/arm/5.4.1/bin/../lib/gcc/arm-none-eabi/5.4.1/armv7-m/crtbegin.o
 .bss           0x1fff8204       0x19 .\CortexM3\ARM_GCC_541\Debug\main.o
                0x1fff8204                RX_Wr_Index
                0x1fff8208                X
                0x1fff8210                MesTx
                0x1fff8211                DiaTx
                0x1fff8212                YearTx
                0x1fff8213                HoraTx
                0x1fff8214                MinutoTx
                0x1fff8215                dowTx
                0x1fff8216                dataReady
                0x1fff8217                RX_Counter2
                0x1fff8218                RX_Rd_Index2
                0x1fff8219                RX_Wr_Index2
                0x1fff821a                RX_Counter
                0x1fff821b                RX_Rd_Index
                0x1fff821c                first
 *fill*         0x1fff821d        0x3 
 .bss           0x1fff8220        0xc .\CortexM3\ARM_GCC_541\Debug\removeOffsetNoise.o
 .bss           0x1fff822c        0x8 .\CortexM3\ARM_GCC_541\Debug\CamaraClimatica.a(ADC.o)
                0x1fff8230                ADC_stopConversion
                0x1fff8231                ADC_convDone
                0x1fff8232                ADC_initVar
                0x1fff8233                ADC_started
 .bss           0x1fff8234        0x1 .\CortexM3\ARM_GCC_541\Debug\CamaraClimatica.a(USBUART.o)
                0x1fff8234                USBUART_initVar
 .bss           0x1fff8235        0x1 .\CortexM3\ARM_GCC_541\Debug\CamaraClimatica.a(USBUART_cdc.o)
 *fill*         0x1fff8236        0x2 
 .bss           0x1fff8238        0x2 .\CortexM3\ARM_GCC_541\Debug\CamaraClimatica.a(USBUART_std.o)
 .bss           0x1fff823a        0x2 .\CortexM3\ARM_GCC_541\Debug\CamaraClimatica.a(UART_1.o)
                0x1fff823a                UART_1_initVar
 .bss           0x1fff823c        0x1 .\CortexM3\ARM_GCC_541\Debug\CamaraClimatica.a(Timer.o)
                0x1fff823c                Timer_initVar
 *fill*         0x1fff823d        0x3 
 .bss           0x1fff8240       0x10 .\CortexM3\ARM_GCC_541\Debug\CamaraClimatica.a(ADC_SAR.o)
                0x1fff824c                ADC_SAR_initVar
 .bss           0x1fff8250        0x1 .\CortexM3\ARM_GCC_541\Debug\CamaraClimatica.a(I2C.o)
                0x1fff8250                I2C_initVar
 .bss           0x1fff8251        0x1 .\CortexM3\ARM_GCC_541\Debug\CamaraClimatica.a(Timer2.o)
                0x1fff8251                Timer2_initVar
 .bss           0x1fff8252        0x1 .\CortexM3\ARM_GCC_541\Debug\CamaraClimatica.a(IDAC.o)
                0x1fff8252                IDAC_initVar
 .bss           0x1fff8253        0x1 .\CortexM3\ARM_GCC_541\Debug\CamaraClimatica.a(ADC_SAR_SAR.o)
                0x1fff8253                ADC_SAR_SAR_initVar
 .bss           0x1fff8254        0x8 .\CortexM3\ARM_GCC_541\Debug\CamaraClimatica.a(CySpc.o)
                0x1fff8254                SpcLockState
 .bss.__malloc_sbrk_start
                0x1fff825c        0x4 c:/program files (x86)/cypress/psoc creator/4.3/psoc creator/import/gnu/arm/5.4.1/bin/../lib/gcc/arm-none-eabi/5.4.1/../../../../arm-none-eabi/lib/armv7-m\libg_nano.a(lib_a-nano-mallocr.o)
                0x1fff825c                __malloc_sbrk_start
 .bss.__malloc_free_list
                0x1fff8260        0x4 c:/program files (x86)/cypress/psoc creator/4.3/psoc creator/import/gnu/arm/5.4.1/bin/../lib/gcc/arm-none-eabi/5.4.1/../../../../arm-none-eabi/lib/armv7-m\libg_nano.a(lib_a-nano-mallocr.o)
                0x1fff8260                __malloc_free_list
 *(COMMON)
 COMMON         0x1fff8264      0x9c4 .\CortexM3\ARM_GCC_541\Debug\main.o
                0x1fff8264                HorasActual
                0x1fff8268                promedioT2
                0x1fff83d0                Minutos
                0x1fff83d2                tEnvioUSB
                0x1fff83d4                Finalizo
                0x1fff83d8                Tpulsomin2
                0x1fff83dc                GananciaR
                0x1fff83e0                tmp
                0x1fff83e4                GananciaIn
                0x1fff83e8                presmV
                0x1fff83ea                conteoPregunta
                0x1fff83ec                mensaje
                0x1fff83ee                flag_clear2
                0x1fff83f0                Pausa
                0x1fff83f2                decTemphf
                0x1fff83f4                Opcion2
                0x1fff83f5                pwm1
                0x1fff83f6                estadoCR1
                0x1fff83f8                SetpointHAnt
                0x1fff83fa                envioUSB
                0x1fff83fc                Succion
                0x1fff83fe                Dato2
                0x1fff83ff                T1Humedad
                0x1fff8400                Minuto
                0x1fff8401                pwm2
                0x1fff8402                flagButton2
                0x1fff8404                Aumento
                0x1fff8408                Control
                0x1fff840a                n
                0x1fff840b                Dato_Exitoso
                0x1fff840c                MediaMovil2
                0x1fff840d                MenuAnt
                0x1fff840e                EstadoPaso
                0x1fff8410                Segmento
                0x1fff8411                Dato3
                0x1fff8412                Segmentos
                0x1fff8413                Ajusten2
                0x1fff8414                TpulsoMax2
                0x1fff8418                f
                0x1fff841c                Rx_Buffer3
                0x1fff8428                flagBorrado
                0x1fff842a                imprime
                0x1fff842c                tiempoup
                0x1fff842e                PantallaPrincipal
                0x1fff8430                Temperature
                0x1fff8434                Test
                0x1fff8436                flagup
                0x1fff8438                humidificador
                0x1fff843c                output
                0x1fff8440                entero
                0x1fff8442                adcReading
                0x1fff8444                dehumidificador
                0x1fff8448                vacio
                0x1fff844c                hEstp
                0x1fff8450                tcColdJnuVolt
                0x1fff8454                ctr
                0x1fff8458                Setpoint
                0x1fff845c                Temperatura
                0x1fff8460                dibujo
                0x1fff8464                displayStr
                0x1fff84c8                pwmPeltier
                0x1fff84cc                Enfria
                0x1fff84ce                Lectura
                0x1fff84d0                Derivativo
                0x1fff84d1                Dato_Exitoso2
                0x1fff84d2                TiempoControl
                0x1fff84d4                entro
                0x1fff84d6                inicioControlT
                0x1fff84d8                tcHotJnuVolt
                0x1fff84dc                tcTemp
                0x1fff84e0                tiempos
                0x1fff84e2                tiemporeset
                0x1fff84e4                Temperature2
                0x1fff84e8                x100
                0x1fff84ea                tiempos3
                0x1fff84ec                tcuVolt
                0x1fff84f0                filt
                0x1fff84f4                valor
                0x1fff84f8                dow
                0x1fff84fc                DifPendiente
                0x1fff8500                l
                0x1fff8501                k
                0x1fff8502                pulsoAumentar
                0x1fff8504                V1
                0x1fff8508                Prom
                0x1fff850c                flagControlH
                0x1fff850e                estadoSSR
                0x1fff8510                flagTemperatura
                0x1fff8512                Inicio
                0x1fff8514                Potencia
                0x1fff8518                promedio2
                0x1fff8568                tinicio
                0x1fff856c                Pendiente
                0x1fff8570                flagVacio
                0x1fff8572                SetpointH
                0x1fff8574                tGrafica
                0x1fff8578                l2
                0x1fff8579                Ajusten
                0x1fff857a                CicloLibre
                0x1fff857b                MenuAntt2
                0x1fff857c                TpulsoMax
                0x1fff8580                Altitude
                0x1fff8584                flagusb